<html>
<body>
<pre>
<h1>礦ision Build Log</h1>
<h2>Tool Versions:</h2>
IDE-Version: μVision V5.25.2.0
Copyright (C) 2018 ARM Ltd and ARM Germany GmbH. All rights reserved.
License Information: Junchao Chen, RuiGY, LIC=NHY8T-R7V17-9XGUW-Q0V0C-5PI14-FJZSU
 
Tool Versions:
Toolchain:       MDK-ARM Professional  Version: 5.25.2.0
Toolchain Path:  D:\Keil_v5\ARM\ARMCC\Bin
C Compiler:      Armcc.exe V5.06 update 6 (build 750)
Assembler:       Armasm.exe V5.06 update 6 (build 750)
Linker/Locator:  ArmLink.exe V5.06 update 6 (build 750)
Library Manager: ArmAr.exe V5.06 update 6 (build 750)
Hex Converter:   FromElf.exe V5.06 update 6 (build 750)
CPU DLL:         SARMCM3.DLL V5.25.2.0
Dialog DLL:      DCM.DLL V1.17.1.0
Target DLL:      Segger\JL2CM3.dll V2.99.20.0
Dialog DLL:      TCM.DLL V1.35.1.0
 
<h2>Project:</h2>
D:\电子设计工程\FreeRTOS\stm32f103c8_withtrace\Keil\raw_freertos10.uvproj
Project File Date:  03/10/2019

<h2>Output:</h2>
*** Using Compiler 'V5.06 update 6 (build 750)', folder: 'D:\Keil_v5\ARM\ARMCC\Bin'
Rebuild target 'PROJECT'
compiling globals.c...
compiling main.c...
..\APP\main.c(95): warning:  #111-D: statement is unreachable
      return 0;
..\APP\main.c: 1 warning, 0 errors
compiling app_tsks.c...
..\APP\app_tsks.c(57): warning:  #111-D: statement is unreachable
      vPortFree(cmd);
..\APP\app_tsks.c(94): warning:  #111-D: statement is unreachable
      vTaskDelete(NULL);
..\APP\app_tsks.c(158): warning:  #111-D: statement is unreachable
      vPortFree(key_val_buffer_pt);
..\APP\app_tsks.c(207): warning:  #111-D: statement is unreachable
      vTaskDelete(NULL);
..\APP\app_tsks.c(230): warning:  #111-D: statement is unreachable
      vTaskDelete(NULL);
..\APP\app_tsks.c(255): warning:  #111-D: statement is unreachable
      vTaskDelete(NULL);    
..\APP\app_tsks.c(284): warning:  #111-D: statement is unreachable
      vTaskDelete(NULL);    
..\APP\app_tsks.c(295): warning:  #111-D: statement is unreachable
      vTaskDelete(NULL);    
..\APP\app_tsks.c(314): warning:  #111-D: statement is unreachable
      vTaskDelete(NULL);
..\APP\app_tsks.c(331): warning:  #111-D: statement is unreachable
      vTaskDelete(NULL);    
..\APP\app_tsks.c: 10 warnings, 0 errors
compiling cmd_server.c...
compiling core_cm3.c...
assembling startup_stm32f10x_cl.s...
compiling stm32f10x_it.c...
compiling croutine.c...
compiling event_groups.c...
compiling list.c...
compiling system_stm32f10x.c...
compiling stream_buffer.c...
compiling queue.c...
compiling tasks.c...
compiling timers.c...
compiling port.c...
compiling heap_4.c...
compiling misc.c...
compiling stm32f10x_crc.c...
compiling stm32f10x_dma.c...
compiling stm32f10x_exti.c...
compiling stm32f10x_gpio.c...
compiling stm32f10x_flash.c...
compiling stm32f10x_iwdg.c...
compiling stm32f10x_i2c.c...
compiling stm32f10x_spi.c...
compiling stm32f10x_usart.c...
compiling stm32f10x_tim.c...
compiling stm32f10x_rcc.c...
compiling usart.c...
compiling spi.c...
compiling timer.c...
compiling flash.c...
compiling w5500interface.c...
compiling freemodbus_interface.c...
..\BSP\modbus\freemodbus_interface.c(56): warning:  #186-D: pointless comparison of unsigned integer with zero
      if( ( usAddress >= REG_INPUT_START ) && ( usAddress + usNRegs <= REG_INPUT_START + REG_INPUT_NREGS ) )
..\BSP\modbus\freemodbus_interface.c(89): warning:  #186-D: pointless comparison of unsigned integer with zero
      if( ( usAddress >= REG_HOLD_START ) && ( usAddress + usNRegs <= REG_HOLD_START + REG_HOLD_NREGS ) ){
..\BSP\modbus\freemodbus_interface.c: 2 warnings, 0 errors
compiling dht11_driver.c...
compiling i2c.c...
compiling esp_interface.c...
compiling sx1276-Hal.c...
compiling sx1276-LoRaMisc.c...
compiling sx1276.c...
compiling sx1276-LoRa.c...
compiling trcKernelPort.c...
compiling SEGGER_RTT.c...
compiling trcStreamingRecorder.c...
compiling trcSnapshotRecorder.c...
compiling trcStreamingPort.c...
compiling socket.c...
compiling w5500.c...
compiling dhcp.c...
compiling dns.c...
compiling wizchip_conf.c...
compiling MQTTConnectClient.c...
compiling MQTTConnectServer.c...
compiling MQTTDeserializePublish.c...
compiling MQTTFormat.c...
compiling MQTTSerializePublish.c...
compiling MQTTPacket.c...
compiling MQTTSubscribeClient.c...
compiling MQTTSubscribeServer.c...
compiling MQTTUnsubscribeClient.c...
compiling MQTTUnsubscribeServer.c...
compiling mb.c...
compiling mbtcp.c...
compiling transport.c...
compiling mbfuncdiag.c...
compiling mbfunccoils.c...
compiling mbfuncdisc.c...
compiling mbfuncholding.c...
compiling mbfuncinput.c...
compiling mbfuncother.c...
compiling mbutils.c...
compiling mbascii.c...
compiling mbcrc.c...
compiling mbrtu.c...
..\modbus\rtu\mbrtu.c(152): warning:  #550-D: variable "xFrameReceived"  was set but never used
      BOOL            xFrameReceived = FALSE;
..\modbus\rtu\mbrtu.c: 1 warning, 0 errors
compiling porttimer.c...
..\modbus\port\porttimer.c(69): warning:  #177-D: function "prvvTIMERExpiredISR"  was declared but never referenced
  static void prvvTIMERExpiredISR( void )
..\modbus\port\porttimer.c: 1 warning, 0 errors
compiling portevent.c...
compiling portserial.c...
..\modbus\port\portserial.c(104): warning:  #177-D: function "prvvUARTTxReadyISR"  was declared but never referenced
  static void prvvUARTTxReadyISR( void )
..\modbus\port\portserial.c(114): warning:  #177-D: function "prvvUARTRxISR"  was declared but never referenced
  static void prvvUARTRxISR( void )
..\modbus\port\portserial.c: 2 warnings, 0 errors
compiling cJSON.c...
..\CJASON\cJSON.c(66): warning:  #1293-D: assignment in condition
        if (!(copy = (char*)cJSON_malloc(len))) return 0;
..\CJASON\cJSON.c(231): warning:  #1293-D: assignment in condition
  	ptr=str;while ((token=*ptr) && ++len) {if (strchr("\"\\\b\f\n\r\t",token)) len++; else if (token<32) len+=5;ptr++;}
..\CJASON\cJSON.c(348): warning:  #1293-D: assignment in condition
  		if (!(new_item=cJSON_New_Item())) return 0; 	/* memory fail */
..\CJASON\cJSON.c(438): warning:  #1293-D: assignment in condition
  		if (!(new_item=cJSON_New_Item()))	return 0; /* memory fail */
..\CJASON\cJSON.c: 4 warnings, 0 errors
linking...
Program Size: Code=34832 RO-data=544 RW-data=876 ZI-data=19324  
FromELF: creating hex file...
".\Objects\raw_freertos10.axf" - 0 Error(s), 21 Warning(s).
Build Time Elapsed:  00:00:22
</pre>
</body>
</html>
