Component: ARM Compiler 5.06 update 6 (build 750) Tool: armlink [4d35ed]

==============================================================================

Section Cross References

    app_tsks.o(i.LED_D1_Task) refers to usart.o(i.Uart1SendStr) for Uart1SendStr
    app_tsks.o(i.LED_D1_Task) refers to stm32f10x_gpio.o(i.GPIO_SetBits) for GPIO_SetBits
    app_tsks.o(i.LED_D1_Task) refers to tasks.o(i.vTaskDelay) for vTaskDelay
    app_tsks.o(i.LED_D1_Task) refers to stm32f10x_gpio.o(i.GPIO_ResetBits) for GPIO_ResetBits
    app_tsks.o(i.LED_D2_toggle) refers to stm32f10x_gpio.o(i.GPIO_ResetBits) for GPIO_ResetBits
    app_tsks.o(i.LED_D2_toggle) refers to stm32f10x_gpio.o(i.GPIO_SetBits) for GPIO_SetBits
    app_tsks.o(i.LED_D2_toggle) refers to app_tsks.o(.data) for .data
    app_tsks.o(i.LED_Init) refers to stm32f10x_rcc.o(i.RCC_APB2PeriphClockCmd) for RCC_APB2PeriphClockCmd
    app_tsks.o(i.LED_Init) refers to stm32f10x_gpio.o(i.GPIO_Init) for GPIO_Init
    app_tsks.o(i.LED_Init) refers to stm32f10x_gpio.o(i.GPIO_ResetBits) for GPIO_ResetBits
    app_tsks.o(i.LED_Init) refers to stm32f10x_gpio.o(i.GPIO_SetBits) for GPIO_SetBits
    app_tsks.o(i.Uart1_print_back_Task) refers to tasks.o(i.xTaskGetCurrentTaskHandle) for xTaskGetCurrentTaskHandle
    app_tsks.o(i.Uart1_print_back_Task) refers to tasks.o(i.ulTaskNotifyTake) for ulTaskNotifyTake
    app_tsks.o(i.Uart1_print_back_Task) refers to usart.o(i.uart1_printf) for uart1_printf
    app_tsks.o(i.Uart1_print_back_Task) refers to tasks.o(i.xTaskGenericNotify) for xTaskGenericNotify
    app_tsks.o(i.Uart1_print_back_Task) refers to usart.o(i.Uart1SendStr) for Uart1SendStr
    app_tsks.o(i.Uart1_print_back_Task) refers to usart.o(.data) for uart1print_tskhandler
    app_tsks.o(i.Uart1_print_back_Task) refers to usart.o(.bss) for Msgget
    app_tsks.o(i.cmd_analysis_Task) refers to _scanf_int.o(.text) for _scanf_int
    app_tsks.o(i.cmd_analysis_Task) refers to _scanf_str.o(.text) for _scanf_string
    app_tsks.o(i.cmd_analysis_Task) refers to heap_4.o(i.pvPortMalloc) for pvPortMalloc
    app_tsks.o(i.cmd_analysis_Task) refers to tasks.o(i.ulTaskNotifyTake) for ulTaskNotifyTake
    app_tsks.o(i.cmd_analysis_Task) refers to __0sscanf.o(.text) for __0sscanf
    app_tsks.o(i.cmd_analysis_Task) refers to strstr.o(.text) for strstr
    app_tsks.o(i.cmd_analysis_Task) refers to strcpy.o(.text) for strcpy
    app_tsks.o(i.cmd_analysis_Task) refers to usart.o(i.uart1_printf) for uart1_printf
    app_tsks.o(i.cmd_analysis_Task) refers to tasks.o(i.vTaskDelete) for vTaskDelete
    app_tsks.o(i.cmd_analysis_Task) refers to timer.o(i.Timer3_pwm_Deinit) for Timer3_pwm_Deinit
    app_tsks.o(i.cmd_analysis_Task) refers to usart.o(i.Uart1SendStr) for Uart1SendStr
    app_tsks.o(i.cmd_analysis_Task) refers to tasks.o(i.xTaskCreate) for xTaskCreate
    app_tsks.o(i.cmd_analysis_Task) refers to tasks.o(i.xTaskGenericNotify) for xTaskGenericNotify
    app_tsks.o(i.cmd_analysis_Task) refers to memseta.o(.text) for __aeabi_memclr
    app_tsks.o(i.cmd_analysis_Task) refers to app_tsks.o(.bss) for .bss
    app_tsks.o(i.cmd_analysis_Task) refers to app_tsks.o(.data) for .data
    app_tsks.o(i.cmd_analysis_Task) refers to usart.o(.bss) for Msgget
    app_tsks.o(i.cmd_analysis_Task) refers to app_tsks.o(i.irda_learning_Task) for irda_learning_Task
    app_tsks.o(i.cmd_analysis_Task) refers to app_tsks.o(i.irda_sending_Task) for irda_sending_Task
    app_tsks.o(i.cmd_analysis_Task) refers to app_tsks.o(i.steeringCtl_Task) for steeringCtl_Task
    app_tsks.o(i.code_sending) refers to flash.o(i.Flash_ReadHalfWord) for Flash_ReadHalfWord
    app_tsks.o(i.code_sending) refers to stm32f10x_gpio.o(i.GPIO_ResetBits) for GPIO_ResetBits
    app_tsks.o(i.code_sending) refers to timer.o(i.Timer3_pwm_off) for Timer3_pwm_off
    app_tsks.o(i.code_sending) refers to stm32f10x_gpio.o(i.GPIO_SetBits) for GPIO_SetBits
    app_tsks.o(i.code_sending) refers to timer.o(i.Timer3_pwm_on) for Timer3_pwm_on
    app_tsks.o(i.code_sending) refers to timer.o(i.TIM2_delay_us) for TIM2_delay_us
    app_tsks.o(i.code_sending_fix) refers to timer.o(i.Timer3_pwm_off) for Timer3_pwm_off
    app_tsks.o(i.irda_learning_Task) refers to usart.o(i.Uart1SendStr) for Uart1SendStr
    app_tsks.o(i.irda_learning_Task) refers to tasks.o(i.ulTaskNotifyTake) for ulTaskNotifyTake
    app_tsks.o(i.irda_learning_Task) refers to memseta.o(.text) for __aeabi_memclr4
    app_tsks.o(i.irda_learning_Task) refers to heap_4.o(i.pvPortMalloc) for pvPortMalloc
    app_tsks.o(i.irda_learning_Task) refers to flash.o(i.Flash_ReadHalfWord) for Flash_ReadHalfWord
    app_tsks.o(i.irda_learning_Task) refers to memcpya.o(.text) for __aeabi_memcpy
    app_tsks.o(i.irda_learning_Task) refers to flash.o(i.Flash_ErasePage) for Flash_ErasePage
    app_tsks.o(i.irda_learning_Task) refers to flash.o(i.Flash_WriteHalfWord) for Flash_WriteHalfWord
    app_tsks.o(i.irda_learning_Task) refers to stm32f10x_tim.o(i.TIM_ITConfig) for TIM_ITConfig
[...]
    sx1276-loramisc.o(i.SX1276LoRaSetPacketCrcOn) refers to sx1276-hal.o(i.SX1276Read) for SX1276Read
    sx1276-loramisc.o(i.SX1276LoRaSetPacketCrcOn) refers to sx1276-hal.o(i.SX1276Write) for SX1276Write
    sx1276-loramisc.o(i.SX1276LoRaSetPayloadLength) refers to sx1276-hal.o(i.SX1276Write) for SX1276Write
    sx1276-loramisc.o(i.SX1276LoRaSetPreambleLength) refers to sx1276-hal.o(i.SX1276ReadBuffer) for SX1276ReadBuffer
    sx1276-loramisc.o(i.SX1276LoRaSetPreambleLength) refers to sx1276-hal.o(i.SX1276WriteBuffer) for SX1276WriteBuffer
    sx1276-loramisc.o(i.SX1276LoRaSetRFFrequency) refers to dfltui.o(.text) for __aeabi_ui2d
    sx1276-loramisc.o(i.SX1276LoRaSetRFFrequency) refers to ddiv.o(.text) for __aeabi_ddiv
    sx1276-loramisc.o(i.SX1276LoRaSetRFFrequency) refers to dfixui.o(.text) for __aeabi_d2uiz
    sx1276-loramisc.o(i.SX1276LoRaSetRFFrequency) refers to sx1276-hal.o(i.SX1276WriteBuffer) for SX1276WriteBuffer
    sx1276-loramisc.o(i.SX1276LoRaSetRFPower) refers to sx1276-hal.o(i.SX1276Read) for SX1276Read
    sx1276-loramisc.o(i.SX1276LoRaSetRFPower) refers to sx1276-hal.o(i.SX1276Write) for SX1276Write
    sx1276-loramisc.o(i.SX1276LoRaSetSignalBandwidth) refers to sx1276-hal.o(i.SX1276Read) for SX1276Read
    sx1276-loramisc.o(i.SX1276LoRaSetSignalBandwidth) refers to sx1276-hal.o(i.SX1276Write) for SX1276Write
    sx1276-loramisc.o(i.SX1276LoRaSetSpreadingFactor) refers to sx1276-loramisc.o(i.SX1276LoRaSetNbTrigPeaks) for SX1276LoRaSetNbTrigPeaks
    sx1276-loramisc.o(i.SX1276LoRaSetSpreadingFactor) refers to sx1276-hal.o(i.SX1276Read) for SX1276Read
    sx1276-loramisc.o(i.SX1276LoRaSetSpreadingFactor) refers to sx1276-hal.o(i.SX1276Write) for SX1276Write
    sx1276-loramisc.o(i.SX1276LoRaSetSymbTimeout) refers to sx1276-hal.o(i.SX1276ReadBuffer) for SX1276ReadBuffer
    sx1276-loramisc.o(i.SX1276LoRaSetSymbTimeout) refers to sx1276-hal.o(i.SX1276WriteBuffer) for SX1276WriteBuffer
    sx1276.o(i.SX1276Init) refers to sx1276-lora.o(i.SX1276DeviceInit) for SX1276DeviceInit
    sx1276.o(i.SX1276Init) refers to sx1276-hal.o(i.SX1276InitIo) for SX1276InitIo
    sx1276.o(i.SX1276Init) refers to sx1276-lora.o(i.SX1276LoRaReset) for SX1276LoRaReset
    sx1276.o(i.SX1276Init) refers to sx1276-hal.o(i.SX1276Read) for SX1276Read
    sx1276.o(i.SX1276Init) refers to sx1276.o(i.SX1276SetLoRaOn) for SX1276SetLoRaOn
    sx1276.o(i.SX1276Init) refers to sx1276-lora.o(i.SX1276LoRaInit) for SX1276LoRaInit
    sx1276.o(i.SX1276Reset) refers to sx1276-lora.o(i.SX1276LoRaReset) for SX1276LoRaReset
    sx1276.o(i.SX1276SetLoRaOn) refers to sx1276-lora.o(i.SX1276LoRaSetOpMode) for SX1276LoRaSetOpMode
    sx1276.o(i.SX1276SetLoRaOn) refers to sx1276-hal.o(i.SX1276Write) for SX1276Write
    sx1276.o(i.SX1276SetLoRaOn) refers to sx1276-hal.o(i.SX1276WriteBuffer) for SX1276WriteBuffer
    sx1276.o(i.SX1276SetLoRaOn) refers to sx1276-hal.o(i.SX1276ReadBuffer) for SX1276ReadBuffer
    segger_rtt.o(i.SEGGER_RTT_AllocDownBuffer) refers to segger_rtt.o(i._DoInit) for _DoInit
    segger_rtt.o(i.SEGGER_RTT_AllocDownBuffer) refers to segger_rtt.o(.bss) for .bss
    segger_rtt.o(i.SEGGER_RTT_AllocUpBuffer) refers to segger_rtt.o(i._DoInit) for _DoInit
    segger_rtt.o(i.SEGGER_RTT_AllocUpBuffer) refers to segger_rtt.o(.bss) for .bss
    segger_rtt.o(i.SEGGER_RTT_ConfigDownBuffer) refers to segger_rtt.o(i._DoInit) for _DoInit
    segger_rtt.o(i.SEGGER_RTT_ConfigDownBuffer) refers to segger_rtt.o(.bss) for .bss
    segger_rtt.o(i.SEGGER_RTT_ConfigUpBuffer) refers to segger_rtt.o(i._DoInit) for _DoInit
    segger_rtt.o(i.SEGGER_RTT_ConfigUpBuffer) refers to segger_rtt.o(.bss) for .bss
    segger_rtt.o(i.SEGGER_RTT_GetKey) refers to segger_rtt.o(i.SEGGER_RTT_Read) for SEGGER_RTT_Read
    segger_rtt.o(i.SEGGER_RTT_HasData) refers to segger_rtt.o(.bss) for .bss
    segger_rtt.o(i.SEGGER_RTT_HasKey) refers to segger_rtt.o(i._DoInit) for _DoInit
    segger_rtt.o(i.SEGGER_RTT_HasKey) refers to segger_rtt.o(.bss) for .bss
    segger_rtt.o(i.SEGGER_RTT_Init) refers to segger_rtt.o(i._DoInit) for _DoInit
    segger_rtt.o(i.SEGGER_RTT_Read) refers to segger_rtt.o(i.SEGGER_RTT_ReadNoLock) for SEGGER_RTT_ReadNoLock
    segger_rtt.o(i.SEGGER_RTT_ReadNoLock) refers to segger_rtt.o(i._DoInit) for _DoInit
    segger_rtt.o(i.SEGGER_RTT_ReadNoLock) refers to memcpya.o(.text) for __aeabi_memcpy
    segger_rtt.o(i.SEGGER_RTT_ReadNoLock) refers to segger_rtt.o(.bss) for .bss
    segger_rtt.o(i.SEGGER_RTT_SetFlagsDownBuffer) refers to segger_rtt.o(i._DoInit) for _DoInit
    segger_rtt.o(i.SEGGER_RTT_SetFlagsDownBuffer) refers to segger_rtt.o(.bss) for .bss
    segger_rtt.o(i.SEGGER_RTT_SetFlagsUpBuffer) refers to segger_rtt.o(i._DoInit) for _DoInit
    segger_rtt.o(i.SEGGER_RTT_SetFlagsUpBuffer) refers to segger_rtt.o(.bss) for .bss
    segger_rtt.o(i.SEGGER_RTT_SetNameDownBuffer) refers to segger_rtt.o(i._DoInit) for _DoInit
    segger_rtt.o(i.SEGGER_RTT_SetNameDownBuffer) refers to segger_rtt.o(.bss) for .bss
    segger_rtt.o(i.SEGGER_RTT_SetNameUpBuffer) refers to segger_rtt.o(i._DoInit) for _DoInit
    segger_rtt.o(i.SEGGER_RTT_SetNameUpBuffer) refers to segger_rtt.o(.bss) for .bss
    segger_rtt.o(i.SEGGER_RTT_SetTerminal) refers to segger_rtt.o(i._DoInit) for _DoInit
    segger_rtt.o(i.SEGGER_RTT_SetTerminal) refers to segger_rtt.o(i._GetAvailWriteSpace) for _GetAvailWriteSpace
    segger_rtt.o(i.SEGGER_RTT_SetTerminal) refers to segger_rtt.o(i._WriteNoCheck) for _WriteNoCheck
    segger_rtt.o(i.SEGGER_RTT_SetTerminal) refers to segger_rtt.o(i._WriteBlocking) for _WriteBlocking
    segger_rtt.o(i.SEGGER_RTT_SetTerminal) refers to segger_rtt.o(.bss) for .bss
    segger_rtt.o(i.SEGGER_RTT_SetTerminal) refers to segger_rtt.o(.data) for .data
    segger_rtt.o(i.SEGGER_RTT_TerminalOut) refers to segger_rtt.o(i._DoInit) for _DoInit
    segger_rtt.o(i.SEGGER_RTT_TerminalOut) refers to strlen.o(.text) for strlen
    segger_rtt.o(i.SEGGER_RTT_TerminalOut) refers to segger_rtt.o(i._GetAvailWriteSpace) for _GetAvailWriteSpace
    segger_rtt.o(i.SEGGER_RTT_TerminalOut) refers to segger_rtt.o(i._PostTerminalSwitch) for _PostTerminalSwitch
    segger_rtt.o(i.SEGGER_RTT_TerminalOut) refers to segger_rtt.o(i._WriteBlocking) for _WriteBlocking
    segger_rtt.o(i.SEGGER_RTT_TerminalOut) refers to segger_rtt.o(.bss) for .bss
    segger_rtt.o(i.SEGGER_RTT_TerminalOut) refers to segger_rtt.o(.data) for .data
    segger_rtt.o(i.SEGGER_RTT_WaitKey) refers to segger_rtt.o(i.SEGGER_RTT_GetKey) for SEGGER_RTT_GetKey
    segger_rtt.o(i.SEGGER_RTT_Write) refers to segger_rtt.o(i._DoInit) for _DoInit
    segger_rtt.o(i.SEGGER_RTT_Write) refers to segger_rtt.o(i.SEGGER_RTT_WriteNoLock) for SEGGER_RTT_WriteNoLock
    segger_rtt.o(i.SEGGER_RTT_Write) refers to segger_rtt.o(.bss) for .bss
    segger_rtt.o(i.SEGGER_RTT_WriteNoLock) refers to segger_rtt.o(i._GetAvailWriteSpace) for _GetAvailWriteSpace
    segger_rtt.o(i.SEGGER_RTT_WriteNoLock) refers to segger_rtt.o(i._WriteNoCheck) for _WriteNoCheck
    segger_rtt.o(i.SEGGER_RTT_WriteNoLock) refers to segger_rtt.o(i._WriteBlocking) for _WriteBlocking
    segger_rtt.o(i.SEGGER_RTT_WriteNoLock) refers to segger_rtt.o(.bss) for .bss
    segger_rtt.o(i.SEGGER_RTT_WriteSkipNoLock) refers to memcpya.o(.text) for __aeabi_memcpy
    segger_rtt.o(i.SEGGER_RTT_WriteSkipNoLock) refers to segger_rtt.o(.bss) for .bss
    segger_rtt.o(i.SEGGER_RTT_WriteString) refers to strlen.o(.text) for strlen
    segger_rtt.o(i.SEGGER_RTT_WriteString) refers to segger_rtt.o(i.SEGGER_RTT_Write) for SEGGER_RTT_Write
    segger_rtt.o(i.SEGGER_RTT_WriteWithOverwriteNoLock) refers to memcpya.o(.text) for __aeabi_memcpy
    segger_rtt.o(i.SEGGER_RTT_WriteWithOverwriteNoLock) refers to segger_rtt.o(.bss) for .bss
    segger_rtt.o(i._DoInit) refers to strcpy.o(.text) for strcpy
    segger_rtt.o(i._DoInit) refers to segger_rtt.o(.bss) for .bss
    segger_rtt.o(i._PostTerminalSwitch) refers to segger_rtt.o(i._WriteBlocking) for _WriteBlocking
    segger_rtt.o(i._PostTerminalSwitch) refers to segger_rtt.o(.data) for .data
    segger_rtt.o(i._WriteBlocking) refers to memcpya.o(.text) for __aeabi_memcpy
    segger_rtt.o(i._WriteNoCheck) refers to memcpya.o(.text) for __aeabi_memcpy
    wizchip_conf.o(i.ctlnetwork) refers to wizchip_conf.o(i.wizchip_setnetinfo) for wizchip_setnetinfo
    wizchip_conf.o(i.ctlnetwork) refers to wizchip_conf.o(i.wizchip_getnetinfo) for wizchip_getnetinfo
    wizchip_conf.o(i.ctlnetwork) refers to wizchip_conf.o(i.wizchip_setnetmode) for wizchip_setnetmode
    wizchip_conf.o(i.ctlnetwork) refers to wizchip_conf.o(i.wizchip_getnetmode) for wizchip_getnetmode
    wizchip_conf.o(i.ctlnetwork) refers to wizchip_conf.o(i.wizchip_settimeout) for wizchip_settimeout
    wizchip_conf.o(i.ctlnetwork) refers to wizchip_conf.o(i.wizchip_gettimeout) for wizchip_gettimeout
    wizchip_conf.o(i.ctlwizchip) refers to wizchip_conf.o(i.wizchip_sw_reset) for wizchip_sw_reset
    wizchip_conf.o(i.ctlwizchip) refers to wizchip_conf.o(i.wizchip_init) for wizchip_init
    wizchip_conf.o(i.ctlwizchip) refers to wizchip_conf.o(i.wizchip_clrinterrupt) for wizchip_clrinterrupt
    wizchip_conf.o(i.ctlwizchip) refers to wizchip_conf.o(i.wizchip_getinterrupt) for wizchip_getinterrupt
    wizchip_conf.o(i.ctlwizchip) refers to wizchip_conf.o(i.wizchip_setinterruptmask) for wizchip_setinterruptmask
    wizchip_conf.o(i.ctlwizchip) refers to wizchip_conf.o(i.wizchip_getinterruptmask) for wizchip_getinterruptmask
    wizchip_conf.o(i.ctlwizchip) refers to w5500.o(i.WIZCHIP_WRITE) for WIZCHIP_WRITE
    wizchip_conf.o(i.ctlwizchip) refers to w5500.o(i.WIZCHIP_READ) for WIZCHIP_READ
    wizchip_conf.o(i.ctlwizchip) refers to wizchip_conf.o(i.wizphy_reset) for wizphy_reset
    wizchip_conf.o(i.ctlwizchip) refers to wizchip_conf.o(i.wizphy_setphyconf) for wizphy_setphyconf
    wizchip_conf.o(i.ctlwizchip) refers to wizchip_conf.o(i.wizphy_getphyconf) for wizphy_getphyconf
    wizchip_conf.o(i.ctlwizchip) refers to wizchip_conf.o(i.wizphy_setphypmode) for wizphy_setphypmode
    wizchip_conf.o(i.ctlwizchip) refers to wizchip_conf.o(i.wizphy_getphypmode) for wizphy_getphypmode
    wizchip_conf.o(i.ctlwizchip) refers to wizchip_conf.o(i.wizphy_getphylink) for wizphy_getphylink
    wizchip_conf.o(i.ctlwizchip) refers to wizchip_conf.o(.data) for .data
    wizchip_conf.o(i.reg_wizchip_bus_cbfunc) refers to wizchip_conf.o(.data) for .data
    wizchip_conf.o(i.reg_wizchip_bus_cbfunc) refers to wizchip_conf.o(i.wizchip_bus_readdata) for wizchip_bus_readdata
    wizchip_conf.o(i.reg_wizchip_bus_cbfunc) refers to wizchip_conf.o(i.wizchip_bus_writedata) for wizchip_bus_writedata
    wizchip_conf.o(i.reg_wizchip_cris_cbfunc) refers to wizchip_conf.o(.data) for .data
    wizchip_conf.o(i.reg_wizchip_cris_cbfunc) refers to wizchip_conf.o(i.wizchip_cris_enter) for wizchip_cris_enter
    wizchip_conf.o(i.reg_wizchip_cris_cbfunc) refers to wizchip_conf.o(i.wizchip_cris_exit) for wizchip_cris_exit
    wizchip_conf.o(i.reg_wizchip_cs_cbfunc) refers to wizchip_conf.o(.data) for .data
    wizchip_conf.o(i.reg_wizchip_cs_cbfunc) refers to wizchip_conf.o(i.wizchip_cs_select) for wizchip_cs_select
    wizchip_conf.o(i.reg_wizchip_cs_cbfunc) refers to wizchip_conf.o(i.wizchip_cs_deselect) for wizchip_cs_deselect
    wizchip_conf.o(i.reg_wizchip_spi_cbfunc) refers to wizchip_conf.o(.data) for .data
    wizchip_conf.o(i.reg_wizchip_spi_cbfunc) refers to wizchip_conf.o(i.wizchip_spi_readbyte) for wizchip_spi_readbyte
    wizchip_conf.o(i.reg_wizchip_spi_cbfunc) refers to wizchip_conf.o(i.wizchip_spi_writebyte) for wizchip_spi_writebyte
    wizchip_conf.o(i.reg_wizchip_spiburst_cbfunc) refers to wizchip_conf.o(.data) for .data
    wizchip_conf.o(i.reg_wizchip_spiburst_cbfunc) refers to wizchip_conf.o(i.wizchip_spi_readburst) for wizchip_spi_readburst
    wizchip_conf.o(i.reg_wizchip_spiburst_cbfunc) refers to wizchip_conf.o(i.wizchip_spi_writeburst) for wizchip_spi_writeburst
    wizchip_conf.o(i.wizchip_clrinterrupt) refers to w5500.o(i.WIZCHIP_WRITE) for WIZCHIP_WRITE
    wizchip_conf.o(i.wizchip_getinterrupt) refers to w5500.o(i.WIZCHIP_READ) for WIZCHIP_READ
    wizchip_conf.o(i.wizchip_getinterruptmask) refers to w5500.o(i.WIZCHIP_READ) for WIZCHIP_READ
    wizchip_conf.o(i.wizchip_getnetinfo) refers to w5500.o(i.WIZCHIP_READ_BUF) for WIZCHIP_READ_BUF
    wizchip_conf.o(i.wizchip_getnetinfo) refers to wizchip_conf.o(.data) for .data
    wizchip_conf.o(i.wizchip_getnetmode) refers to w5500.o(i.WIZCHIP_READ) for WIZCHIP_READ
    wizchip_conf.o(i.wizchip_gettimeout) refers to w5500.o(i.WIZCHIP_READ) for WIZCHIP_READ
    wizchip_conf.o(i.wizchip_init) refers to wizchip_conf.o(i.wizchip_sw_reset) for wizchip_sw_reset
    wizchip_conf.o(i.wizchip_init) refers to w5500.o(i.WIZCHIP_WRITE) for WIZCHIP_WRITE
    wizchip_conf.o(i.wizchip_setinterruptmask) refers to w5500.o(i.WIZCHIP_WRITE) for WIZCHIP_WRITE
    wizchip_conf.o(i.wizchip_setnetinfo) refers to w5500.o(i.WIZCHIP_WRITE_BUF) for WIZCHIP_WRITE_BUF
    wizchip_conf.o(i.wizchip_setnetinfo) refers to wizchip_conf.o(.data) for .data
    wizchip_conf.o(i.wizchip_setnetmode) refers to w5500.o(i.WIZCHIP_READ) for WIZCHIP_READ
    wizchip_conf.o(i.wizchip_setnetmode) refers to w5500.o(i.WIZCHIP_WRITE) for WIZCHIP_WRITE
    wizchip_conf.o(i.wizchip_settimeout) refers to w5500.o(i.WIZCHIP_WRITE) for WIZCHIP_WRITE
    wizchip_conf.o(i.wizchip_sw_reset) refers to w5500.o(i.WIZCHIP_READ_BUF) for WIZCHIP_READ_BUF
    wizchip_conf.o(i.wizchip_sw_reset) refers to w5500.o(i.WIZCHIP_WRITE) for WIZCHIP_WRITE
    wizchip_conf.o(i.wizchip_sw_reset) refers to w5500.o(i.WIZCHIP_READ) for WIZCHIP_READ
    wizchip_conf.o(i.wizchip_sw_reset) refers to w5500.o(i.WIZCHIP_WRITE_BUF) for WIZCHIP_WRITE_BUF
    wizchip_conf.o(i.wizphy_getphyconf) refers to w5500.o(i.WIZCHIP_READ) for WIZCHIP_READ
    wizchip_conf.o(i.wizphy_getphylink) refers to w5500.o(i.WIZCHIP_READ) for WIZCHIP_READ
    wizchip_conf.o(i.wizphy_getphypmode) refers to w5500.o(i.WIZCHIP_READ) for WIZCHIP_READ
    wizchip_conf.o(i.wizphy_getphystat) refers to w5500.o(i.WIZCHIP_READ) for WIZCHIP_READ
    wizchip_conf.o(i.wizphy_reset) refers to w5500.o(i.WIZCHIP_READ) for WIZCHIP_READ
    wizchip_conf.o(i.wizphy_reset) refers to w5500.o(i.WIZCHIP_WRITE) for WIZCHIP_WRITE
    wizchip_conf.o(i.wizphy_setphyconf) refers to w5500.o(i.WIZCHIP_WRITE) for WIZCHIP_WRITE
    wizchip_conf.o(i.wizphy_setphyconf) refers to wizchip_conf.o(i.wizphy_reset) for wizphy_reset
    wizchip_conf.o(i.wizphy_setphypmode) refers to w5500.o(i.WIZCHIP_READ) for WIZCHIP_READ
    wizchip_conf.o(i.wizphy_setphypmode) refers to w5500.o(i.WIZCHIP_WRITE) for WIZCHIP_WRITE
    wizchip_conf.o(i.wizphy_setphypmode) refers to wizchip_conf.o(i.wizphy_reset) for wizphy_reset
    wizchip_conf.o(.data) refers to wizchip_conf.o(i.wizchip_cris_enter) for wizchip_cris_enter
    wizchip_conf.o(.data) refers to wizchip_conf.o(i.wizchip_cris_exit) for wizchip_cris_exit
    wizchip_conf.o(.data) refers to wizchip_conf.o(i.wizchip_cs_select) for wizchip_cs_select
    wizchip_conf.o(.data) refers to wizchip_conf.o(i.wizchip_cs_deselect) for wizchip_cs_deselect
    wizchip_conf.o(.data) refers to wizchip_conf.o(i.wizchip_bus_readdata) for wizchip_bus_readdata
    wizchip_conf.o(.data) refers to wizchip_conf.o(i.wizchip_bus_writedata) for wizchip_bus_writedata
    socket.o(i.close) refers to w5500.o(i.WIZCHIP_WRITE) for WIZCHIP_WRITE
    socket.o(i.close) refers to w5500.o(i.WIZCHIP_READ) for WIZCHIP_READ
    socket.o(i.close) refers to socket.o(.data) for .data
    socket.o(i.close) refers to socket.o(.bss) for .bss
    socket.o(i.connect) refers to w5500.o(i.WIZCHIP_READ) for WIZCHIP_READ
    socket.o(i.connect) refers to w5500.o(i.WIZCHIP_WRITE_BUF) for WIZCHIP_WRITE_BUF
    socket.o(i.connect) refers to w5500.o(i.WIZCHIP_WRITE) for WIZCHIP_WRITE
    socket.o(i.connect) refers to socket.o(.data) for .data
    socket.o(i.ctlsocket) refers to w5500.o(i.WIZCHIP_READ) for WIZCHIP_READ
    socket.o(i.ctlsocket) refers to w5500.o(i.WIZCHIP_WRITE) for WIZCHIP_WRITE
    socket.o(i.ctlsocket) refers to socket.o(.data) for .data
    socket.o(i.disconnect) refers to w5500.o(i.WIZCHIP_READ) for WIZCHIP_READ
    socket.o(i.disconnect) refers to w5500.o(i.WIZCHIP_WRITE) for WIZCHIP_WRITE
    socket.o(i.disconnect) refers to socket.o(i.close) for close
    socket.o(i.disconnect) refers to socket.o(.data) for .data
    socket.o(i.getsockopt) refers to w5500.o(i.WIZCHIP_READ) for WIZCHIP_READ
    socket.o(i.getsockopt) refers to w5500.o(i.WIZCHIP_READ_BUF) for WIZCHIP_READ_BUF
    socket.o(i.getsockopt) refers to w5500.o(i.getSn_TX_FSR) for getSn_TX_FSR
    socket.o(i.getsockopt) refers to w5500.o(i.getSn_RX_RSR) for getSn_RX_RSR
    socket.o(i.getsockopt) refers to socket.o(.bss) for .bss
    socket.o(i.getsockopt) refers to socket.o(.data) for .data
    socket.o(i.listen) refers to w5500.o(i.WIZCHIP_READ) for WIZCHIP_READ
    socket.o(i.listen) refers to w5500.o(i.WIZCHIP_WRITE) for WIZCHIP_WRITE
    socket.o(i.listen) refers to socket.o(i.close) for close
    socket.o(i.recv) refers to w5500.o(i.WIZCHIP_READ) for WIZCHIP_READ
    socket.o(i.recv) refers to w5500.o(i.getSn_RX_RSR) for getSn_RX_RSR
    socket.o(i.recv) refers to w5500.o(i.getSn_TX_FSR) for getSn_TX_FSR
    socket.o(i.recv) refers to socket.o(i.close) for close
    socket.o(i.recv) refers to w5500.o(i.wiz_recv_data) for wiz_recv_data
    socket.o(i.recv) refers to w5500.o(i.WIZCHIP_WRITE) for WIZCHIP_WRITE
    socket.o(i.recv) refers to socket.o(.data) for .data
    socket.o(i.recvfrom) refers to w5500.o(i.WIZCHIP_READ) for WIZCHIP_READ
    socket.o(i.recvfrom) refers to w5500.o(i.getSn_RX_RSR) for getSn_RX_RSR
    socket.o(i.recvfrom) refers to w5500.o(i.wiz_recv_ignore) for wiz_recv_ignore
    socket.o(i.recvfrom) refers to w5500.o(i.WIZCHIP_WRITE) for WIZCHIP_WRITE
    socket.o(i.recvfrom) refers to w5500.o(i.wiz_recv_data) for wiz_recv_data
    socket.o(i.recvfrom) refers to socket.o(i.close) for close
    socket.o(i.recvfrom) refers to socket.o(.bss) for .bss
    socket.o(i.recvfrom) refers to socket.o(.data) for .data
    socket.o(i.send) refers to w5500.o(i.WIZCHIP_READ) for WIZCHIP_READ
    socket.o(i.send) refers to w5500.o(i.WIZCHIP_WRITE) for WIZCHIP_WRITE
    socket.o(i.send) refers to w5500.o(i.getSn_TX_FSR) for getSn_TX_FSR
    socket.o(i.send) refers to socket.o(i.close) for close
    socket.o(i.send) refers to w5500.o(i.wiz_send_data) for wiz_send_data
    socket.o(i.send) refers to socket.o(.data) for .data
    socket.o(i.sendto) refers to w5500.o(i.WIZCHIP_READ) for WIZCHIP_READ
    socket.o(i.sendto) refers to w5500.o(i.WIZCHIP_WRITE_BUF) for WIZCHIP_WRITE_BUF
    socket.o(i.sendto) refers to w5500.o(i.WIZCHIP_WRITE) for WIZCHIP_WRITE
    socket.o(i.sendto) refers to w5500.o(i.getSn_TX_FSR) for getSn_TX_FSR
    socket.o(i.sendto) refers to w5500.o(i.wiz_send_data) for wiz_send_data
    socket.o(i.sendto) refers to socket.o(.data) for .data
    socket.o(i.setsockopt) refers to w5500.o(i.WIZCHIP_WRITE) for WIZCHIP_WRITE
    socket.o(i.setsockopt) refers to w5500.o(i.WIZCHIP_WRITE_BUF) for WIZCHIP_WRITE_BUF
    socket.o(i.setsockopt) refers to w5500.o(i.WIZCHIP_READ) for WIZCHIP_READ
    socket.o(i.socket) refers to w5500.o(i.WIZCHIP_READ_BUF) for WIZCHIP_READ_BUF
    socket.o(i.socket) refers to socket.o(i.close) for close
    socket.o(i.socket) refers to w5500.o(i.WIZCHIP_WRITE) for WIZCHIP_WRITE
    socket.o(i.socket) refers to w5500.o(i.WIZCHIP_READ) for WIZCHIP_READ
    socket.o(i.socket) refers to socket.o(.data) for .data
    socket.o(i.socket) refers to socket.o(.bss) for .bss
    w5500.o(i.WIZCHIP_READ) refers to wizchip_conf.o(.data) for WIZCHIP
    w5500.o(i.WIZCHIP_READ_BUF) refers to wizchip_conf.o(.data) for WIZCHIP
    w5500.o(i.WIZCHIP_WRITE) refers to wizchip_conf.o(.data) for WIZCHIP
    w5500.o(i.WIZCHIP_WRITE_BUF) refers to wizchip_conf.o(.data) for WIZCHIP
    w5500.o(i.getSn_RX_RSR) refers to w5500.o(i.WIZCHIP_READ) for WIZCHIP_READ
    w5500.o(i.getSn_TX_FSR) refers to w5500.o(i.WIZCHIP_READ) for WIZCHIP_READ
    w5500.o(i.wiz_recv_data) refers to w5500.o(i.WIZCHIP_READ) for WIZCHIP_READ
    w5500.o(i.wiz_recv_data) refers to w5500.o(i.WIZCHIP_READ_BUF) for WIZCHIP_READ_BUF
    w5500.o(i.wiz_recv_data) refers to w5500.o(i.WIZCHIP_WRITE) for WIZCHIP_WRITE
    w5500.o(i.wiz_recv_ignore) refers to w5500.o(i.WIZCHIP_READ) for WIZCHIP_READ
    w5500.o(i.wiz_recv_ignore) refers to w5500.o(i.WIZCHIP_WRITE) for WIZCHIP_WRITE
    w5500.o(i.wiz_send_data) refers to w5500.o(i.WIZCHIP_READ) for WIZCHIP_READ
    w5500.o(i.wiz_send_data) refers to w5500.o(i.WIZCHIP_WRITE_BUF) for WIZCHIP_WRITE_BUF
    w5500.o(i.wiz_send_data) refers to w5500.o(i.WIZCHIP_WRITE) for WIZCHIP_WRITE
    dhcp.o(i.DHCP_init) refers to w5500.o(i.WIZCHIP_READ_BUF) for WIZCHIP_READ_BUF
    dhcp.o(i.DHCP_init) refers to w5500.o(i.WIZCHIP_WRITE_BUF) for WIZCHIP_WRITE_BUF
    dhcp.o(i.DHCP_init) refers to dhcp.o(i.reset_DHCP_timeout) for reset_DHCP_timeout
    dhcp.o(i.DHCP_init) refers to dhcp.o(.data) for .data
    dhcp.o(i.DHCP_run) refers to w5500.o(i.WIZCHIP_READ) for WIZCHIP_READ
    dhcp.o(i.DHCP_run) refers to socket.o(i.socket) for socket
    dhcp.o(i.DHCP_run) refers to dhcp.o(i.parseDHCPMSG) for parseDHCPMSG
    dhcp.o(i.DHCP_run) refers to dhcp.o(i.send_DHCP_DISCOVER) for send_DHCP_DISCOVER
    dhcp.o(i.DHCP_run) refers to dhcp.o(i.send_DHCP_REQUEST) for send_DHCP_REQUEST
    dhcp.o(i.DHCP_run) refers to dhcp.o(i.check_DHCP_leasedIP) for check_DHCP_leasedIP
    dhcp.o(i.DHCP_run) refers to dhcp.o(i.reset_DHCP_timeout) for reset_DHCP_timeout
    dhcp.o(i.DHCP_run) refers to dhcp.o(i.check_DHCP_timeout) for check_DHCP_timeout
    dhcp.o(i.DHCP_run) refers to dhcp.o(.data) for .data
    dhcp.o(i.DHCP_stop) refers to socket.o(i.close) for close
    dhcp.o(i.DHCP_stop) refers to dhcp.o(.data) for .data
    dhcp.o(i.DHCP_time_handler) refers to dhcp.o(.data) for .data
    dhcp.o(i.check_DHCP_leasedIP) refers to w5500.o(i.WIZCHIP_READ) for WIZCHIP_READ
    dhcp.o(i.check_DHCP_leasedIP) refers to w5500.o(i.WIZCHIP_WRITE) for WIZCHIP_WRITE
    dhcp.o(i.check_DHCP_leasedIP) refers to socket.o(i.sendto) for sendto
    dhcp.o(i.check_DHCP_leasedIP) refers to dhcp.o(i.send_DHCP_DECLINE) for send_DHCP_DECLINE
    dhcp.o(i.check_DHCP_leasedIP) refers to dhcp.o(.data) for .data
    dhcp.o(i.check_DHCP_timeout) refers to dhcp.o(i.send_DHCP_DISCOVER) for send_DHCP_DISCOVER
    dhcp.o(i.check_DHCP_timeout) refers to dhcp.o(i.send_DHCP_REQUEST) for send_DHCP_REQUEST
    dhcp.o(i.check_DHCP_timeout) refers to dhcp.o(i.reset_DHCP_timeout) for reset_DHCP_timeout
    dhcp.o(i.check_DHCP_timeout) refers to dhcp.o(.data) for .data
    dhcp.o(i.default_ip_assign) refers to w5500.o(i.WIZCHIP_WRITE_BUF) for WIZCHIP_WRITE_BUF
    dhcp.o(i.default_ip_assign) refers to dhcp.o(.data) for .data
    dhcp.o(i.default_ip_conflict) refers to w5500.o(i.WIZCHIP_WRITE) for WIZCHIP_WRITE
    dhcp.o(i.default_ip_conflict) refers to w5500.o(i.WIZCHIP_READ) for WIZCHIP_READ
    dhcp.o(i.default_ip_conflict) refers to w5500.o(i.WIZCHIP_WRITE_BUF) for WIZCHIP_WRITE_BUF
    dhcp.o(i.default_ip_conflict) refers to dhcp.o(.data) for .data
    dhcp.o(i.default_ip_update) refers to w5500.o(i.WIZCHIP_WRITE) for WIZCHIP_WRITE
    dhcp.o(i.default_ip_update) refers to w5500.o(i.WIZCHIP_READ) for WIZCHIP_READ
    dhcp.o(i.default_ip_update) refers to dhcp.o(i.default_ip_assign) for default_ip_assign
    dhcp.o(i.default_ip_update) refers to w5500.o(i.WIZCHIP_WRITE_BUF) for WIZCHIP_WRITE_BUF
    dhcp.o(i.default_ip_update) refers to dhcp.o(.data) for .data
    dhcp.o(i.getDHCPLeasetime) refers to dhcp.o(.data) for .data
    dhcp.o(i.getDNSfromDHCP) refers to dhcp.o(.data) for .data
    dhcp.o(i.getGWfromDHCP) refers to dhcp.o(.data) for .data
    dhcp.o(i.getIPfromDHCP) refers to dhcp.o(.data) for .data
    dhcp.o(i.getSNfromDHCP) refers to dhcp.o(.data) for .data
    dhcp.o(i.makeDHCPMSG) refers to w5500.o(i.WIZCHIP_READ_BUF) for WIZCHIP_READ_BUF
    dhcp.o(i.makeDHCPMSG) refers to dhcp.o(.data) for .data
    dhcp.o(i.parseDHCPMSG) refers to w5500.o(i.getSn_RX_RSR) for getSn_RX_RSR
    dhcp.o(i.parseDHCPMSG) refers to socket.o(i.recvfrom) for recvfrom
    dhcp.o(i.parseDHCPMSG) refers to dhcp.o(.data) for .data
    dhcp.o(i.reg_dhcp_cbfunc) refers to dhcp.o(i.default_ip_assign) for default_ip_assign
    dhcp.o(i.reg_dhcp_cbfunc) refers to dhcp.o(.data) for .data
    dhcp.o(i.reg_dhcp_cbfunc) refers to dhcp.o(i.default_ip_update) for default_ip_update
    dhcp.o(i.reg_dhcp_cbfunc) refers to dhcp.o(i.default_ip_conflict) for default_ip_conflict
    dhcp.o(i.reset_DHCP_timeout) refers to dhcp.o(.data) for .data
    dhcp.o(i.send_DHCP_DECLINE) refers to dhcp.o(i.makeDHCPMSG) for makeDHCPMSG
    dhcp.o(i.send_DHCP_DECLINE) refers to socket.o(i.sendto) for sendto
    dhcp.o(i.send_DHCP_DECLINE) refers to dhcp.o(.data) for .data
    dhcp.o(i.send_DHCP_DISCOVER) refers to dhcp.o(i.makeDHCPMSG) for makeDHCPMSG
    dhcp.o(i.send_DHCP_DISCOVER) refers to socket.o(i.sendto) for sendto
    dhcp.o(i.send_DHCP_DISCOVER) refers to dhcp.o(.data) for .data
    dhcp.o(i.send_DHCP_REQUEST) refers to dhcp.o(i.makeDHCPMSG) for makeDHCPMSG
    dhcp.o(i.send_DHCP_REQUEST) refers to dhcp.o(i.NibbleToHex) for NibbleToHex
    dhcp.o(i.send_DHCP_REQUEST) refers to socket.o(i.sendto) for sendto
    dhcp.o(i.send_DHCP_REQUEST) refers to dhcp.o(.data) for .data
    dhcp.o(.data) refers to dhcp.o(i.default_ip_assign) for default_ip_assign
    dhcp.o(.data) refers to dhcp.o(i.default_ip_update) for default_ip_update
    dhcp.o(.data) refers to dhcp.o(i.default_ip_conflict) for default_ip_conflict
    httpparser.o(i.ATOI) refers to httpparser.o(i.C2D) for C2D
    httpparser.o(i.find_http_uri_type) refers to strstr.o(.text) for strstr
    httpparser.o(i.get_http_param_value) refers to httpparser.o(i.mid) for mid
    httpparser.o(i.get_http_param_value) refers to httpparser.o(i.ATOI) for ATOI
    httpparser.o(i.get_http_param_value) refers to strstr.o(.text) for strstr
    httpparser.o(i.get_http_param_value) refers to strlen.o(.text) for strlen
    httpparser.o(i.get_http_param_value) refers to strncpy.o(.text) for strncpy
    httpparser.o(i.get_http_param_value) refers to httpparser.o(i.unescape_http_url) for unescape_http_url
    httpparser.o(i.get_http_param_value) refers to httpparser.o(.bss) for .bss
    httpparser.o(i.get_http_uri_name) refers to strcpy.o(.text) for strcpy
    httpparser.o(i.get_http_uri_name) refers to strtok.o(.text) for strtok
    httpparser.o(i.get_http_uri_name) refers to strcmp.o(.text) for strcmp
    httpparser.o(i.inet_addr_) refers to strcpy.o(.text) for strcpy
    httpparser.o(i.inet_addr_) refers to strtok.o(.text) for strtok
    httpparser.o(i.inet_addr_) refers to httpparser.o(i.ATOI) for ATOI
    httpparser.o(i.make_http_response_head) refers to printfa.o(i.__0sprintf) for __2sprintf
    httpparser.o(i.make_http_response_head) refers to strcpy.o(.text) for strcpy
    httpparser.o(i.make_http_response_head) refers to strcat.o(.text) for strcat
    httpparser.o(i.make_http_response_head) refers to httpparser.o(.conststring) for .conststring
    httpparser.o(i.mid) refers to strstr.o(.text) for strstr
    httpparser.o(i.mid) refers to strlen.o(.text) for strlen
    httpparser.o(i.mid) refers to strncpy.o(.text) for strncpy
    httpparser.o(i.parse_http_request) refers to strtok.o(.text) for strtok
    httpparser.o(i.parse_http_request) refers to strcmp.o(.text) for strcmp
    httpparser.o(i.parse_http_request) refers to strcpy.o(.text) for strcpy
    httpparser.o(i.unescape_http_url) refers to httpparser.o(i.C2D) for C2D
    httpserver.o(i.display_reg_webContent_list) refers to printfa.o(i.__0printf) for __2printf
    httpserver.o(i.display_reg_webContent_list) refers to httpserver.o(.data) for .data
    httpserver.o(i.display_reg_webContent_list) refers to httpserver.o(.bss) for .bss
    httpserver.o(i.find_userReg_webContent) refers to strcmp.o(.text) for strcmp
    httpserver.o(i.find_userReg_webContent) refers to httpserver.o(.bss) for .bss
    httpserver.o(i.find_userReg_webContent) refers to httpserver.o(.data) for .data
    httpserver.o(i.getHTTPSequenceNum) refers to httpserver.o(.data) for .data
    httpserver.o(i.get_httpServer_timecount) refers to httpserver.o(.data) for .data
    httpserver.o(i.httpServer_Sockinit) refers to httpserver.o(.data) for .data
    httpserver.o(i.httpServer_init) refers to httpserver.o(i.httpServer_Sockinit) for httpServer_Sockinit
    httpserver.o(i.httpServer_init) refers to httpserver.o(.data) for .data
    httpserver.o(i.httpServer_run) refers to w5500.o(i.WIZCHIP_READ) for WIZCHIP_READ
    httpserver.o(i.httpServer_run) refers to socket.o(i.listen) for listen
    httpserver.o(i.httpServer_run) refers to printfa.o(i.__0printf) for __2printf
    httpserver.o(i.httpServer_run) refers to socket.o(i.disconnect) for disconnect
    httpserver.o(i.httpServer_run) refers to w5500.o(i.WIZCHIP_WRITE) for WIZCHIP_WRITE
    httpserver.o(i.httpServer_run) refers to w5500.o(i.getSn_RX_RSR) for getSn_RX_RSR
    httpserver.o(i.httpServer_run) refers to socket.o(i.recv) for recv
    httpserver.o(i.httpServer_run) refers to httpparser.o(i.parse_http_request) for parse_http_request
    httpserver.o(i.httpServer_run) refers to w5500.o(i.WIZCHIP_READ_BUF) for WIZCHIP_READ_BUF
    httpserver.o(i.httpServer_run) refers to httpserver.o(i.http_process_handler) for http_process_handler
    httpserver.o(i.httpServer_run) refers to w5500.o(i.getSn_TX_FSR) for getSn_TX_FSR
    httpserver.o(i.httpServer_run) refers to httpserver.o(i.send_http_response_body) for send_http_response_body
    httpserver.o(i.httpServer_run) refers to socket.o(i.socket) for socket
    httpserver.o(i.httpServer_run) refers to httpserver.o(.data) for .data
    httpserver.o(i.httpServer_run) refers to httpserver.o(.bss) for .bss
    httpserver.o(i.httpServer_run) refers to httpserver.o(.conststring) for .conststring
    httpserver.o(i.httpServer_time_handler) refers to httpserver.o(.data) for .data
    httpserver.o(i.http_process_handler) refers to memseta.o(.text) for __aeabi_memclr4
    httpserver.o(i.http_process_handler) refers to httpserver.o(i.getHTTPSequenceNum) for getHTTPSequenceNum
    httpserver.o(i.http_process_handler) refers to httpparser.o(i.get_http_uri_name) for get_http_uri_name
    httpserver.o(i.http_process_handler) refers to strcmp.o(.text) for strcmp
    httpserver.o(i.http_process_handler) refers to strcpy.o(.text) for strcpy
    httpserver.o(i.http_process_handler) refers to httpparser.o(i.find_http_uri_type) for find_http_uri_type
    httpserver.o(i.http_process_handler) refers to printfa.o(i.__0printf) for __2printf
    httpserver.o(i.http_process_handler) refers to httpserver.o(i.find_userReg_webContent) for find_userReg_webContent
    httpserver.o(i.http_process_handler) refers to httputil.o(i.http_get_cgi_handler) for http_get_cgi_handler
    httpserver.o(i.http_process_handler) refers to httpserver.o(i.send_http_response_cgi) for send_http_response_cgi
    httpserver.o(i.http_process_handler) refers to httpserver.o(i.send_http_response_header) for send_http_response_header
    httpserver.o(i.http_process_handler) refers to httpserver.o(i.send_http_response_body) for send_http_response_body
    httpserver.o(i.http_process_handler) refers to httpparser.o(i.mid) for mid
    httpserver.o(i.http_process_handler) refers to httputil.o(i.http_post_cgi_handler) for http_post_cgi_handler
    httpserver.o(i.http_process_handler) refers to httpserver.o(.data) for .data
    httpserver.o(i.http_process_handler) refers to httpserver.o(.bss) for .bss
    httpserver.o(i.http_process_handler) refers to httpserver.o(.conststring) for .conststring
    httpserver.o(i.read_userReg_webContent) refers to strncpy.o(.text) for strncpy
    httpserver.o(i.read_userReg_webContent) refers to strlen.o(.text) for strlen
    httpserver.o(i.read_userReg_webContent) refers to httpserver.o(.data) for .data
    httpserver.o(i.read_userReg_webContent) refers to httpserver.o(.bss) for .bss
    httpserver.o(i.reg_httpServer_cbfunc) refers to httpserver.o(.data) for .data
    httpserver.o(i.reg_httpServer_webContent) refers to strlen.o(.text) for strlen
    httpserver.o(i.reg_httpServer_webContent) refers to malloc.o(i.malloc) for malloc
    httpserver.o(i.reg_httpServer_webContent) refers to strcpy.o(.text) for strcpy
    httpserver.o(i.reg_httpServer_webContent) refers to httpserver.o(.data) for .data
    httpserver.o(i.reg_httpServer_webContent) refers to httpserver.o(.bss) for .bss
    httpserver.o(i.send_http_response_body) refers to httpserver.o(i.getHTTPSequenceNum) for getHTTPSequenceNum
    httpserver.o(i.send_http_response_body) refers to memseta.o(.text) for __aeabi_memclr
    httpserver.o(i.send_http_response_body) refers to strcpy.o(.text) for strcpy
    httpserver.o(i.send_http_response_body) refers to printfa.o(i.__0printf) for __2printf
    httpserver.o(i.send_http_response_body) refers to httpserver.o(i.read_userReg_webContent) for read_userReg_webContent
    httpserver.o(i.send_http_response_body) refers to socket.o(i.send) for send
    httpserver.o(i.send_http_response_body) refers to httpserver.o(.bss) for .bss
    httpserver.o(i.send_http_response_cgi) refers to printfa.o(i.__0printf) for __2printf
    httpserver.o(i.send_http_response_cgi) refers to printfa.o(i.__0sprintf) for __2sprintf
    httpserver.o(i.send_http_response_cgi) refers to socket.o(i.send) for send
    httpserver.o(i.send_http_response_cgi) refers to httpserver.o(.conststring) for .conststring
    httpserver.o(i.send_http_response_header) refers to strlen.o(.text) for strlen
    httpserver.o(i.send_http_response_header) refers to printfa.o(i.__0printf) for __2printf
    httpserver.o(i.send_http_response_header) refers to socket.o(i.send) for send
    httpserver.o(i.send_http_response_header) refers to httpparser.o(i.make_http_response_head) for make_http_response_head
    httpserver.o(i.send_http_response_header) refers to memcpya.o(.text) for __aeabi_memcpy
    httpserver.o(i.send_http_response_header) refers to httpserver.o(.data) for .data
    httpserver.o(i.send_http_response_header) refers to httpserver.o(.constdata) for .constdata
    httpserver.o(.data) refers to httpserver.o(i.default_mcu_reset) for default_mcu_reset
    httpserver.o(.data) refers to httpserver.o(i.default_wdt_reset) for default_wdt_reset
    httputil.o(i.http_get_cgi_handler) refers to strcmp.o(.text) for strcmp
    httputil.o(i.http_post_cgi_handler) refers to strcmp.o(.text) for strcmp
    httputil.o(i.http_post_cgi_handler) refers to printfa.o(i.__0sprintf) for __2sprintf
    entry.o(.ARM.Collect$$$$00000000) refers (Special) to entry10a.o(.ARM.Collect$$$$0000000D) for __rt_final_cpp
    entry.o(.ARM.Collect$$$$00000000) refers (Special) to entry11a.o(.ARM.Collect$$$$0000000F) for __rt_final_exit
    entry.o(.ARM.Collect$$$$00000000) refers (Special) to entry7b.o(.ARM.Collect$$$$00000008) for _main_clock
    entry.o(.ARM.Collect$$$$00000000) refers (Special) to entry8b.o(.ARM.Collect$$$$0000000A) for _main_cpp_init
    entry.o(.ARM.Collect$$$$00000000) refers (Special) to entry9a.o(.ARM.Collect$$$$0000000B) for _main_init
    entry.o(.ARM.Collect$$$$00000000) refers (Special) to entry5.o(.ARM.Collect$$$$00000004) for _main_scatterload
    entry.o(.ARM.Collect$$$$00000000) refers (Special) to entry2.o(.ARM.Collect$$$$00000001) for _main_stk
    strtok.o(.text) refers to strtok.o(.data) for .data
    strtok_r.o(.text) refers to strtok_r.o(.data) for .data
    printfb.o(i.__0fprintf$bare) refers to printfb.o(i._printf_core) for _printf_core
    printfb.o(i.__0fprintf$bare) refers to fputc.o(i.fputc) for fputc
    printfb.o(i.__0printf$bare) refers to printfb.o(i._printf_core) for _printf_core
    printfb.o(i.__0printf$bare) refers to fputc.o(i.fputc) for fputc
    printfb.o(i.__0printf$bare) refers to stdout.o(.data) for __stdout
    printfb.o(i.__0snprintf$bare) refers to printfb.o(i._printf_core) for _printf_core
    printfb.o(i.__0snprintf$bare) refers to printfb.o(i._snputc) for _snputc
    printfb.o(i.__0sprintf$bare) refers to printfb.o(i._printf_core) for _printf_core
    printfb.o(i.__0sprintf$bare) refers to printfb.o(i._sputc) for _sputc
    printfb.o(i.__0vfprintf$bare) refers to printfb.o(i._printf_core) for _printf_core
    printfb.o(i.__0vfprintf$bare) refers to fputc.o(i.fputc) for fputc
    printfb.o(i.__0vprintf$bare) refers to printfb.o(i._printf_core) for _printf_core
    printfb.o(i.__0vprintf$bare) refers to fputc.o(i.fputc) for fputc
    printfb.o(i.__0vprintf$bare) refers to stdout.o(.data) for __stdout
    printfb.o(i.__0vsnprintf$bare) refers to printfb.o(i._printf_core) for _printf_core
    printfb.o(i.__0vsnprintf$bare) refers to printfb.o(i._snputc) for _snputc
    printfb.o(i.__0vsprintf$bare) refers to printfb.o(i._printf_core) for _printf_core
    printfb.o(i.__0vsprintf$bare) refers to printfb.o(i._sputc) for _sputc
    printf0.o(i.__0fprintf$0) refers to printf0.o(i._printf_core) for _printf_core
    printf0.o(i.__0fprintf$0) refers to fputc.o(i.fputc) for fputc
    printf0.o(i.__0printf$0) refers to printf0.o(i._printf_core) for _printf_core
    printf0.o(i.__0printf$0) refers to fputc.o(i.fputc) for fputc
    printf0.o(i.__0printf$0) refers to stdout.o(.data) for __stdout
    printf0.o(i.__0snprintf$0) refers to printf0.o(i._printf_core) for _printf_core
    printf0.o(i.__0snprintf$0) refers to printf0.o(i._snputc) for _snputc
    printf0.o(i.__0sprintf$0) refers to printf0.o(i._printf_core) for _printf_core
    printf0.o(i.__0sprintf$0) refers to printf0.o(i._sputc) for _sputc
    printf0.o(i.__0vfprintf$0) refers to printf0.o(i._printf_core) for _printf_core
    printf0.o(i.__0vfprintf$0) refers to fputc.o(i.fputc) for fputc
    printf0.o(i.__0vprintf$0) refers to printf0.o(i._printf_core) for _printf_core
    printf0.o(i.__0vprintf$0) refers to fputc.o(i.fputc) for fputc
    printf0.o(i.__0vprintf$0) refers to stdout.o(.data) for __stdout
    printf0.o(i.__0vsnprintf$0) refers to printf0.o(i._printf_core) for _printf_core
    printf0.o(i.__0vsnprintf$0) refers to printf0.o(i._snputc) for _snputc
    printf0.o(i.__0vsprintf$0) refers to printf0.o(i._printf_core) for _printf_core
    printf0.o(i.__0vsprintf$0) refers to printf0.o(i._sputc) for _sputc
    printf1.o(i.__0fprintf$1) refers to printf1.o(i._printf_core) for _printf_core
    printf1.o(i.__0fprintf$1) refers to fputc.o(i.fputc) for fputc
    printf1.o(i.__0printf$1) refers to printf1.o(i._printf_core) for _printf_core
    printf1.o(i.__0printf$1) refers to fputc.o(i.fputc) for fputc
    printf1.o(i.__0printf$1) refers to stdout.o(.data) for __stdout
    printf1.o(i.__0snprintf$1) refers to printf1.o(i._printf_core) for _printf_core
    printf1.o(i.__0snprintf$1) refers to printf1.o(i._snputc) for _snputc
    printf1.o(i.__0sprintf$1) refers to printf1.o(i._printf_core) for _printf_core
    printf1.o(i.__0sprintf$1) refers to printf1.o(i._sputc) for _sputc
    printf1.o(i.__0vfprintf$1) refers to printf1.o(i._printf_core) for _printf_core
    printf1.o(i.__0vfprintf$1) refers to fputc.o(i.fputc) for fputc
    printf1.o(i.__0vprintf$1) refers to printf1.o(i._printf_core) for _printf_core
    printf1.o(i.__0vprintf$1) refers to fputc.o(i.fputc) for fputc
    printf1.o(i.__0vprintf$1) refers to stdout.o(.data) for __stdout
    printf1.o(i.__0vsnprintf$1) refers to printf1.o(i._printf_core) for _printf_core
    printf1.o(i.__0vsnprintf$1) refers to printf1.o(i._snputc) for _snputc
    printf1.o(i.__0vsprintf$1) refers to printf1.o(i._printf_core) for _printf_core
    printf1.o(i.__0vsprintf$1) refers to printf1.o(i._sputc) for _sputc
    printf1.o(i._printf_core) refers to uidiv.o(.text) for __aeabi_uidivmod
    printf2.o(i.__0fprintf$2) refers to printf2.o(i._printf_core) for _printf_core
    printf2.o(i.__0fprintf$2) refers to fputc.o(i.fputc) for fputc
    printf2.o(i.__0printf$2) refers to printf2.o(i._printf_core) for _printf_core
    printf2.o(i.__0printf$2) refers to fputc.o(i.fputc) for fputc
    printf2.o(i.__0printf$2) refers to stdout.o(.data) for __stdout
    printf2.o(i.__0snprintf$2) refers to printf2.o(i._printf_core) for _printf_core
    printf2.o(i.__0snprintf$2) refers to printf2.o(i._snputc) for _snputc
    printf2.o(i.__0sprintf$2) refers to printf2.o(i._printf_core) for _printf_core
    printf2.o(i.__0sprintf$2) refers to printf2.o(i._sputc) for _sputc
    printf2.o(i.__0vfprintf$2) refers to printf2.o(i._printf_core) for _printf_core
    printf2.o(i.__0vfprintf$2) refers to fputc.o(i.fputc) for fputc
    printf2.o(i.__0vprintf$2) refers to printf2.o(i._printf_core) for _printf_core
    printf2.o(i.__0vprintf$2) refers to fputc.o(i.fputc) for fputc
    printf2.o(i.__0vprintf$2) refers to stdout.o(.data) for __stdout
    printf2.o(i.__0vsnprintf$2) refers to printf2.o(i._printf_core) for _printf_core
    printf2.o(i.__0vsnprintf$2) refers to printf2.o(i._snputc) for _snputc
    printf2.o(i.__0vsprintf$2) refers to printf2.o(i._printf_core) for _printf_core
    printf2.o(i.__0vsprintf$2) refers to printf2.o(i._sputc) for _sputc
    printf3.o(i.__0fprintf$3) refers to printf3.o(i._printf_core) for _printf_core
    printf3.o(i.__0fprintf$3) refers to fputc.o(i.fputc) for fputc
    printf3.o(i.__0printf$3) refers to printf3.o(i._printf_core) for _printf_core
    printf3.o(i.__0printf$3) refers to fputc.o(i.fputc) for fputc
    printf3.o(i.__0printf$3) refers to stdout.o(.data) for __stdout
    printf3.o(i.__0snprintf$3) refers to printf3.o(i._printf_core) for _printf_core
    printf3.o(i.__0snprintf$3) refers to printf3.o(i._snputc) for _snputc
    printf3.o(i.__0sprintf$3) refers to printf3.o(i._printf_core) for _printf_core
    printf3.o(i.__0sprintf$3) refers to printf3.o(i._sputc) for _sputc
    printf3.o(i.__0vfprintf$3) refers to printf3.o(i._printf_core) for _printf_core
    printf3.o(i.__0vfprintf$3) refers to fputc.o(i.fputc) for fputc
    printf3.o(i.__0vprintf$3) refers to printf3.o(i._printf_core) for _printf_core
    printf3.o(i.__0vprintf$3) refers to fputc.o(i.fputc) for fputc
    printf3.o(i.__0vprintf$3) refers to stdout.o(.data) for __stdout
    printf3.o(i.__0vsnprintf$3) refers to printf3.o(i._printf_core) for _printf_core
    printf3.o(i.__0vsnprintf$3) refers to printf3.o(i._snputc) for _snputc
    printf3.o(i.__0vsprintf$3) refers to printf3.o(i._printf_core) for _printf_core
    printf3.o(i.__0vsprintf$3) refers to printf3.o(i._sputc) for _sputc
    printf3.o(i._printf_core) refers to uidiv.o(.text) for __aeabi_uidivmod
    printf4.o(i.__0fprintf$4) refers to printf4.o(i._printf_core) for _printf_core
    printf4.o(i.__0fprintf$4) refers to fputc.o(i.fputc) for fputc
    printf4.o(i.__0printf$4) refers to printf4.o(i._printf_core) for _printf_core
    printf4.o(i.__0printf$4) refers to fputc.o(i.fputc) for fputc
    printf4.o(i.__0printf$4) refers to stdout.o(.data) for __stdout
    printf4.o(i.__0snprintf$4) refers to printf4.o(i._printf_core) for _printf_core
    printf4.o(i.__0snprintf$4) refers to printf4.o(i._snputc) for _snputc
    printf4.o(i.__0sprintf$4) refers to printf4.o(i._printf_core) for _printf_core
    printf4.o(i.__0sprintf$4) refers to printf4.o(i._sputc) for _sputc
    printf4.o(i.__0vfprintf$4) refers to printf4.o(i._printf_core) for _printf_core
    printf4.o(i.__0vfprintf$4) refers to fputc.o(i.fputc) for fputc
    printf4.o(i.__0vprintf$4) refers to printf4.o(i._printf_core) for _printf_core
    printf4.o(i.__0vprintf$4) refers to fputc.o(i.fputc) for fputc
    printf4.o(i.__0vprintf$4) refers to stdout.o(.data) for __stdout
    printf4.o(i.__0vsnprintf$4) refers to printf4.o(i._printf_core) for _printf_core
    printf4.o(i.__0vsnprintf$4) refers to printf4.o(i._snputc) for _snputc
    printf4.o(i.__0vsprintf$4) refers to printf4.o(i._printf_core) for _printf_core
    printf4.o(i.__0vsprintf$4) refers to printf4.o(i._sputc) for _sputc
    printf4.o(i._printf_core) refers to uldiv.o(.text) for __aeabi_uldivmod
    printf5.o(i.__0fprintf$5) refers to printf5.o(i._printf_core) for _printf_core
    printf5.o(i.__0fprintf$5) refers to fputc.o(i.fputc) for fputc
    printf5.o(i.__0printf$5) refers to printf5.o(i._printf_core) for _printf_core
    printf5.o(i.__0printf$5) refers to fputc.o(i.fputc) for fputc
    printf5.o(i.__0printf$5) refers to stdout.o(.data) for __stdout
    printf5.o(i.__0snprintf$5) refers to printf5.o(i._printf_core) for _printf_core
    printf5.o(i.__0snprintf$5) refers to printf5.o(i._snputc) for _snputc
    printf5.o(i.__0sprintf$5) refers to printf5.o(i._printf_core) for _printf_core
    printf5.o(i.__0sprintf$5) refers to printf5.o(i._sputc) for _sputc
    printf5.o(i.__0vfprintf$5) refers to printf5.o(i._printf_core) for _printf_core
    printf5.o(i.__0vfprintf$5) refers to fputc.o(i.fputc) for fputc
    printf5.o(i.__0vprintf$5) refers to printf5.o(i._printf_core) for _printf_core
    printf5.o(i.__0vprintf$5) refers to fputc.o(i.fputc) for fputc
    printf5.o(i.__0vprintf$5) refers to stdout.o(.data) for __stdout
    printf5.o(i.__0vsnprintf$5) refers to printf5.o(i._printf_core) for _printf_core
    printf5.o(i.__0vsnprintf$5) refers to printf5.o(i._snputc) for _snputc
    printf5.o(i.__0vsprintf$5) refers to printf5.o(i._printf_core) for _printf_core
    printf5.o(i.__0vsprintf$5) refers to printf5.o(i._sputc) for _sputc
    printf5.o(i._printf_core) refers to uldiv.o(.text) for __aeabi_uldivmod
    printf6.o(i.__0fprintf$6) refers to printf6.o(i._printf_core) for _printf_core
    printf6.o(i.__0fprintf$6) refers to fputc.o(i.fputc) for fputc
    printf6.o(i.__0printf$6) refers to printf6.o(i._printf_core) for _printf_core
    printf6.o(i.__0printf$6) refers to fputc.o(i.fputc) for fputc
    printf6.o(i.__0printf$6) refers to stdout.o(.data) for __stdout
    printf6.o(i.__0snprintf$6) refers to printf6.o(i._printf_core) for _printf_core
    printf6.o(i.__0snprintf$6) refers to printf6.o(i._snputc) for _snputc
    printf6.o(i.__0sprintf$6) refers to printf6.o(i._printf_core) for _printf_core
    printf6.o(i.__0sprintf$6) refers to printf6.o(i._sputc) for _sputc
    printf6.o(i.__0vfprintf$6) refers to printf6.o(i._printf_core) for _printf_core
    printf6.o(i.__0vfprintf$6) refers to fputc.o(i.fputc) for fputc
    printf6.o(i.__0vprintf$6) refers to printf6.o(i._printf_core) for _printf_core
    printf6.o(i.__0vprintf$6) refers to fputc.o(i.fputc) for fputc
    printf6.o(i.__0vprintf$6) refers to stdout.o(.data) for __stdout
    printf6.o(i.__0vsnprintf$6) refers to printf6.o(i._printf_core) for _printf_core
    printf6.o(i.__0vsnprintf$6) refers to printf6.o(i._snputc) for _snputc
    printf6.o(i.__0vsprintf$6) refers to printf6.o(i._printf_core) for _printf_core
    printf6.o(i.__0vsprintf$6) refers to printf6.o(i._sputc) for _sputc
    printf6.o(i._printf_core) refers to printf6.o(i._printf_pre_padding) for _printf_pre_padding
    printf6.o(i._printf_core) refers to uidiv.o(.text) for __aeabi_uidivmod
    printf6.o(i._printf_core) refers to printf6.o(i._printf_post_padding) for _printf_post_padding
    printf7.o(i.__0fprintf$7) refers to printf7.o(i._printf_core) for _printf_core
    printf7.o(i.__0fprintf$7) refers to fputc.o(i.fputc) for fputc
    printf7.o(i.__0printf$7) refers to printf7.o(i._printf_core) for _printf_core
    printf7.o(i.__0printf$7) refers to fputc.o(i.fputc) for fputc
    printf7.o(i.__0printf$7) refers to stdout.o(.data) for __stdout
    printf7.o(i.__0snprintf$7) refers to printf7.o(i._printf_core) for _printf_core
    printf7.o(i.__0snprintf$7) refers to printf7.o(i._snputc) for _snputc
    printf7.o(i.__0sprintf$7) refers to printf7.o(i._printf_core) for _printf_core
    printf7.o(i.__0sprintf$7) refers to printf7.o(i._sputc) for _sputc
    printf7.o(i.__0vfprintf$7) refers to printf7.o(i._printf_core) for _printf_core
    printf7.o(i.__0vfprintf$7) refers to fputc.o(i.fputc) for fputc
    printf7.o(i.__0vprintf$7) refers to printf7.o(i._printf_core) for _printf_core
    printf7.o(i.__0vprintf$7) refers to fputc.o(i.fputc) for fputc
    printf7.o(i.__0vprintf$7) refers to stdout.o(.data) for __stdout
    printf7.o(i.__0vsnprintf$7) refers to printf7.o(i._printf_core) for _printf_core
    printf7.o(i.__0vsnprintf$7) refers to printf7.o(i._snputc) for _snputc
    printf7.o(i.__0vsprintf$7) refers to printf7.o(i._printf_core) for _printf_core
    printf7.o(i.__0vsprintf$7) refers to printf7.o(i._sputc) for _sputc
    printf7.o(i._printf_core) refers to printf7.o(i._printf_pre_padding) for _printf_pre_padding
    printf7.o(i._printf_core) refers to uldiv.o(.text) for __aeabi_uldivmod
    printf7.o(i._printf_core) refers to printf7.o(i._printf_post_padding) for _printf_post_padding
    printf8.o(i.__0fprintf$8) refers to printf8.o(i._printf_core) for _printf_core
    printf8.o(i.__0fprintf$8) refers to fputc.o(i.fputc) for fputc
    printf8.o(i.__0printf$8) refers to printf8.o(i._printf_core) for _printf_core
    printf8.o(i.__0printf$8) refers to fputc.o(i.fputc) for fputc
    printf8.o(i.__0printf$8) refers to stdout.o(.data) for __stdout
    printf8.o(i.__0snprintf$8) refers to printf8.o(i._printf_core) for _printf_core
    printf8.o(i.__0snprintf$8) refers to printf8.o(i._snputc) for _snputc
    printf8.o(i.__0sprintf$8) refers to printf8.o(i._printf_core) for _printf_core
    printf8.o(i.__0sprintf$8) refers to printf8.o(i._sputc) for _sputc
    printf8.o(i.__0vfprintf$8) refers to printf8.o(i._printf_core) for _printf_core
    printf8.o(i.__0vfprintf$8) refers to fputc.o(i.fputc) for fputc
    printf8.o(i.__0vprintf$8) refers to printf8.o(i._printf_core) for _printf_core
    printf8.o(i.__0vprintf$8) refers to fputc.o(i.fputc) for fputc
    printf8.o(i.__0vprintf$8) refers to stdout.o(.data) for __stdout
    printf8.o(i.__0vsnprintf$8) refers to printf8.o(i._printf_core) for _printf_core
    printf8.o(i.__0vsnprintf$8) refers to printf8.o(i._snputc) for _snputc
    printf8.o(i.__0vsprintf$8) refers to printf8.o(i._printf_core) for _printf_core
    printf8.o(i.__0vsprintf$8) refers to printf8.o(i._sputc) for _sputc
    printf8.o(i._printf_core) refers to printf8.o(i._printf_pre_padding) for _printf_pre_padding
    printf8.o(i._printf_core) refers to uldiv.o(.text) for __aeabi_uldivmod
    printf8.o(i._printf_core) refers to printf8.o(i._printf_post_padding) for _printf_post_padding
    printfa.o(i.__0fprintf) refers (Special) to iusefp.o(.text) for __I$use$fp
    printfa.o(i.__0fprintf) refers to printfa.o(i._printf_core) for _printf_core
    printfa.o(i.__0fprintf) refers to fputc.o(i.fputc) for fputc
    printfa.o(i.__0printf) refers (Special) to iusefp.o(.text) for __I$use$fp
    printfa.o(i.__0printf) refers to printfa.o(i._printf_core) for _printf_core
    printfa.o(i.__0printf) refers to fputc.o(i.fputc) for fputc
    printfa.o(i.__0printf) refers to stdout.o(.data) for __stdout
    printfa.o(i.__0snprintf) refers (Special) to iusefp.o(.text) for __I$use$fp
    printfa.o(i.__0snprintf) refers to printfa.o(i._printf_core) for _printf_core
    printfa.o(i.__0snprintf) refers to printfa.o(i._snputc) for _snputc
    printfa.o(i.__0sprintf) refers (Special) to iusefp.o(.text) for __I$use$fp
    printfa.o(i.__0sprintf) refers to printfa.o(i._printf_core) for _printf_core
    printfa.o(i.__0sprintf) refers to printfa.o(i._sputc) for _sputc
    printfa.o(i.__0vfprintf) refers (Special) to iusefp.o(.text) for __I$use$fp
    printfa.o(i.__0vfprintf) refers to printfa.o(i._printf_core) for _printf_core
    printfa.o(i.__0vfprintf) refers to fputc.o(i.fputc) for fputc
    printfa.o(i.__0vprintf) refers (Special) to iusefp.o(.text) for __I$use$fp
    printfa.o(i.__0vprintf) refers to printfa.o(i._printf_core) for _printf_core
    printfa.o(i.__0vprintf) refers to fputc.o(i.fputc) for fputc
    printfa.o(i.__0vprintf) refers to stdout.o(.data) for __stdout
    printfa.o(i.__0vsnprintf) refers (Special) to iusefp.o(.text) for __I$use$fp
    printfa.o(i.__0vsnprintf) refers to printfa.o(i._printf_core) for _printf_core
    printfa.o(i.__0vsnprintf) refers to printfa.o(i._snputc) for _snputc
    printfa.o(i.__0vsprintf) refers (Special) to iusefp.o(.text) for __I$use$fp
    printfa.o(i.__0vsprintf) refers to printfa.o(i._printf_core) for _printf_core
    printfa.o(i.__0vsprintf) refers to printfa.o(i._sputc) for _sputc
    printfa.o(i._fp_digits) refers (Special) to iusefp.o(.text) for __I$use$fp
    printfa.o(i._fp_digits) refers to dmul.o(.text) for __aeabi_dmul
    printfa.o(i._fp_digits) refers to ddiv.o(.text) for __aeabi_ddiv
    printfa.o(i._fp_digits) refers to cdrcmple.o(.text) for __aeabi_cdrcmple
    printfa.o(i._fp_digits) refers to dadd.o(.text) for __aeabi_dadd
    printfa.o(i._fp_digits) refers to dfixul.o(.text) for __aeabi_d2ulz
    printfa.o(i._fp_digits) refers to uldiv.o(.text) for __aeabi_uldivmod
    printfa.o(i._printf_core) refers (Special) to iusefp.o(.text) for __I$use$fp
    printfa.o(i._printf_core) refers to printfa.o(i._printf_pre_padding) for _printf_pre_padding
    printfa.o(i._printf_core) refers to uldiv.o(.text) for __aeabi_uldivmod
    printfa.o(i._printf_core) refers to printfa.o(i._printf_post_padding) for _printf_post_padding
    printfa.o(i._printf_core) refers to printfa.o(i._fp_digits) for _fp_digits
    printfa.o(i._printf_core) refers to uidiv.o(.text) for __aeabi_uidivmod
    printfa.o(i._printf_post_padding) refers (Special) to iusefp.o(.text) for __I$use$fp
    printfa.o(i._printf_pre_padding) refers (Special) to iusefp.o(.text) for __I$use$fp
    printfa.o(i._snputc) refers (Special) to iusefp.o(.text) for __I$use$fp
    printfa.o(i._sputc) refers (Special) to iusefp.o(.text) for __I$use$fp
    malloc.o(i.free) refers to mvars.o(.data) for __microlib_freelist
    malloc.o(i.malloc) refers to mvars.o(.data) for __microlib_freelist_initialised
    malloc.o(i.malloc) refers to mvars.o(.data) for __microlib_freelist
    malloc.o(i.malloc) refers to startup_stm32f10x_cl.o(HEAP) for __heap_base
    mallocr.o(i.__free$realloc) refers to mvars.o(.data) for __microlib_freelist
    mallocr.o(i.__malloc$realloc) refers to mallocr.o(i.internal_alloc) for internal_alloc
    mallocr.o(i.__malloc$realloc) refers to mvars.o(.data) for __microlib_freelist_initialised
    mallocr.o(i.__malloc$realloc) refers to startup_stm32f10x_cl.o(HEAP) for __heap_base
    mallocr.o(i.__malloc$realloc) refers to mvars.o(.data) for __microlib_freelist
    mallocr.o(i.internal_alloc) refers to memcpya.o(.text) for __aeabi_memcpy
    mallocr.o(i.internal_alloc) refers to mvars.o(.data) for __microlib_freelist
    mallocr.o(i.realloc) refers to mallocr.o(i.__free$realloc) for __free$realloc
    mallocr.o(i.realloc) refers to mallocr.o(i.internal_alloc) for internal_alloc
    mallocr.o(i.realloc) refers to mallocr.o(i.__malloc$realloc) for __malloc$realloc
    mallocr.o(i.realloc) refers to mvars.o(.data) for __microlib_freelist
    malloca.o(i.__aligned_malloc) refers to mvars.o(.data) for __microlib_freelist_initialised
    malloca.o(i.__aligned_malloc) refers to mvars.o(.data) for __microlib_freelist
    malloca.o(i.__aligned_malloc) refers to startup_stm32f10x_cl.o(HEAP) for __heap_base
    malloca.o(i.__free$memalign) refers to mvars.o(.data) for __microlib_freelist
    malloca.o(i.__malloc$memalign) refers to malloca.o(i.__aligned_malloc) for __aligned_malloc
    mallocra.o(i.__aligned_malloc$realloc) refers to mallocra.o(i.internal_alloc) for internal_alloc
    mallocra.o(i.__aligned_malloc$realloc) refers to mvars.o(.data) for __microlib_freelist_initialised
    mallocra.o(i.__aligned_malloc$realloc) refers to startup_stm32f10x_cl.o(HEAP) for __heap_base
    mallocra.o(i.__aligned_malloc$realloc) refers to mvars.o(.data) for __microlib_freelist
    mallocra.o(i.__free$realloc$memalign) refers to mvars.o(.data) for __microlib_freelist
    mallocra.o(i.__malloc$realloc$memalign) refers to mallocra.o(i.__aligned_malloc$realloc) for __aligned_malloc$realloc
    mallocra.o(i.__realloc$memalign) refers to mallocra.o(i.__free$realloc$memalign) for __free$realloc$memalign
    mallocra.o(i.__realloc$memalign) refers to mallocra.o(i.internal_alloc) for internal_alloc
    mallocra.o(i.__realloc$memalign) refers to mallocra.o(i.__malloc$realloc$memalign) for __malloc$realloc$memalign
    mallocra.o(i.__realloc$memalign) refers to mvars.o(.data) for __microlib_freelist
    mallocra.o(i.internal_alloc) refers to memcpya.o(.text) for __aeabi_memcpy
    mallocra.o(i.internal_alloc) refers to mvars.o(.data) for __microlib_freelist
    __0sscanf.o(.text) refers to scanf_char.o(.text) for __vfscanf_char
    __0sscanf.o(.text) refers to _sgetc.o(.text) for _sgetc
    _scanf_int.o(.text) refers to _chval.o(.text) for _chval
    fmul.o(.text) refers (Special) to iusefp.o(.text) for __I$use$fp
    dadd.o(.text) refers (Special) to iusefp.o(.text) for __I$use$fp
    dadd.o(.text) refers to llshl.o(.text) for __aeabi_llsl
    dadd.o(.text) refers to llsshr.o(.text) for __aeabi_lasr
    dadd.o(.text) refers to depilogue.o(.text) for _double_epilogue
    dmul.o(.text) refers (Special) to iusefp.o(.text) for __I$use$fp
    dmul.o(.text) refers to depilogue.o(.text) for _double_epilogue
    ddiv.o(.text) refers (Special) to iusefp.o(.text) for __I$use$fp
    ddiv.o(.text) refers to depilogue.o(.text) for _double_round
    ffltui.o(.text) refers (Special) to iusefp.o(.text) for __I$use$fp
    ffltui.o(.text) refers to fepilogue.o(.text) for _float_epilogue
    dfltui.o(.text) refers (Special) to iusefp.o(.text) for __I$use$fp
    dfltui.o(.text) refers to depilogue.o(.text) for _double_epilogue
    ffixui.o(.text) refers (Special) to iusefp.o(.text) for __I$use$fp
    dfixui.o(.text) refers (Special) to iusefp.o(.text) for __I$use$fp
    dfixui.o(.text) refers to llushr.o(.text) for __aeabi_llsr
    d2f.o(.text) refers (Special) to iusefp.o(.text) for __I$use$fp
    d2f.o(.text) refers to fepilogue.o(.text) for _float_round
    entry2.o(.ARM.Collect$$$$00000001) refers to entry2.o(.ARM.Collect$$$$00002712) for __lit__00000000
    entry2.o(.ARM.Collect$$$$00002712) refers to startup_stm32f10x_cl.o(STACK) for __initial_sp
    entry2.o(__vectab_stack_and_reset_area) refers to startup_stm32f10x_cl.o(STACK) for __initial_sp
    entry2.o(__vectab_stack_and_reset_area) refers to entry.o(.ARM.Collect$$$$00000000) for __main
    entry5.o(.ARM.Collect$$$$00000004) refers to init.o(.text) for __scatterload
    entry9a.o(.ARM.Collect$$$$0000000B) refers to main.o(i.main) for main
    entry9b.o(.ARM.Collect$$$$0000000C) refers to main.o(i.main) for main
    fputc.o(i.fputc) refers (Special) to iusesemip.o(.text) for __I$use$semihosting$fputc
    fputc.o(i.fputc) refers (Special) to semi.o(.text) for __semihosting_library_function
    uldiv.o(.text) refers to llushr.o(.text) for __aeabi_llsr
    uldiv.o(.text) refers to llshl.o(.text) for __aeabi_llsl
    scanf_char.o(.text) refers to _scanf.o(.text) for __vfscanf
    scanf_char.o(.text) refers to isspace_c.o(.text) for isspace
    depilogue.o(.text) refers to llshl.o(.text) for __aeabi_llsl
    depilogue.o(.text) refers to llushr.o(.text) for __aeabi_llsr
    dfixul.o(.text) refers to llushr.o(.text) for __aeabi_llsr
    dfixul.o(.text) refers to llshl.o(.text) for __aeabi_llsl
    init.o(.text) refers to entry5.o(.ARM.Collect$$$$00000004) for __main_after_scatterload
    isspace_c.o(.text) refers to ctype_c.o(.text) for __ctype_lookup
    _scanf.o(.text) refers (Weak) to _scanf_int.o(.text) for _scanf_int
    _scanf.o(.text) refers (Weak) to _scanf_str.o(.text) for _scanf_string
    ctype_c.o(.text) refers to ctype_c.o(.constdata) for .constdata


==============================================================================

Removing Unused input sections from the image.

    Removing app_tsks.o(i.code_sending_fix), (6 bytes).
    Removing app_tsks.o(.bss), (12 bytes).
    Removing main.o(.data), (2 bytes).
    Removing core_cm3.o(.emb_text), (32 bytes).
    Removing stm32f10x_it.o(i.PendSV_Handler), (2 bytes).
    Removing stm32f10x_it.o(i.SVC_Handler), (2 bytes).
    Removing stm32f10x_it.o(i.SysTick_Handler), (2 bytes).
    Removing system_stm32f10x.o(i.SystemCoreClockUpdate), (160 bytes).
    Removing system_stm32f10x.o(.data), (20 bytes).
    Removing startup_stm32f10x_cl.o(HEAP), (0 bytes).
    Removing event_groups.o(i.prvTestWaitCondition), (20 bytes).
    Removing event_groups.o(i.vEventGroupClearBitsCallback), (4 bytes).
    Removing event_groups.o(i.vEventGroupDelete), (70 bytes).
    Removing event_groups.o(i.vEventGroupSetBitsCallback), (4 bytes).
    Removing event_groups.o(i.xEventGroupClearBits), (64 bytes).
    Removing event_groups.o(i.xEventGroupCreate), (26 bytes).
    Removing event_groups.o(i.xEventGroupGetBitsFromISR), (26 bytes).
    Removing event_groups.o(i.xEventGroupSetBits), (140 bytes).
    Removing event_groups.o(i.xEventGroupSync), (204 bytes).
    Removing event_groups.o(i.xEventGroupWaitBits), (264 bytes).
    Removing queue.o(i.uxQueueMessagesWaiting), (36 bytes).
    Removing queue.o(i.uxQueueMessagesWaitingFromISR), (22 bytes).
    Removing queue.o(i.uxQueueSpacesAvailable), (40 bytes).
    Removing queue.o(i.vQueueDelete), (22 bytes).
    Removing queue.o(i.xQueueCreateCountingSemaphore), (58 bytes).
    Removing queue.o(i.xQueueCreateMutex), (36 bytes).
    Removing queue.o(i.xQueueIsQueueEmptyFromISR), (30 bytes).
    Removing queue.o(i.xQueueIsQueueFullFromISR), (34 bytes).
    Removing queue.o(i.xQueuePeek), (308 bytes).
    Removing queue.o(i.xQueuePeekFromISR), (116 bytes).
    Removing queue.o(i.xQueueReceiveFromISR), (154 bytes).
    Removing stream_buffer.o(i.prvBytesInBuffer), (18 bytes).
    Removing stream_buffer.o(i.prvInitialiseNewStreamBuffer), (66 bytes).
    Removing stream_buffer.o(i.prvReadBytesFromBuffer), (140 bytes).
    Removing stream_buffer.o(i.prvReadMessageFromBuffer), (58 bytes).
    Removing stream_buffer.o(i.prvWriteBytesToBuffer), (130 bytes).
    Removing stream_buffer.o(i.prvWriteMessageToBuffer), (60 bytes).
    Removing stream_buffer.o(i.vStreamBufferDelete), (34 bytes).
    Removing stream_buffer.o(i.xStreamBufferBytesAvailable), (22 bytes).
    Removing stream_buffer.o(i.xStreamBufferGenericCreate), (108 bytes).
    Removing stream_buffer.o(i.xStreamBufferIsEmpty), (34 bytes).
    Removing stream_buffer.o(i.xStreamBufferIsFull), (48 bytes).
    Removing stream_buffer.o(i.xStreamBufferNextMessageLengthBytes), (78 bytes).
    Removing stream_buffer.o(i.xStreamBufferReceive), (212 bytes).
    Removing stream_buffer.o(i.xStreamBufferReceiveCompletedFromISR), (70 bytes).
    Removing stream_buffer.o(i.xStreamBufferReceiveFromISR), (144 bytes).
    Removing stream_buffer.o(i.xStreamBufferReset), (66 bytes).
    Removing stream_buffer.o(i.xStreamBufferSend), (258 bytes).
    Removing stream_buffer.o(i.xStreamBufferSendCompletedFromISR), (70 bytes).
    Removing stream_buffer.o(i.xStreamBufferSendFromISR), (142 bytes).
    Removing stream_buffer.o(i.xStreamBufferSetTriggerLevel), (40 bytes).
    Removing stream_buffer.o(i.xStreamBufferSpacesAvailable), (38 bytes).
    Removing tasks.o(i.pcTaskGetName), (32 bytes).
    Removing tasks.o(i.prvTaskIsTaskSuspended), (52 bytes).
    Removing tasks.o(i.uxTaskGetNumberOfTasks), (12 bytes).
    Removing tasks.o(i.uxTaskPriorityGet), (28 bytes).
    Removing tasks.o(i.uxTaskPriorityGetFromISR), (44 bytes).
    Removing tasks.o(i.uxTaskResetEventItemValue), (24 bytes).
    Removing tasks.o(i.vTaskDelayUntil), (140 bytes).
    Removing tasks.o(i.vTaskEndScheduler), (28 bytes).
    Removing tasks.o(i.vTaskPlaceOnUnorderedEventList), (80 bytes).
    Removing tasks.o(i.vTaskPrioritySet), (196 bytes).
    Removing tasks.o(i.vTaskRemoveFromUnorderedEventList), (112 bytes).
    Removing tasks.o(i.vTaskResume), (124 bytes).
    Removing tasks.o(i.vTaskSetTimeOutState), (48 bytes).
    Removing tasks.o(i.vTaskSuspend), (188 bytes).
    Removing tasks.o(i.xTaskGenericNotifyFromISR), (260 bytes).
    Removing tasks.o(i.xTaskGetTickCountFromISR), (16 bytes).
    Removing tasks.o(i.xTaskNotifyStateClear), (52 bytes).
    Removing tasks.o(i.xTaskNotifyWait), (140 bytes).
    Removing tasks.o(i.xTaskResumeFromISR), (136 bytes).
    Removing timers.o(i.pcTimerGetName), (22 bytes).
    Removing timers.o(i.pvTimerGetTimerID), (36 bytes).
    Removing timers.o(i.vTimerSetTimerID), (38 bytes).
    Removing timers.o(i.xTimerGetExpiryTime), (22 bytes).
    Removing timers.o(i.xTimerGetPeriod), (22 bytes).
    Removing timers.o(i.xTimerGetTimerDaemonTaskHandle), (32 bytes).
    Removing timers.o(i.xTimerIsTimerActive), (44 bytes).
    Removing port.o(i.vPortEndScheduler), (32 bytes).
    Removing heap_4.o(i.vPortInitialiseBlocks), (2 bytes).
    Removing heap_4.o(i.xPortGetFreeHeapSize), (12 bytes).
    Removing heap_4.o(i.xPortGetMinimumEverFreeHeapSize), (12 bytes).
    Removing misc.o(i.NVIC_SetVectorTable), (20 bytes).
    Removing misc.o(i.NVIC_SystemLPConfig), (24 bytes).
    Removing misc.o(i.SysTick_CLKSourceConfig), (24 bytes).
    Removing stm32f10x_crc.o(i.CRC_CalcBlockCRC), (28 bytes).
    Removing stm32f10x_crc.o(i.CRC_CalcCRC), (12 bytes).
    Removing stm32f10x_crc.o(i.CRC_GetCRC), (12 bytes).
    Removing stm32f10x_crc.o(i.CRC_GetIDRegister), (12 bytes).
    Removing stm32f10x_crc.o(i.CRC_ResetDR), (12 bytes).
    Removing stm32f10x_crc.o(i.CRC_SetIDRegister), (12 bytes).
    Removing stm32f10x_dma.o(i.DMA_ClearITPendingBit), (24 bytes).
    Removing stm32f10x_dma.o(i.DMA_GetITStatus), (32 bytes).
    Removing stm32f10x_dma.o(i.DMA_StructInit), (26 bytes).
    Removing stm32f10x_exti.o(i.EXTI_ClearFlag), (12 bytes).
    Removing stm32f10x_exti.o(i.EXTI_DeInit), (36 bytes).
    Removing stm32f10x_exti.o(i.EXTI_GenerateSWInterrupt), (16 bytes).
    Removing stm32f10x_exti.o(i.EXTI_GetFlagStatus), (20 bytes).
    Removing stm32f10x_exti.o(i.EXTI_GetITStatus), (32 bytes).
    Removing stm32f10x_exti.o(i.EXTI_Init), (112 bytes).
    Removing stm32f10x_exti.o(i.EXTI_StructInit), (14 bytes).
    Removing stm32f10x_flash.o(i.FLASH_EnableWriteProtection), (172 bytes).
    Removing stm32f10x_flash.o(i.FLASH_EraseAllBank1Pages), (56 bytes).
    Removing stm32f10x_flash.o(i.FLASH_EraseAllPages), (56 bytes).
    Removing stm32f10x_flash.o(i.FLASH_EraseOptionBytes), (124 bytes).
    Removing stm32f10x_flash.o(i.FLASH_GetFlagStatus), (32 bytes).
    Removing stm32f10x_flash.o(i.FLASH_GetPrefetchBufferStatus), (20 bytes).
    Removing stm32f10x_flash.o(i.FLASH_GetReadOutProtectionStatus), (20 bytes).
    Removing stm32f10x_flash.o(i.FLASH_GetStatus), (40 bytes).
    Removing stm32f10x_flash.o(i.FLASH_GetUserOptionByte), (12 bytes).
    Removing stm32f10x_flash.o(i.FLASH_GetWriteProtectionOptionByte), (12 bytes).
    Removing stm32f10x_flash.o(i.FLASH_HalfCycleAccessCmd), (24 bytes).
    Removing stm32f10x_flash.o(i.FLASH_ITConfig), (24 bytes).
    Removing stm32f10x_flash.o(i.FLASH_LockBank1), (16 bytes).
    Removing stm32f10x_flash.o(i.FLASH_PrefetchBufferCmd), (24 bytes).
    Removing stm32f10x_flash.o(i.FLASH_ProgramOptionByteData), (76 bytes).
    Removing stm32f10x_flash.o(i.FLASH_ProgramWord), (80 bytes).
    Removing stm32f10x_flash.o(i.FLASH_ReadOutProtection), (136 bytes).
    Removing stm32f10x_flash.o(i.FLASH_SetLatency), (20 bytes).
    Removing stm32f10x_flash.o(i.FLASH_UnlockBank1), (24 bytes).
    Removing stm32f10x_flash.o(i.FLASH_UserOptionByteConfig), (96 bytes).
    Removing stm32f10x_flash.o(i.FLASH_WaitForLastBank1Operation), (36 bytes).
    Removing stm32f10x_gpio.o(i.GPIO_AFIODeInit), (22 bytes).
    Removing stm32f10x_gpio.o(i.GPIO_DeInit), (180 bytes).
    Removing stm32f10x_gpio.o(i.GPIO_ETH_MediaInterfaceConfig), (12 bytes).
    Removing stm32f10x_gpio.o(i.GPIO_EXTILineConfig), (40 bytes).
    Removing stm32f10x_gpio.o(i.GPIO_EventOutputCmd), (12 bytes).
    Removing stm32f10x_gpio.o(i.GPIO_EventOutputConfig), (28 bytes).
    Removing stm32f10x_gpio.o(i.GPIO_PinLockConfig), (16 bytes).
    Removing stm32f10x_gpio.o(i.GPIO_ReadInputData), (6 bytes).
    Removing stm32f10x_gpio.o(i.GPIO_ReadOutputData), (6 bytes).
    Removing stm32f10x_gpio.o(i.GPIO_ReadOutputDataBit), (14 bytes).
    Removing stm32f10x_gpio.o(i.GPIO_StructInit), (16 bytes).
    Removing stm32f10x_gpio.o(i.GPIO_Write), (4 bytes).
    Removing stm32f10x_gpio.o(i.GPIO_WriteBit), (10 bytes).
    Removing stm32f10x_i2c.o(i.I2C_ARPCmd), (20 bytes).
    Removing stm32f10x_i2c.o(i.I2C_AcknowledgeConfig), (20 bytes).
    Removing stm32f10x_i2c.o(i.I2C_CalculatePEC), (20 bytes).
    Removing stm32f10x_i2c.o(i.I2C_CheckEvent), (24 bytes).
    Removing stm32f10x_i2c.o(i.I2C_ClearFlag), (6 bytes).
    Removing stm32f10x_i2c.o(i.I2C_ClearITPendingBit), (6 bytes).
    Removing stm32f10x_i2c.o(i.I2C_Cmd), (20 bytes).
    Removing stm32f10x_i2c.o(i.I2C_DMACmd), (20 bytes).
    Removing stm32f10x_i2c.o(i.I2C_DMALastTransferCmd), (20 bytes).
    Removing stm32f10x_i2c.o(i.I2C_DeInit), (44 bytes).
    Removing stm32f10x_i2c.o(i.I2C_DualAddressCmd), (20 bytes).
    Removing stm32f10x_i2c.o(i.I2C_FastModeDutyCycleConfig), (22 bytes).
    Removing stm32f10x_i2c.o(i.I2C_GeneralCallCmd), (20 bytes).
    Removing stm32f10x_i2c.o(i.I2C_GenerateSTART), (20 bytes).
    Removing stm32f10x_i2c.o(i.I2C_GenerateSTOP), (20 bytes).
    Removing stm32f10x_i2c.o(i.I2C_GetFlagStatus), (42 bytes).
    Removing stm32f10x_i2c.o(i.I2C_GetITStatus), (36 bytes).
    Removing stm32f10x_i2c.o(i.I2C_GetLastEvent), (14 bytes).
    Removing stm32f10x_i2c.o(i.I2C_GetPEC), (6 bytes).
    Removing stm32f10x_i2c.o(i.I2C_ITConfig), (16 bytes).
    Removing stm32f10x_i2c.o(i.I2C_Init), (188 bytes).
    Removing stm32f10x_i2c.o(i.I2C_NACKPositionConfig), (22 bytes).
    Removing stm32f10x_i2c.o(i.I2C_OwnAddress2Config), (16 bytes).
    Removing stm32f10x_i2c.o(i.I2C_PECPositionConfig), (22 bytes).
    Removing stm32f10x_i2c.o(i.I2C_ReadRegister), (10 bytes).
    Removing stm32f10x_i2c.o(i.I2C_ReceiveData), (6 bytes).
    Removing stm32f10x_i2c.o(i.I2C_SMBusAlertConfig), (22 bytes).
    Removing stm32f10x_i2c.o(i.I2C_Send7bitAddress), (16 bytes).
    Removing stm32f10x_i2c.o(i.I2C_SendData), (4 bytes).
    Removing stm32f10x_i2c.o(i.I2C_SoftwareResetCmd), (20 bytes).
    Removing stm32f10x_i2c.o(i.I2C_StretchClockCmd), (20 bytes).
    Removing stm32f10x_i2c.o(i.I2C_StructInit), (28 bytes).
    Removing stm32f10x_i2c.o(i.I2C_TransmitPEC), (20 bytes).
    Removing stm32f10x_iwdg.o(i.IWDG_Enable), (16 bytes).
    Removing stm32f10x_iwdg.o(i.IWDG_GetFlagStatus), (20 bytes).
    Removing stm32f10x_iwdg.o(i.IWDG_ReloadCounter), (16 bytes).
    Removing stm32f10x_iwdg.o(i.IWDG_SetPrescaler), (12 bytes).
    Removing stm32f10x_iwdg.o(i.IWDG_SetReload), (12 bytes).
    Removing stm32f10x_iwdg.o(i.IWDG_WriteAccessCmd), (12 bytes).
    Removing stm32f10x_spi.o(i.I2S_Cmd), (20 bytes).
    Removing stm32f10x_spi.o(i.I2S_Init), (228 bytes).
    Removing stm32f10x_spi.o(i.I2S_StructInit), (18 bytes).
    Removing stm32f10x_spi.o(i.SPI_BiDirectionalLineConfig), (22 bytes).
    Removing stm32f10x_spi.o(i.SPI_CalculateCRC), (20 bytes).
    Removing stm32f10x_spi.o(i.SPI_Cmd), (20 bytes).
    Removing stm32f10x_spi.o(i.SPI_DataSizeConfig), (16 bytes).
    Removing stm32f10x_spi.o(i.SPI_GetCRC), (12 bytes).
    Removing stm32f10x_spi.o(i.SPI_GetCRCPolynomial), (4 bytes).
    Removing stm32f10x_spi.o(i.SPI_I2S_ClearFlag), (6 bytes).
    Removing stm32f10x_spi.o(i.SPI_I2S_ClearITPendingBit), (14 bytes).
    Removing stm32f10x_spi.o(i.SPI_I2S_DMACmd), (16 bytes).
    Removing stm32f10x_spi.o(i.SPI_I2S_DeInit), (84 bytes).
    Removing stm32f10x_spi.o(i.SPI_I2S_GetITStatus), (42 bytes).
    Removing stm32f10x_spi.o(i.SPI_I2S_ITConfig), (24 bytes).
    Removing stm32f10x_spi.o(i.SPI_Init), (56 bytes).
    Removing stm32f10x_spi.o(i.SPI_NSSInternalSoftwareConfig), (24 bytes).
    Removing stm32f10x_spi.o(i.SPI_SSOutputCmd), (20 bytes).
    Removing stm32f10x_spi.o(i.SPI_StructInit), (24 bytes).
    Removing stm32f10x_spi.o(i.SPI_TransmitCRC), (10 bytes).
    Removing stm32f10x_tim.o(i.TI1_Config), (108 bytes).
    Removing stm32f10x_tim.o(i.TI2_Config), (124 bytes).
    Removing stm32f10x_tim.o(i.TIM_BDTRConfig), (34 bytes).
    Removing stm32f10x_tim.o(i.TIM_BDTRStructInit), (18 bytes).
    Removing stm32f10x_tim.o(i.TIM_CCPreloadControl), (20 bytes).
    Removing stm32f10x_tim.o(i.TIM_CCxCmd), (22 bytes).
    Removing stm32f10x_tim.o(i.TIM_CCxNCmd), (22 bytes).
    Removing stm32f10x_tim.o(i.TIM_ClearOC1Ref), (12 bytes).
    Removing stm32f10x_tim.o(i.TIM_ClearOC2Ref), (20 bytes).
    Removing stm32f10x_tim.o(i.TIM_ClearOC3Ref), (12 bytes).
    Removing stm32f10x_tim.o(i.TIM_ClearOC4Ref), (20 bytes).
    Removing stm32f10x_tim.o(i.TIM_CounterModeConfig), (12 bytes).
    Removing stm32f10x_tim.o(i.TIM_DMACmd), (16 bytes).
    Removing stm32f10x_tim.o(i.TIM_DMAConfig), (8 bytes).
    Removing stm32f10x_tim.o(i.TIM_DeInit), (368 bytes).
    Removing stm32f10x_tim.o(i.TIM_ETRClockMode1Config), (18 bytes).
    Removing stm32f10x_tim.o(i.TIM_ETRClockMode2Config), (18 bytes).
    Removing stm32f10x_tim.o(i.TIM_ETRConfig), (24 bytes).
    Removing stm32f10x_tim.o(i.TIM_EncoderInterfaceConfig), (50 bytes).
    Removing stm32f10x_tim.o(i.TIM_ForcedOC1Config), (12 bytes).
    Removing stm32f10x_tim.o(i.TIM_ForcedOC2Config), (20 bytes).
    Removing stm32f10x_tim.o(i.TIM_ForcedOC3Config), (12 bytes).
    Removing stm32f10x_tim.o(i.TIM_ForcedOC4Config), (20 bytes).
    Removing stm32f10x_tim.o(i.TIM_GenerateEvent), (4 bytes).
    Removing stm32f10x_tim.o(i.TIM_GetCapture1), (4 bytes).
    Removing stm32f10x_tim.o(i.TIM_GetCapture2), (4 bytes).
    Removing stm32f10x_tim.o(i.TIM_GetCapture3), (4 bytes).
    Removing stm32f10x_tim.o(i.TIM_GetCounter), (4 bytes).
    Removing stm32f10x_tim.o(i.TIM_GetFlagStatus), (14 bytes).
    Removing stm32f10x_tim.o(i.TIM_GetPrescaler), (4 bytes).
    Removing stm32f10x_tim.o(i.TIM_ICInit), (300 bytes).
    Removing stm32f10x_tim.o(i.TIM_ICStructInit), (16 bytes).
    Removing stm32f10x_tim.o(i.TIM_ITRxExternalClockConfig), (18 bytes).
    Removing stm32f10x_tim.o(i.TIM_InternalClockConfig), (10 bytes).
    Removing stm32f10x_tim.o(i.TIM_OC1FastConfig), (12 bytes).
    Removing stm32f10x_tim.o(i.TIM_OC1NPolarityConfig), (12 bytes).
    Removing stm32f10x_tim.o(i.TIM_OC1PolarityConfig), (12 bytes).
    Removing stm32f10x_tim.o(i.TIM_OC2FastConfig), (20 bytes).
    Removing stm32f10x_tim.o(i.TIM_OC2NPolarityConfig), (20 bytes).
    Removing stm32f10x_tim.o(i.TIM_OC2PolarityConfig), (20 bytes).
    Removing stm32f10x_tim.o(i.TIM_OC3FastConfig), (12 bytes).
    Removing stm32f10x_tim.o(i.TIM_OC3NPolarityConfig), (20 bytes).
    Removing stm32f10x_tim.o(i.TIM_OC3PolarityConfig), (20 bytes).
    Removing stm32f10x_tim.o(i.TIM_OC4FastConfig), (20 bytes).
    Removing stm32f10x_tim.o(i.TIM_OC4PolarityConfig), (20 bytes).
    Removing stm32f10x_tim.o(i.TIM_OCStructInit), (20 bytes).
    Removing stm32f10x_tim.o(i.TIM_PWMIConfig), (108 bytes).
    Removing stm32f10x_tim.o(i.TIM_PrescalerConfig), (6 bytes).
    Removing stm32f10x_tim.o(i.TIM_SelectCCDMA), (20 bytes).
    Removing stm32f10x_tim.o(i.TIM_SelectCOM), (20 bytes).
    Removing stm32f10x_tim.o(i.TIM_SelectHallSensor), (20 bytes).
    Removing stm32f10x_tim.o(i.TIM_SelectInputTrigger), (12 bytes).
    Removing stm32f10x_tim.o(i.TIM_SelectMasterSlaveMode), (16 bytes).
    Removing stm32f10x_tim.o(i.TIM_SelectOCxM), (70 bytes).
    Removing stm32f10x_tim.o(i.TIM_SelectOnePulseMode), (16 bytes).
    Removing stm32f10x_tim.o(i.TIM_SelectOutputTrigger), (16 bytes).
    Removing stm32f10x_tim.o(i.TIM_SelectSlaveMode), (16 bytes).
    Removing stm32f10x_tim.o(i.TIM_SetAutoreload), (4 bytes).
    Removing stm32f10x_tim.o(i.TIM_SetClockDivision), (16 bytes).
    Removing stm32f10x_tim.o(i.TIM_SetCounter), (4 bytes).
    Removing stm32f10x_tim.o(i.TIM_SetIC1Prescaler), (16 bytes).
    Removing stm32f10x_tim.o(i.TIM_SetIC2Prescaler), (24 bytes).
    Removing stm32f10x_tim.o(i.TIM_SetIC3Prescaler), (16 bytes).
    Removing stm32f10x_tim.o(i.TIM_SetIC4Prescaler), (24 bytes).
    Removing stm32f10x_tim.o(i.TIM_TIxExternalClockConfig), (46 bytes).
    Removing stm32f10x_tim.o(i.TIM_TimeBaseStructInit), (18 bytes).
    Removing stm32f10x_tim.o(i.TIM_UpdateDisableConfig), (20 bytes).
    Removing stm32f10x_tim.o(i.TIM_UpdateRequestConfig), (20 bytes).
    Removing stm32f10x_usart.o(i.USART_ClearFlag), (6 bytes).
    Removing stm32f10x_usart.o(i.USART_ClockInit), (30 bytes).
    Removing stm32f10x_usart.o(i.USART_ClockStructInit), (12 bytes).
    Removing stm32f10x_usart.o(i.USART_DeInit), (116 bytes).
    Removing stm32f10x_usart.o(i.USART_HalfDuplexCmd), (20 bytes).
    Removing stm32f10x_usart.o(i.USART_IrDACmd), (20 bytes).
    Removing stm32f10x_usart.o(i.USART_IrDAConfig), (16 bytes).
    Removing stm32f10x_usart.o(i.USART_LINBreakDetectLengthConfig), (16 bytes).
    Removing stm32f10x_usart.o(i.USART_LINCmd), (20 bytes).
    Removing stm32f10x_usart.o(i.USART_OneBitMethodCmd), (20 bytes).
    Removing stm32f10x_usart.o(i.USART_OverSampling8Cmd), (20 bytes).
    Removing stm32f10x_usart.o(i.USART_ReceiverWakeUpCmd), (20 bytes).
    Removing stm32f10x_usart.o(i.USART_SendBreak), (10 bytes).
    Removing stm32f10x_usart.o(i.USART_SendData), (8 bytes).
    Removing stm32f10x_usart.o(i.USART_SetAddress), (16 bytes).
    Removing stm32f10x_usart.o(i.USART_SetGuardTime), (16 bytes).
    Removing stm32f10x_usart.o(i.USART_SetPrescaler), (16 bytes).
    Removing stm32f10x_usart.o(i.USART_SmartCardCmd), (20 bytes).
    Removing stm32f10x_usart.o(i.USART_SmartCardNACKCmd), (20 bytes).
    Removing stm32f10x_usart.o(i.USART_StructInit), (22 bytes).
    Removing stm32f10x_usart.o(i.USART_WakeUpConfig), (16 bytes).
    Removing stm32f10x_rcc.o(i.RCC_ADCCLKConfig), (20 bytes).
    Removing stm32f10x_rcc.o(i.RCC_AHBPeriphResetCmd), (24 bytes).
    Removing stm32f10x_rcc.o(i.RCC_APB1PeriphResetCmd), (24 bytes).
    Removing stm32f10x_rcc.o(i.RCC_APB2PeriphResetCmd), (24 bytes).
    Removing stm32f10x_rcc.o(i.RCC_AdjustHSICalibrationValue), (20 bytes).
    Removing stm32f10x_rcc.o(i.RCC_BackupResetCmd), (12 bytes).
    Removing stm32f10x_rcc.o(i.RCC_ClearFlag), (16 bytes).
    Removing stm32f10x_rcc.o(i.RCC_ClearITPendingBit), (12 bytes).
    Removing stm32f10x_rcc.o(i.RCC_ClockSecuritySystemCmd), (12 bytes).
    Removing stm32f10x_rcc.o(i.RCC_DeInit), (76 bytes).
    Removing stm32f10x_rcc.o(i.RCC_GetFlagStatus), (48 bytes).
    Removing stm32f10x_rcc.o(i.RCC_GetITStatus), (20 bytes).
    Removing stm32f10x_rcc.o(i.RCC_GetSYSCLKSource), (16 bytes).
    Removing stm32f10x_rcc.o(i.RCC_HCLKConfig), (20 bytes).
    Removing stm32f10x_rcc.o(i.RCC_HSEConfig), (52 bytes).
    Removing stm32f10x_rcc.o(i.RCC_HSICmd), (12 bytes).
    Removing stm32f10x_rcc.o(i.RCC_I2S2CLKConfig), (12 bytes).
    Removing stm32f10x_rcc.o(i.RCC_I2S3CLKConfig), (12 bytes).
    Removing stm32f10x_rcc.o(i.RCC_ITConfig), (24 bytes).
    Removing stm32f10x_rcc.o(i.RCC_LSEConfig), (32 bytes).
    Removing stm32f10x_rcc.o(i.RCC_LSICmd), (12 bytes).
    Removing stm32f10x_rcc.o(i.RCC_MCOConfig), (12 bytes).
    Removing stm32f10x_rcc.o(i.RCC_OTGFSCLKConfig), (12 bytes).
    Removing stm32f10x_rcc.o(i.RCC_PCLK1Config), (20 bytes).
    Removing stm32f10x_rcc.o(i.RCC_PCLK2Config), (20 bytes).
    Removing stm32f10x_rcc.o(i.RCC_PLL2Cmd), (12 bytes).
    Removing stm32f10x_rcc.o(i.RCC_PLL2Config), (20 bytes).
    Removing stm32f10x_rcc.o(i.RCC_PLL3Cmd), (12 bytes).
    Removing stm32f10x_rcc.o(i.RCC_PLL3Config), (20 bytes).
    Removing stm32f10x_rcc.o(i.RCC_PLLCmd), (12 bytes).
    Removing stm32f10x_rcc.o(i.RCC_PLLConfig), (20 bytes).
    Removing stm32f10x_rcc.o(i.RCC_PREDIV1Config), (28 bytes).
    Removing stm32f10x_rcc.o(i.RCC_PREDIV2Config), (20 bytes).
    Removing stm32f10x_rcc.o(i.RCC_RTCCLKCmd), (12 bytes).
    Removing stm32f10x_rcc.o(i.RCC_RTCCLKConfig), (16 bytes).
    Removing stm32f10x_rcc.o(i.RCC_SYSCLKConfig), (20 bytes).
    Removing stm32f10x_rcc.o(i.RCC_WaitForHSEStartUp), (44 bytes).
    Removing usart.o(i.USART2_DMA_Config), (128 bytes).
    Removing usart.o(i.Uart1SendHex), (20 bytes).
    Removing usart.o(i.Uart2Init), (168 bytes).
    Removing usart.o(i.Uart2SendHex), (36 bytes).
    Removing usart.o(i.Uart2SendStr), (88 bytes).
    Removing usart.o(i.Uart2SendStr_NODMA), (48 bytes).
    Removing usart.o(i.Uart3Init), (176 bytes).
    Removing usart.o(i.Uart3SendHex), (20 bytes).
    Removing usart.o(i.Uart3SendStr), (36 bytes).
    Removing usart.o(.bss), (200 bytes).
    Removing usart.o(.data), (2 bytes).
    Removing usart.o(.data), (1 bytes).
    Removing timer.o(i.Timer4_capture_Init), (208 bytes).
    Removing timer.o(.data), (4 bytes).
    Removing spi.o(i.Initial_SPI), (204 bytes).
    Removing spi.o(i.NRF_R_Reg), (52 bytes).
    Removing spi.o(i.NRF_W_Reg), (52 bytes).
    Removing spi.o(i.NRF_WriteBuf), (84 bytes).
    Removing spi.o(i.SPI_Read_Buf), (72 bytes).
    Removing spi.o(i.TX_RX_Mode), (48 bytes).
    Removing spi.o(i.nRF24L01_Config), (88 bytes).
    Removing spi.o(i.nRF24L01_Initial), (96 bytes).
    Removing spi.o(i.nRF24L01_RxPacket), (76 bytes).
    Removing spi.o(i.nRF24L01_TxPacket), (68 bytes).
    Removing spi.o(.data), (5 bytes).
    Removing spi.o(.data), (5 bytes).
    Removing sx1276-hal.o(i.SX1276ExtiDIO0Enable), (30 bytes).
    Removing sx1276-hal.o(i.SX1276ExtiDIO1Enable), (30 bytes).
    Removing sx1276-hal.o(i.SX1276ExtiDIO2Enable), (32 bytes).
    Removing sx1276-hal.o(i.SX1276ExtiDIO3Enable), (32 bytes).
    Removing sx1276-hal.o(i.SX1276ExtiDIO4Enable), (32 bytes).
    Removing sx1276-hal.o(i.SX1276ExtiDIOAllDisable), (70 bytes).
    Removing sx1276-hal.o(i.SX1276InitIo), (256 bytes).
    Removing sx1276-hal.o(i.SX1276Read), (6 bytes).
    Removing sx1276-hal.o(i.SX1276ReadBuffer), (76 bytes).
    Removing sx1276-hal.o(i.SX1276ReadDio0), (12 bytes).
    Removing sx1276-hal.o(i.SX1276ReadFifo), (10 bytes).
    Removing sx1276-hal.o(i.SX1276SetReset), (24 bytes).
    Removing sx1276-hal.o(i.SX1276WriteFifo), (10 bytes).
    Removing sx1276-hal.o(i.SX1276WriteRxTx), (24 bytes).
    Removing sx1276-lora.o(i.SX1276CadStart), (90 bytes).
    Removing sx1276-lora.o(i.SX1276DeviceInit), (26 bytes).
    Removing sx1276-lora.o(i.SX1276LoRaGetOpMode), (24 bytes).
    Removing sx1276-lora.o(i.SX1276LoRaGetPacketRssi), (8 bytes).
    Removing sx1276-lora.o(i.SX1276LoRaGetPacketRxGain), (6 bytes).
    Removing sx1276-lora.o(i.SX1276LoRaGetPacketSnr), (6 bytes).
    Removing sx1276-lora.o(i.SX1276LoRaGetRxPacket), (10 bytes).
    Removing sx1276-lora.o(i.SX1276LoRaInit), (180 bytes).
    Removing sx1276-lora.o(i.SX1276LoRaReadRssi), (64 bytes).
    Removing sx1276-lora.o(i.SX1276LoRaReadRxGain), (22 bytes).
    Removing sx1276-lora.o(i.SX1276LoRaReset), (36 bytes).
    Removing sx1276-lora.o(i.SX1276LoRaSetDefaults), (10 bytes).
    Removing sx1276-lora.o(i.SX1276LoRaSetOpMode), (68 bytes).
    Removing sx1276-lora.o(i.SX1276LoRaStartRx), (8 bytes).
    Removing sx1276-lora.o(i.SX1276RxStart), (156 bytes).
    Removing sx1276-lora.o(i.SX1276Send), (58 bytes).
    Removing sx1276-lora.o(i.SX1276SetSleep), (18 bytes).
    Removing sx1276-lora.o(i.SX276TxStart), (164 bytes).
    Removing sx1276-lora.o(.constdata), (204 bytes).
    Removing sx1276-loramisc.o(i.SX1276LoRaGetErrorCoding), (26 bytes).
    Removing sx1276-loramisc.o(i.SX1276LoRaGetFreqHopOn), (4 bytes).
    Removing sx1276-loramisc.o(i.SX1276LoRaGetHopPeriod), (24 bytes).
    Removing sx1276-loramisc.o(i.SX1276LoRaGetImplicitHeaderOn), (26 bytes).
    Removing sx1276-loramisc.o(i.SX1276LoRaGetLowDatarateOptimize), (26 bytes).
    Removing sx1276-loramisc.o(i.SX1276LoRaGetNbTrigPeaks), (26 bytes).
    Removing sx1276-loramisc.o(i.SX1276LoRaGetPAOutput), (24 bytes).
    Removing sx1276-loramisc.o(i.SX1276LoRaGetPa20dBm), (34 bytes).
    Removing sx1276-loramisc.o(i.SX1276LoRaGetPaRamp), (24 bytes).
    Removing sx1276-loramisc.o(i.SX1276LoRaGetPacketCrcOn), (26 bytes).
    Removing sx1276-loramisc.o(i.SX1276LoRaGetPayloadLength), (26 bytes).
    Removing sx1276-loramisc.o(i.SX1276LoRaGetPreambleLength), (24 bytes).
    Removing sx1276-loramisc.o(i.SX1276LoRaGetRFFrequency), (44 bytes).
    Removing sx1276-loramisc.o(i.SX1276LoRaGetRFPower), (66 bytes).
    Removing sx1276-loramisc.o(i.SX1276LoRaGetRxPacketTimeout), (4 bytes).
    Removing sx1276-loramisc.o(i.SX1276LoRaGetRxSingleOn), (4 bytes).
    Removing sx1276-loramisc.o(i.SX1276LoRaGetSignalBandwidth), (24 bytes).
    Removing sx1276-loramisc.o(i.SX1276LoRaGetSpreadingFactor), (24 bytes).
    Removing sx1276-loramisc.o(i.SX1276LoRaGetSymbTimeout), (32 bytes).
    Removing sx1276-loramisc.o(i.SX1276LoRaGetTxPacketTimeout), (4 bytes).
    Removing sx1276-loramisc.o(i.SX1276LoRaSetErrorCoding), (42 bytes).
    Removing sx1276-loramisc.o(i.SX1276LoRaSetFreqHopOn), (4 bytes).
    Removing sx1276-loramisc.o(i.SX1276LoRaSetHopPeriod), (22 bytes).
    Removing sx1276-loramisc.o(i.SX1276LoRaSetImplicitHeaderOn), (38 bytes).
    Removing sx1276-loramisc.o(i.SX1276LoRaSetLowDatarateOptimize), (42 bytes).
    Removing sx1276-loramisc.o(i.SX1276LoRaSetNbTrigPeaks), (40 bytes).
    Removing sx1276-loramisc.o(i.SX1276LoRaSetPAOutput), (48 bytes).
    Removing sx1276-loramisc.o(i.SX1276LoRaSetPa20dBm), (64 bytes).
    Removing sx1276-loramisc.o(i.SX1276LoRaSetPaRamp), (52 bytes).
    Removing sx1276-loramisc.o(i.SX1276LoRaSetPacketCrcOn), (40 bytes).
    Removing sx1276-loramisc.o(i.SX1276LoRaSetPayloadLength), (24 bytes).
    Removing sx1276-loramisc.o(i.SX1276LoRaSetPreambleLength), (48 bytes).
    Removing sx1276-loramisc.o(i.SX1276LoRaSetRFFrequency), (60 bytes).
    Removing sx1276-loramisc.o(i.SX1276LoRaSetRFPower), (158 bytes).
    Removing sx1276-loramisc.o(i.SX1276LoRaSetRxPacketTimeout), (4 bytes).
    Removing sx1276-loramisc.o(i.SX1276LoRaSetRxSingleOn), (4 bytes).
    Removing sx1276-loramisc.o(i.SX1276LoRaSetSignalBandwidth), (38 bytes).
    Removing sx1276-loramisc.o(i.SX1276LoRaSetSpreadingFactor), (72 bytes).
    Removing sx1276-loramisc.o(i.SX1276LoRaSetSymbTimeout), (56 bytes).
    Removing sx1276-loramisc.o(i.SX1276LoRaSetTxPacketTimeout), (4 bytes).
    Removing sx1276.o(i.SX1276Init), (56 bytes).
    Removing sx1276.o(i.SX1276Reset), (4 bytes).
    Removing sx1276.o(i.SX1276SetLoRaOn), (108 bytes).
    Removing segger_rtt.o(i.SEGGER_RTT_AllocDownBuffer), (104 bytes).
    Removing segger_rtt.o(i.SEGGER_RTT_AllocUpBuffer), (104 bytes).
    Removing segger_rtt.o(i.SEGGER_RTT_ConfigDownBuffer), (96 bytes).
    Removing segger_rtt.o(i.SEGGER_RTT_ConfigUpBuffer), (96 bytes).
    Removing segger_rtt.o(i.SEGGER_RTT_GetKey), (28 bytes).
    Removing segger_rtt.o(i.SEGGER_RTT_HasData), (24 bytes).
    Removing segger_rtt.o(i.SEGGER_RTT_HasKey), (32 bytes).
    Removing segger_rtt.o(i.SEGGER_RTT_Init), (4 bytes).
    Removing segger_rtt.o(i.SEGGER_RTT_Read), (24 bytes).
    Removing segger_rtt.o(i.SEGGER_RTT_ReadNoLock), (120 bytes).
    Removing segger_rtt.o(i.SEGGER_RTT_SetFlagsDownBuffer), (64 bytes).
    Removing segger_rtt.o(i.SEGGER_RTT_SetFlagsUpBuffer), (64 bytes).
    Removing segger_rtt.o(i.SEGGER_RTT_SetNameDownBuffer), (64 bytes).
    Removing segger_rtt.o(i.SEGGER_RTT_SetNameUpBuffer), (64 bytes).
    Removing segger_rtt.o(i.SEGGER_RTT_SetTerminal), (140 bytes).
    Removing segger_rtt.o(i.SEGGER_RTT_TerminalOut), (176 bytes).
    Removing segger_rtt.o(i.SEGGER_RTT_WaitKey), (14 bytes).
    Removing segger_rtt.o(i.SEGGER_RTT_Write), (56 bytes).
    Removing segger_rtt.o(i.SEGGER_RTT_WriteNoLock), (92 bytes).
    Removing segger_rtt.o(i.SEGGER_RTT_WriteSkipNoLock), (144 bytes).
    Removing segger_rtt.o(i.SEGGER_RTT_WriteString), (26 bytes).
    Removing segger_rtt.o(i.SEGGER_RTT_WriteWithOverwriteNoLock), (152 bytes).
    Removing segger_rtt.o(i._DoInit), (104 bytes).
    Removing segger_rtt.o(i._GetAvailWriteSpace), (22 bytes).
    Removing segger_rtt.o(i._PostTerminalSwitch), (32 bytes).
    Removing segger_rtt.o(i._WriteBlocking), (90 bytes).
    Removing segger_rtt.o(i._WriteNoCheck), (66 bytes).
    Removing segger_rtt.o(.bss), (248 bytes).
    Removing segger_rtt.o(.data), (17 bytes).
    Removing wizchip_conf.o(i.ctlnetwork), (76 bytes).
    Removing wizchip_conf.o(i.ctlwizchip), (232 bytes).
    Removing wizchip_conf.o(i.reg_wizchip_bus_cbfunc), (44 bytes).
    Removing wizchip_conf.o(i.reg_wizchip_cris_cbfunc), (36 bytes).
    Removing wizchip_conf.o(i.reg_wizchip_cs_cbfunc), (36 bytes).
    Removing wizchip_conf.o(i.reg_wizchip_spi_cbfunc), (44 bytes).
    Removing wizchip_conf.o(i.reg_wizchip_spiburst_cbfunc), (44 bytes).
    Removing wizchip_conf.o(i.wizchip_bus_readdata), (4 bytes).
    Removing wizchip_conf.o(i.wizchip_bus_writedata), (4 bytes).
    Removing wizchip_conf.o(i.wizchip_clrinterrupt), (30 bytes).
    Removing wizchip_conf.o(i.wizchip_cris_enter), (2 bytes).
    Removing wizchip_conf.o(i.wizchip_cris_exit), (2 bytes).
    Removing wizchip_conf.o(i.wizchip_cs_deselect), (2 bytes).
    Removing wizchip_conf.o(i.wizchip_cs_select), (2 bytes).
    Removing wizchip_conf.o(i.wizchip_getinterrupt), (30 bytes).
    Removing wizchip_conf.o(i.wizchip_getinterruptmask), (28 bytes).
    Removing wizchip_conf.o(i.wizchip_getnetinfo), (88 bytes).
    Removing wizchip_conf.o(i.wizchip_getnetmode), (6 bytes).
    Removing wizchip_conf.o(i.wizchip_gettimeout), (40 bytes).
    Removing wizchip_conf.o(i.wizchip_init), (122 bytes).
    Removing wizchip_conf.o(i.wizchip_setinterruptmask), (28 bytes).
    Removing wizchip_conf.o(i.wizchip_setnetinfo), (88 bytes).
    Removing wizchip_conf.o(i.wizchip_setnetmode), (36 bytes).
    Removing wizchip_conf.o(i.wizchip_settimeout), (40 bytes).
    Removing wizchip_conf.o(i.wizchip_spi_readburst), (2 bytes).
    Removing wizchip_conf.o(i.wizchip_spi_readbyte), (4 bytes).
    Removing wizchip_conf.o(i.wizchip_spi_writeburst), (2 bytes).
    Removing wizchip_conf.o(i.wizchip_spi_writebyte), (2 bytes).
    Removing wizchip_conf.o(i.wizchip_sw_reset), (116 bytes).
    Removing wizchip_conf.o(i.wizphy_getphyconf), (78 bytes).
    Removing wizchip_conf.o(i.wizphy_getphylink), (22 bytes).
    Removing wizchip_conf.o(i.wizphy_getphypmode), (26 bytes).
    Removing wizchip_conf.o(i.wizphy_getphystat), (26 bytes).
    Removing wizchip_conf.o(i.wizphy_reset), (42 bytes).
    Removing wizchip_conf.o(i.wizphy_setphyconf), (74 bytes).
    Removing wizchip_conf.o(i.wizphy_setphypmode), (80 bytes).
    Removing wizchip_conf.o(.data), (48 bytes).
    Removing socket.o(i.close), (116 bytes).
    Removing socket.o(i.connect), (264 bytes).
    Removing socket.o(i.ctlsocket), (184 bytes).
    Removing socket.o(i.disconnect), (140 bytes).
    Removing socket.o(i.getsockopt), (252 bytes).
    Removing socket.o(i.listen), (112 bytes).
    Removing socket.o(i.recv), (228 bytes).
    Removing socket.o(i.recvfrom), (532 bytes).
    Removing socket.o(i.send), (284 bytes).
    Removing socket.o(i.sendto), (384 bytes).
    Removing socket.o(i.setsockopt), (262 bytes).
    Removing socket.o(i.socket), (284 bytes).
    Removing socket.o(.bss), (16 bytes).
    Removing socket.o(.data), (14 bytes).
    Removing w5500.o(i.WIZCHIP_READ), (88 bytes).
    Removing w5500.o(i.WIZCHIP_READ_BUF), (116 bytes).
    Removing w5500.o(i.WIZCHIP_WRITE), (96 bytes).
    Removing w5500.o(i.WIZCHIP_WRITE_BUF), (112 bytes).
    Removing w5500.o(i.getSn_RX_RSR), (76 bytes).
    Removing w5500.o(i.getSn_TX_FSR), (76 bytes).
    Removing w5500.o(i.wiz_recv_data), (96 bytes).
    Removing w5500.o(i.wiz_recv_ignore), (66 bytes).
    Removing w5500.o(i.wiz_send_data), (96 bytes).
    Removing dhcp.o(i.DHCP_init), (128 bytes).
    Removing dhcp.o(i.DHCP_run), (292 bytes).
    Removing dhcp.o(i.DHCP_stop), (20 bytes).
    Removing dhcp.o(i.DHCP_time_handler), (16 bytes).
    Removing dhcp.o(i.NibbleToHex), (16 bytes).
    Removing dhcp.o(i.check_DHCP_leasedIP), (104 bytes).
    Removing dhcp.o(i.check_DHCP_timeout), (112 bytes).
    Removing dhcp.o(i.default_ip_assign), (48 bytes).
    Removing dhcp.o(i.default_ip_conflict), (36 bytes).
    Removing dhcp.o(i.default_ip_update), (40 bytes).
    Removing dhcp.o(i.getDHCPLeasetime), (12 bytes).
    Removing dhcp.o(i.getDNSfromDHCP), (24 bytes).
    Removing dhcp.o(i.getGWfromDHCP), (24 bytes).
    Removing dhcp.o(i.getIPfromDHCP), (24 bytes).
    Removing dhcp.o(i.getSNfromDHCP), (24 bytes).
    Removing dhcp.o(i.makeDHCPMSG), (208 bytes).
    Removing dhcp.o(i.parseDHCPMSG), (284 bytes).
    Removing dhcp.o(i.reg_dhcp_cbfunc), (48 bytes).
    Removing dhcp.o(i.reset_DHCP_timeout), (20 bytes).
    Removing dhcp.o(i.send_DHCP_DECLINE), (256 bytes).
    Removing dhcp.o(i.send_DHCP_DISCOVER), (368 bytes).
    Removing dhcp.o(i.send_DHCP_REQUEST), (656 bytes).
    Removing dhcp.o(.data), (74 bytes).
    Removing httpparser.o(i.ATOI), (32 bytes).
    Removing httpparser.o(i.C2D), (38 bytes).
    Removing httpparser.o(i.find_http_uri_type), (672 bytes).
    Removing httpparser.o(i.get_http_param_value), (200 bytes).
    Removing httpparser.o(i.get_http_uri_name), (56 bytes).
    Removing httpparser.o(i.inet_addr_), (72 bytes).
    Removing httpparser.o(i.make_http_response_head), (712 bytes).
    Removing httpparser.o(i.mid), (54 bytes).
    Removing httpparser.o(i.parse_http_request), (180 bytes).
    Removing httpparser.o(i.unescape_http_url), (64 bytes).
    Removing httpparser.o(.bss), (256 bytes).
    Removing httpparser.o(.conststring), (699 bytes).
    Removing httpserver.o(i.default_mcu_reset), (2 bytes).
    Removing httpserver.o(i.default_wdt_reset), (2 bytes).
    Removing httpserver.o(i.display_reg_webContent_list), (296 bytes).
    Removing httpserver.o(i.find_userReg_webContent), (84 bytes).
    Removing httpserver.o(i.getHTTPSequenceNum), (32 bytes).
    Removing httpserver.o(i.get_httpServer_timecount), (12 bytes).
    Removing httpserver.o(i.httpServer_Sockinit), (28 bytes).
    Removing httpserver.o(i.httpServer_init), (24 bytes).
    Removing httpserver.o(i.httpServer_run), (840 bytes).
    Removing httpserver.o(i.httpServer_time_handler), (16 bytes).
    Removing httpserver.o(i.http_process_handler), (984 bytes).
    Removing httpserver.o(i.read_userReg_webContent), (64 bytes).
    Removing httpserver.o(i.reg_httpServer_cbfunc), (20 bytes).
    Removing httpserver.o(i.reg_httpServer_webContent), (92 bytes).
    Removing httpserver.o(i.send_http_response_body), (624 bytes).
    Removing httpserver.o(i.send_http_response_cgi), (192 bytes).
    Removing httpserver.o(i.send_http_response_header), (460 bytes).
    Removing httpserver.o(.bss), (1424 bytes).
    Removing httpserver.o(.constdata), (271 bytes).
    Removing httpserver.o(.conststring), (218 bytes).
    Removing httpserver.o(.data), (44 bytes).
    Removing httputil.o(i.http_get_cgi_handler), (60 bytes).
    Removing httputil.o(i.http_post_cgi_handler), (84 bytes).
    Removing dfixui.o(.text), (50 bytes).

570 unused section(s) (total 37476 bytes) removed from the image.
