Component: ARM Compiler 5.06 update 6 (build 750) Tool: armlink [4d35ed]

==============================================================================

Section Cross References

    app_tsks.o(i.LED_D1_Task) refers to usart.o(i.Uart1SendStr) for Uart1SendStr
    app_tsks.o(i.LED_D1_Task) refers to stm32f10x_gpio.o(i.GPIO_SetBits) for GPIO_SetBits
    app_tsks.o(i.LED_D1_Task) refers to tasks.o(i.vTaskDelay) for vTaskDelay
    app_tsks.o(i.LED_D1_Task) refers to stm32f10x_gpio.o(i.GPIO_ResetBits) for GPIO_ResetBits
    app_tsks.o(i.LED_D2_toggle) refers to stm32f10x_gpio.o(i.GPIO_ResetBits) for GPIO_ResetBits
    app_tsks.o(i.LED_D2_toggle) refers to stm32f10x_gpio.o(i.GPIO_SetBits) for GPIO_SetBits
    app_tsks.o(i.LED_D2_toggle) refers to app_tsks.o(.data) for .data
    app_tsks.o(i.LED_Init) refers to stm32f10x_rcc.o(i.RCC_APB2PeriphClockCmd) for RCC_APB2PeriphClockCmd
    app_tsks.o(i.LED_Init) refers to stm32f10x_gpio.o(i.GPIO_Init) for GPIO_Init
    app_tsks.o(i.LED_Init) refers to stm32f10x_gpio.o(i.GPIO_ResetBits) for GPIO_ResetBits
    app_tsks.o(i.LED_Init) refers to stm32f10x_gpio.o(i.GPIO_SetBits) for GPIO_SetBits
    app_tsks.o(i.Uart1_print_back_Task) refers to tasks.o(i.xTaskGetCurrentTaskHandle) for xTaskGetCurrentTaskHandle
    app_tsks.o(i.Uart1_print_back_Task) refers to tasks.o(i.ulTaskNotifyTake) for ulTaskNotifyTake
    app_tsks.o(i.Uart1_print_back_Task) refers to usart.o(i.uart1_printf) for uart1_printf
    app_tsks.o(i.Uart1_print_back_Task) refers to tasks.o(i.xTaskGenericNotify) for xTaskGenericNotify
    app_tsks.o(i.Uart1_print_back_Task) refers to usart.o(i.Uart1SendStr) for Uart1SendStr
    app_tsks.o(i.Uart1_print_back_Task) refers to usart.o(.data) for uart1print_tskhandler
    app_tsks.o(i.Uart1_print_back_Task) refers to usart.o(.bss) for Msgget
    app_tsks.o(i.cmd_analysis_Task) refers to _scanf_int.o(.text) for _scanf_int
    app_tsks.o(i.cmd_analysis_Task) refers to _scanf_str.o(.text) for _scanf_string
    app_tsks.o(i.cmd_analysis_Task) refers to heap_4.o(i.pvPortMalloc) for pvPortMalloc
    app_tsks.o(i.cmd_analysis_Task) refers to tasks.o(i.ulTaskNotifyTake) for ulTaskNotifyTake
    app_tsks.o(i.cmd_analysis_Task) refers to __0sscanf.o(.text) for __0sscanf
    app_tsks.o(i.cmd_analysis_Task) refers to strstr.o(.text) for strstr
    app_tsks.o(i.cmd_analysis_Task) refers to strcpy.o(.text) for strcpy
    app_tsks.o(i.cmd_analysis_Task) refers to usart.o(i.uart1_printf) for uart1_printf
    app_tsks.o(i.cmd_analysis_Task) refers to tasks.o(i.vTaskDelete) for vTaskDelete
    app_tsks.o(i.cmd_analysis_Task) refers to timer.o(i.Timer3_pwm_Deinit) for Timer3_pwm_Deinit
    app_tsks.o(i.cmd_analysis_Task) refers to usart.o(i.Uart1SendStr) for Uart1SendStr
    app_tsks.o(i.cmd_analysis_Task) refers to tasks.o(i.xTaskCreate) for xTaskCreate
    app_tsks.o(i.cmd_analysis_Task) refers to tasks.o(i.xTaskGenericNotify) for xTaskGenericNotify
    app_tsks.o(i.cmd_analysis_Task) refers to memseta.o(.text) for __aeabi_memclr
    app_tsks.o(i.cmd_analysis_Task) refers to app_tsks.o(.bss) for .bss
    app_tsks.o(i.cmd_analysis_Task) refers to app_tsks.o(.data) for .data
    app_tsks.o(i.cmd_analysis_Task) refers to usart.o(.bss) for Msgget
    app_tsks.o(i.cmd_analysis_Task) refers to app_tsks.o(i.irda_learning_Task) for irda_learning_Task
    app_tsks.o(i.cmd_analysis_Task) refers to app_tsks.o(i.irda_sending_Task) for irda_sending_Task
    app_tsks.o(i.cmd_analysis_Task) refers to app_tsks.o(i.steeringCtl_Task) for steeringCtl_Task
    app_tsks.o(i.code_sending) refers to flash.o(i.Flash_ReadHalfWord) for Flash_ReadHalfWord
    app_tsks.o(i.code_sending) refers to stm32f10x_gpio.o(i.GPIO_ResetBits) for GPIO_ResetBits
    app_tsks.o(i.code_sending) refers to timer.o(i.Timer3_pwm_off) for Timer3_pwm_off
    app_tsks.o(i.code_sending) refers to stm32f10x_gpio.o(i.GPIO_SetBits) for GPIO_SetBits
    app_tsks.o(i.code_sending) refers to timer.o(i.Timer3_pwm_on) for Timer3_pwm_on
    app_tsks.o(i.code_sending) refers to timer.o(i.TIM2_delay_us) for TIM2_delay_us
    app_tsks.o(i.code_sending_fix) refers to timer.o(i.Timer3_pwm_off) for Timer3_pwm_off
    app_tsks.o(i.irda_learning_Task) refers to usart.o(i.Uart1SendStr) for Uart1SendStr
    app_tsks.o(i.irda_learning_Task) refers to tasks.o(i.ulTaskNotifyTake) for ulTaskNotifyTake
    app_tsks.o(i.irda_learning_Task) refers to memseta.o(.text) for __aeabi_memclr4
    app_tsks.o(i.irda_learning_Task) refers to heap_4.o(i.pvPortMalloc) for pvPortMalloc
    app_tsks.o(i.irda_learning_Task) refers to flash.o(i.Flash_ReadHalfWord) for Flash_ReadHalfWord
    app_tsks.o(i.irda_learning_Task) refers to memcpya.o(.text) for __aeabi_memcpy
    app_tsks.o(i.irda_learning_Task) refers to flash.o(i.Flash_ErasePage) for Flash_ErasePage
    app_tsks.o(i.irda_learning_Task) refers to flash.o(i.Flash_WriteHalfWord) for Flash_WriteHalfWord
    app_tsks.o(i.irda_learning_Task) refers to stm32f10x_tim.o(i.TIM_ITConfig) for TIM_ITConfig
[...]
    i.TIM4_IRQHandler                        0x080018d4   Section        0  timer.o(i.TIM4_IRQHandler)
    i.TIM_ARRPreloadConfig                   0x0800194c   Section        0  stm32f10x_tim.o(i.TIM_ARRPreloadConfig)
    i.TIM_ClearFlag                          0x08001960   Section        0  stm32f10x_tim.o(i.TIM_ClearFlag)
    i.TIM_ClearITPendingBit                  0x08001966   Section        0  stm32f10x_tim.o(i.TIM_ClearITPendingBit)
    i.TIM_Cmd                                0x0800196c   Section        0  stm32f10x_tim.o(i.TIM_Cmd)
    i.TIM_CtrlPWMOutputs                     0x08001980   Section        0  stm32f10x_tim.o(i.TIM_CtrlPWMOutputs)
    i.TIM_GetCapture4                        0x08001996   Section        0  stm32f10x_tim.o(i.TIM_GetCapture4)
    i.TIM_GetITStatus                        0x0800199c   Section        0  stm32f10x_tim.o(i.TIM_GetITStatus)
    i.TIM_ITConfig                           0x080019b4   Section        0  stm32f10x_tim.o(i.TIM_ITConfig)
    i.TIM_OC1Init                            0x080019c4   Section        0  stm32f10x_tim.o(i.TIM_OC1Init)
    i.TIM_OC1PreloadConfig                   0x08001a44   Section        0  stm32f10x_tim.o(i.TIM_OC1PreloadConfig)
    i.TIM_OC2Init                            0x08001a50   Section        0  stm32f10x_tim.o(i.TIM_OC2Init)
    i.TIM_OC2PreloadConfig                   0x08001ad0   Section        0  stm32f10x_tim.o(i.TIM_OC2PreloadConfig)
    i.TIM_OC3Init                            0x08001ae4   Section        0  stm32f10x_tim.o(i.TIM_OC3Init)
    i.TIM_OC3PreloadConfig                   0x08001b60   Section        0  stm32f10x_tim.o(i.TIM_OC3PreloadConfig)
    i.TIM_OC4Init                            0x08001b6c   Section        0  stm32f10x_tim.o(i.TIM_OC4Init)
    i.TIM_OC4PreloadConfig                   0x08001bd0   Section        0  stm32f10x_tim.o(i.TIM_OC4PreloadConfig)
    i.TIM_SetCompare1                        0x08001be4   Section        0  stm32f10x_tim.o(i.TIM_SetCompare1)
    i.TIM_SetCompare2                        0x08001be8   Section        0  stm32f10x_tim.o(i.TIM_SetCompare2)
    i.TIM_SetCompare3                        0x08001bec   Section        0  stm32f10x_tim.o(i.TIM_SetCompare3)
    i.TIM_SetCompare4                        0x08001bf0   Section        0  stm32f10x_tim.o(i.TIM_SetCompare4)
    i.TIM_TimeBaseInit                       0x08001bf8   Section        0  stm32f10x_tim.o(i.TIM_TimeBaseInit)
    i.Timer2_counter_Init                    0x08001c94   Section        0  timer.o(i.Timer2_counter_Init)
    i.Timer3_pwm_Deinit                      0x08001d04   Section        0  timer.o(i.Timer3_pwm_Deinit)
    i.Timer3_pwm_Init                        0x08001d20   Section        0  timer.o(i.Timer3_pwm_Init)
    i.Timer3_pwm_off                         0x08001e08   Section        0  timer.o(i.Timer3_pwm_off)
    i.Timer3_pwm_on                          0x08001eac   Section        0  timer.o(i.Timer3_pwm_on)
    i.Timer3_setPulseWidth                   0x08001f10   Section        0  timer.o(i.Timer3_setPulseWidth)
    i.USART1_DMA_Config                      0x08001fa0   Section        0  usart.o(i.USART1_DMA_Config)
    USART1_DMA_Config                        0x08001fa1   Thumb Code   200  usart.o(i.USART1_DMA_Config)
    i.USART1_IRQHandler                      0x08002074   Section        0  usart.o(i.USART1_IRQHandler)
    i.USART2_IRQHandler                      0x0800210c   Section        0  usart.o(i.USART2_IRQHandler)
    i.USART3_IRQHandler                      0x08002160   Section        0  usart.o(i.USART3_IRQHandler)
    i.USART_ClearITPendingBit                0x08002162   Section        0  stm32f10x_usart.o(i.USART_ClearITPendingBit)
    i.USART_Cmd                              0x0800216e   Section        0  stm32f10x_usart.o(i.USART_Cmd)
    i.USART_DMACmd                           0x08002182   Section        0  stm32f10x_usart.o(i.USART_DMACmd)
    i.USART_GetFlagStatus                    0x08002192   Section        0  stm32f10x_usart.o(i.USART_GetFlagStatus)
    i.USART_GetITStatus                      0x080021a0   Section        0  stm32f10x_usart.o(i.USART_GetITStatus)
    i.USART_ITConfig                         0x080021de   Section        0  stm32f10x_usart.o(i.USART_ITConfig)
    i.USART_Init                             0x08002210   Section        0  stm32f10x_usart.o(i.USART_Init)
    i.USART_ReceiveData                      0x080022bc   Section        0  stm32f10x_usart.o(i.USART_ReceiveData)
    i.Uart1Init                              0x080022c4   Section        0  usart.o(i.Uart1Init)
    i.Uart1SendStr                           0x080023b8   Section        0  usart.o(i.Uart1SendStr)
    i.Uart1_print_back_Task                  0x08002418   Section        0  app_tsks.o(i.Uart1_print_back_Task)
    i.UsageFault_Handler                     0x0800247c   Section        0  stm32f10x_it.o(i.UsageFault_Handler)
    i.__0snprintf                            0x08002480   Section        0  printfa.o(i.__0snprintf)
    i.__0vsprintf                            0x080024b0   Section        0  printfa.o(i.__0vsprintf)
    i.__scatterload_copy                     0x080024d4   Section       14  handlers.o(i.__scatterload_copy)
    i.__scatterload_null                     0x080024e2   Section        2  handlers.o(i.__scatterload_null)
    i.__scatterload_zeroinit                 0x080024e4   Section       14  handlers.o(i.__scatterload_zeroinit)
    i._fp_digits                             0x080024f4   Section        0  printfa.o(i._fp_digits)
    _fp_digits                               0x080024f5   Thumb Code   366  printfa.o(i._fp_digits)
    i._printf_core                           0x08002678   Section        0  printfa.o(i._printf_core)
    _printf_core                             0x08002679   Thumb Code  1744  printfa.o(i._printf_core)
    i._printf_post_padding                   0x08002d54   Section        0  printfa.o(i._printf_post_padding)
    _printf_post_padding                     0x08002d55   Thumb Code    36  printfa.o(i._printf_post_padding)
    i._printf_pre_padding                    0x08002d78   Section        0  printfa.o(i._printf_pre_padding)
    _printf_pre_padding                      0x08002d79   Thumb Code    46  printfa.o(i._printf_pre_padding)
    i._snputc                                0x08002da6   Section        0  printfa.o(i._snputc)
    _snputc                                  0x08002da7   Thumb Code    22  printfa.o(i._snputc)
    i._sputc                                 0x08002dbc   Section        0  printfa.o(i._sputc)
    _sputc                                   0x08002dbd   Thumb Code    10  printfa.o(i._sputc)
    i.cmd_analysis_Task                      0x08002dc8   Section        0  app_tsks.o(i.cmd_analysis_Task)
    i.code_sending                           0x08003050   Section        0  app_tsks.o(i.code_sending)
    i.irda_learning_Task                     0x080030d0   Section        0  app_tsks.o(i.irda_learning_Task)
    i.irda_sending_Task                      0x0800328c   Section        0  app_tsks.o(i.irda_sending_Task)
    i.main                                   0x0800330c   Section        0  main.o(i.main)
    i.prvAddCurrentTaskToDelayedList         0x080033e4   Section        0  tasks.o(i.prvAddCurrentTaskToDelayedList)
    prvAddCurrentTaskToDelayedList           0x080033e5   Thumb Code   102  tasks.o(i.prvAddCurrentTaskToDelayedList)
    i.prvAddNewTaskToReadyList               0x08003454   Section        0  tasks.o(i.prvAddNewTaskToReadyList)
    prvAddNewTaskToReadyList                 0x08003455   Thumb Code   194  tasks.o(i.prvAddNewTaskToReadyList)
    i.prvCheckForValidListAndQueue           0x08003524   Section        0  timers.o(i.prvCheckForValidListAndQueue)
    prvCheckForValidListAndQueue             0x08003525   Thumb Code    54  timers.o(i.prvCheckForValidListAndQueue)
    i.prvCopyDataFromQueue                   0x08003564   Section        0  queue.o(i.prvCopyDataFromQueue)
    prvCopyDataFromQueue                     0x08003565   Thumb Code    38  queue.o(i.prvCopyDataFromQueue)
    i.prvCopyDataToQueue                     0x0800358a   Section        0  queue.o(i.prvCopyDataToQueue)
    prvCopyDataToQueue                       0x0800358b   Thumb Code   108  queue.o(i.prvCopyDataToQueue)
    i.prvDeleteTCB                           0x080035f6   Section        0  tasks.o(i.prvDeleteTCB)
    prvDeleteTCB                             0x080035f7   Thumb Code    20  tasks.o(i.prvDeleteTCB)
    i.prvHeapInit                            0x0800360c   Section        0  heap_4.o(i.prvHeapInit)
    prvHeapInit                              0x0800360d   Thumb Code    66  heap_4.o(i.prvHeapInit)
    i.prvIdleTask                            0x08003658   Section        0  tasks.o(i.prvIdleTask)
    prvIdleTask                              0x08003659   Thumb Code    82  tasks.o(i.prvIdleTask)
    i.prvInitialiseNewTask                   0x080036b8   Section        0  tasks.o(i.prvInitialiseNewTask)
    prvInitialiseNewTask                     0x080036b9   Thumb Code   160  tasks.o(i.prvInitialiseNewTask)
    i.prvInsertBlockIntoFreeList             0x08003758   Section        0  heap_4.o(i.prvInsertBlockIntoFreeList)
    prvInsertBlockIntoFreeList               0x08003759   Thumb Code    72  heap_4.o(i.prvInsertBlockIntoFreeList)
    i.prvInsertTimerInActiveList             0x080037a4   Section        0  timers.o(i.prvInsertTimerInActiveList)
    prvInsertTimerInActiveList               0x080037a5   Thumb Code    52  timers.o(i.prvInsertTimerInActiveList)
    i.prvIsQueueEmpty                        0x080037dc   Section        0  queue.o(i.prvIsQueueEmpty)
    prvIsQueueEmpty                          0x080037dd   Thumb Code    28  queue.o(i.prvIsQueueEmpty)
    i.prvProcessReceivedCommands             0x080037f8   Section        0  timers.o(i.prvProcessReceivedCommands)
    prvProcessReceivedCommands               0x080037f9   Thumb Code   178  timers.o(i.prvProcessReceivedCommands)
    i.prvProcessTimerOrBlockTask             0x080038b0   Section        0  timers.o(i.prvProcessTimerOrBlockTask)
    prvProcessTimerOrBlockTask               0x080038b1   Thumb Code   172  timers.o(i.prvProcessTimerOrBlockTask)
    i.prvResetNextTaskUnblockTime            0x08003964   Section        0  tasks.o(i.prvResetNextTaskUnblockTime)
    prvResetNextTaskUnblockTime              0x08003965   Thumb Code    26  tasks.o(i.prvResetNextTaskUnblockTime)
    i.prvSampleTimeNow                       0x08003984   Section        0  timers.o(i.prvSampleTimeNow)
    prvSampleTimeNow                         0x08003985   Thumb Code    36  timers.o(i.prvSampleTimeNow)
    i.prvSwitchTimerLists                    0x080039ac   Section        0  timers.o(i.prvSwitchTimerLists)
    prvSwitchTimerLists                      0x080039ad   Thumb Code   102  timers.o(i.prvSwitchTimerLists)
    i.prvTaskExitError                       0x08003a18   Section        0  port.o(i.prvTaskExitError)
    prvTaskExitError                         0x08003a19   Thumb Code    36  port.o(i.prvTaskExitError)
    i.prvTimerTask                           0x08003a40   Section        0  timers.o(i.prvTimerTask)
    prvTimerTask                             0x08003a41   Thumb Code    32  timers.o(i.prvTimerTask)
    i.prvUnlockQueue                         0x08003a64   Section        0  queue.o(i.prvUnlockQueue)
    prvUnlockQueue                           0x08003a65   Thumb Code   106  queue.o(i.prvUnlockQueue)
    i.pvPortMalloc                           0x08003ad0   Section        0  heap_4.o(i.pvPortMalloc)
    i.pvTaskIncrementMutexHeldCount          0x08003ba8   Section        0  tasks.o(i.pvTaskIncrementMutexHeldCount)
    i.pxPortInitialiseStack                  0x08003bc0   Section        0  port.o(i.pxPortInitialiseStack)
    i.steeringCtl_Task                       0x08003be4   Section        0  app_tsks.o(i.steeringCtl_Task)
    i.uart1_printf                           0x08003cd4   Section        0  usart.o(i.uart1_printf)
    i.ulTaskNotifyTake                       0x08003d38   Section        0  tasks.o(i.ulTaskNotifyTake)
    i.uxListRemove                           0x08003da0   Section        0  list.o(i.uxListRemove)
    i.vListInitialise                        0x08003dc6   Section        0  list.o(i.vListInitialise)
    i.vListInitialiseItem                    0x08003ddc   Section        0  list.o(i.vListInitialiseItem)
    i.vListInsert                            0x08003de2   Section        0  list.o(i.vListInsert)
    i.vListInsertEnd                         0x08003e12   Section        0  list.o(i.vListInsertEnd)
    i.vPortEnterCritical                     0x08003e2c   Section        0  port.o(i.vPortEnterCritical)
    i.vPortExitCritical                      0x08003e6c   Section        0  port.o(i.vPortExitCritical)
    i.vPortFree                              0x08003e94   Section        0  heap_4.o(i.vPortFree)
    i.vPortSetupTimerInterrupt               0x08003ef0   Section        0  port.o(i.vPortSetupTimerInterrupt)
    i.vPortValidateInterruptPriority         0x08003f08   Section        0  port.o(i.vPortValidateInterruptPriority)
    i.vQueueWaitForMessageRestricted         0x08003f5c   Section        0  queue.o(i.vQueueWaitForMessageRestricted)
    i.vTaskDelay                             0x08003fa0   Section        0  tasks.o(i.vTaskDelay)
    i.vTaskDelete                            0x08003fec   Section        0  tasks.o(i.vTaskDelete)
    i.vTaskInternalSetTimeOutState           0x08004098   Section        0  tasks.o(i.vTaskInternalSetTimeOutState)
    i.vTaskMissedYield                       0x080040a8   Section        0  tasks.o(i.vTaskMissedYield)
    i.vTaskNotifyGiveFromISR                 0x080040b4   Section        0  tasks.o(i.vTaskNotifyGiveFromISR)
    i.vTaskPlaceOnEventList                  0x08004168   Section        0  tasks.o(i.vTaskPlaceOnEventList)
    i.vTaskPlaceOnEventListRestricted        0x08004198   Section        0  tasks.o(i.vTaskPlaceOnEventListRestricted)
    i.vTaskPriorityDisinheritAfterTimeout    0x080041d0   Section        0  tasks.o(i.vTaskPriorityDisinheritAfterTimeout)
    i.vTaskStartScheduler                    0x08004278   Section        0  tasks.o(i.vTaskStartScheduler)
    i.vTaskSuspendAll                        0x080042e8   Section        0  tasks.o(i.vTaskSuspendAll)
    i.vTaskSwitchContext                     0x080042f8   Section        0  tasks.o(i.vTaskSwitchContext)
    i.xPortStartScheduler                    0x08004354   Section        0  port.o(i.xPortStartScheduler)
    i.xPortSysTickHandler                    0x080043e4   Section        0  port.o(i.xPortSysTickHandler)
    i.xQueueGenericCreate                    0x08004410   Section        0  queue.o(i.xQueueGenericCreate)
    i.xQueueGenericReset                     0x08004458   Section        0  queue.o(i.xQueueGenericReset)
    i.xQueueGenericSend                      0x080044e0   Section        0  queue.o(i.xQueueGenericSend)
    i.xQueueGenericSendFromISR               0x08004640   Section        0  queue.o(i.xQueueGenericSendFromISR)
    i.xQueueGiveFromISR                      0x080046fc   Section        0  queue.o(i.xQueueGiveFromISR)
    i.xQueueReceive                          0x08004798   Section        0  queue.o(i.xQueueReceive)
    i.xQueueSemaphoreTake                    0x080048d0   Section        0  queue.o(i.xQueueSemaphoreTake)
    i.xTaskCheckForTimeOut                   0x08004a48   Section        0  tasks.o(i.xTaskCheckForTimeOut)
    i.xTaskCreate                            0x08004abc   Section        0  tasks.o(i.xTaskCreate)
    i.xTaskGenericNotify                     0x08004b14   Section        0  tasks.o(i.xTaskGenericNotify)
    i.xTaskGetCurrentTaskHandle              0x08004bf4   Section        0  tasks.o(i.xTaskGetCurrentTaskHandle)
    i.xTaskGetSchedulerState                 0x08004c00   Section        0  tasks.o(i.xTaskGetSchedulerState)
    i.xTaskGetTickCount                      0x08004c1c   Section        0  tasks.o(i.xTaskGetTickCount)
    i.xTaskIncrementTick                     0x08004c28   Section        0  tasks.o(i.xTaskIncrementTick)
    i.xTaskPriorityDisinherit                0x08004cf0   Section        0  tasks.o(i.xTaskPriorityDisinherit)
    i.xTaskPriorityInherit                   0x08004d88   Section        0  tasks.o(i.xTaskPriorityInherit)
    i.xTaskRemoveFromEventList               0x08004e1c   Section        0  tasks.o(i.xTaskRemoveFromEventList)
    i.xTaskResumeAll                         0x08004e90   Section        0  tasks.o(i.xTaskResumeAll)
    i.xTimerCreate                           0x08004f54   Section        0  timers.o(i.xTimerCreate)
    i.xTimerCreateTimerTask                  0x08004fa4   Section        0  timers.o(i.xTimerCreateTimerTask)
    i.xTimerGenericCommand                   0x08004fec   Section        0  timers.o(i.xTimerGenericCommand)
    .constdata                               0x0800504c   Section       64  ctype_c.o(.constdata)
    .data                                    0x20000000   Section        4  app_tsks.o(.data)
    .data                                    0x20000004   Section        4  app_tsks.o(.data)
    .data                                    0x20000008   Section       16  app_tsks.o(.data)
    send_finish                              0x20000008   Data           1  app_tsks.o(.data)
    state                                    0x20000009   Data           1  app_tsks.o(.data)
    .data                                    0x20000018   Section       60  tasks.o(.data)
    uxDeletedTasksWaitingCleanUp             0x2000001c   Data           4  tasks.o(.data)
    uxCurrentNumberOfTasks                   0x20000020   Data           4  tasks.o(.data)
    xTickCount                               0x20000024   Data           4  tasks.o(.data)
    uxTopReadyPriority                       0x20000028   Data           4  tasks.o(.data)
    xSchedulerRunning                        0x2000002c   Data           4  tasks.o(.data)
    uxPendedTicks                            0x20000030   Data           4  tasks.o(.data)
    xYieldPending                            0x20000034   Data           4  tasks.o(.data)
    xNumOfOverflows                          0x20000038   Data           4  tasks.o(.data)
    uxTaskNumber                             0x2000003c   Data           4  tasks.o(.data)
    xNextTaskUnblockTime                     0x20000040   Data           4  tasks.o(.data)
    xIdleTaskHandle                          0x20000044   Data           4  tasks.o(.data)
    uxSchedulerSuspended                     0x20000048   Data           4  tasks.o(.data)
    pxDelayedTaskList                        0x2000004c   Data           4  tasks.o(.data)
    pxOverflowDelayedTaskList                0x20000050   Data           4  tasks.o(.data)
    .data                                    0x20000054   Section       20  timers.o(.data)
    xTimerQueue                              0x20000054   Data           4  timers.o(.data)
    xTimerTaskHandle                         0x20000058   Data           4  timers.o(.data)
    xLastTime                                0x2000005c   Data           4  timers.o(.data)
    pxCurrentTimerList                       0x20000060   Data           4  timers.o(.data)
    pxOverflowTimerList                      0x20000064   Data           4  timers.o(.data)
    .data                                    0x20000068   Section       12  port.o(.data)
    ucMaxSysCallPriority                     0x20000068   Data           1  port.o(.data)
    uxCriticalNesting                        0x2000006c   Data           4  port.o(.data)
    ulMaxPRIGROUPValue                       0x20000070   Data           4  port.o(.data)
    .data                                    0x20000074   Section       24  heap_4.o(.data)
    pxEnd                                    0x20000074   Data           4  heap_4.o(.data)
    xFreeBytesRemaining                      0x20000078   Data           4  heap_4.o(.data)
    xMinimumEverFreeBytesRemaining           0x2000007c   Data           4  heap_4.o(.data)
    xBlockAllocatedBit                       0x20000080   Data           4  heap_4.o(.data)
    xStart                                   0x20000084   Data           8  heap_4.o(.data)
    .data                                    0x2000008c   Section       20  stm32f10x_rcc.o(.data)
    ADCPrescTable                            0x2000008c   Data           4  stm32f10x_rcc.o(.data)
    APBAHBPrescTable                         0x20000090   Data          16  stm32f10x_rcc.o(.data)
    .data                                    0x200000a0   Section       20  usart.o(.data)
    semb_dma_uart1                           0x200000a4   Data           4  usart.o(.data)
    UART1_RxBuffer                           0x200000ac   Data           4  usart.o(.data)
    UART1_TxBuffer                           0x200000b0   Data           4  usart.o(.data)
    .data                                    0x200000b4   Section       12  timer.o(.data)
    cur_counter                              0x200000b6   Data           2  timer.o(.data)
    Timer3TicksPeriod                        0x200000b8   Data           4  timer.o(.data)
    .data                                    0x200000c0   Section       80  sx1276-lora.o(.data)
    antennaSwitchTxOnPrev                    0x200000c0   Data           1  sx1276-lora.o(.data)
    .bss                                     0x20000110   Section      144  app_tsks.o(.bss)
    .bss                                     0x200001a0   Section      200  tasks.o(.bss)
    pxReadyTasksLists                        0x200001a0   Data         100  tasks.o(.bss)
    xDelayedTaskList1                        0x20000204   Data          20  tasks.o(.bss)
    xDelayedTaskList2                        0x20000218   Data          20  tasks.o(.bss)
    xPendingReadyList                        0x2000022c   Data          20  tasks.o(.bss)
    xTasksWaitingTermination                 0x20000240   Data          20  tasks.o(.bss)
    xSuspendedTaskList                       0x20000254   Data          20  tasks.o(.bss)
    .bss                                     0x20000268   Section       40  timers.o(.bss)
    xActiveTimerList1                        0x20000268   Data          20  timers.o(.bss)
    xActiveTimerList2                        0x2000027c   Data          20  timers.o(.bss)
    .bss                                     0x20000290   Section    15360  heap_4.o(.bss)
    ucHeap                                   0x20000290   Data       15360  heap_4.o(.bss)
    .bss                                     0x20003e90   Section      400  usart.o(.bss)
    STACK                                    0x20004020   Section      512  startup_stm32f10x_cl.o(STACK)

    Global Symbols

    Symbol Name                              Value     Ov Type        Size  Object(Section)

    BuildAttributes$$THM_ISAv4$P$D$K$B$S$PE$A:L22UL41UL21$X:L11$S22US41US21$IEEE1$IW$USESV6$~STKCKD$USESV7$~SHL$OTIME$ROPI$EBA8$MICROLIB$REQ8$PRES8$EABIv2 0x00000000   Number         0  anon$$obj.o ABSOLUTE
    __ARM_use_no_argv                        0x00000000   Number         0  main.o ABSOLUTE
    _printf_a                                0x00000000   Number         0  stubs.o ABSOLUTE
    _printf_c                                0x00000000   Number         0  stubs.o ABSOLUTE
    _printf_charcount                        0x00000000   Number         0  stubs.o ABSOLUTE
    _printf_d                                0x00000000   Number         0  stubs.o ABSOLUTE
    _printf_e                                0x00000000   Number         0  stubs.o ABSOLUTE
    _printf_f                                0x00000000   Number         0  stubs.o ABSOLUTE
    _printf_flags                            0x00000000   Number         0  stubs.o ABSOLUTE
    _printf_fp_dec                           0x00000000   Number         0  stubs.o ABSOLUTE
    _printf_fp_hex                           0x00000000   Number         0  stubs.o ABSOLUTE
    _printf_g                                0x00000000   Number         0  stubs.o ABSOLUTE
    _printf_i                                0x00000000   Number         0  stubs.o ABSOLUTE
    _printf_int_dec                          0x00000000   Number         0  stubs.o ABSOLUTE
    _printf_l                                0x00000000   Number         0  stubs.o ABSOLUTE
    _printf_lc                               0x00000000   Number         0  stubs.o ABSOLUTE
    _printf_ll                               0x00000000   Number         0  stubs.o ABSOLUTE
    _printf_lld                              0x00000000   Number         0  stubs.o ABSOLUTE
    _printf_lli                              0x00000000   Number         0  stubs.o ABSOLUTE
    _printf_llo                              0x00000000   Number         0  stubs.o ABSOLUTE
    _printf_llu                              0x00000000   Number         0  stubs.o ABSOLUTE
    _printf_llx                              0x00000000   Number         0  stubs.o ABSOLUTE
    _printf_longlong_dec                     0x00000000   Number         0  stubs.o ABSOLUTE
    _printf_longlong_hex                     0x00000000   Number         0  stubs.o ABSOLUTE
    _printf_longlong_oct                     0x00000000   Number         0  stubs.o ABSOLUTE
    _printf_ls                               0x00000000   Number         0  stubs.o ABSOLUTE
    _printf_mbtowc                           0x00000000   Number         0  stubs.o ABSOLUTE
    _printf_n                                0x00000000   Number         0  stubs.o ABSOLUTE
    _printf_o                                0x00000000   Number         0  stubs.o ABSOLUTE
    _printf_p                                0x00000000   Number         0  stubs.o ABSOLUTE
    _printf_percent                          0x00000000   Number         0  stubs.o ABSOLUTE
    _printf_pre_padding                      0x00000000   Number         0  stubs.o ABSOLUTE
    _printf_return_value                     0x00000000   Number         0  stubs.o ABSOLUTE
    _printf_s                                0x00000000   Number         0  stubs.o ABSOLUTE
    _printf_sizespec                         0x00000000   Number         0  stubs.o ABSOLUTE
    _printf_str                              0x00000000   Number         0  stubs.o ABSOLUTE
    _printf_truncate_signed                  0x00000000   Number         0  stubs.o ABSOLUTE
    _printf_truncate_unsigned                0x00000000   Number         0  stubs.o ABSOLUTE
    _printf_u                                0x00000000   Number         0  stubs.o ABSOLUTE
    _printf_wc                               0x00000000   Number         0  stubs.o ABSOLUTE
    _printf_wctomb                           0x00000000   Number         0  stubs.o ABSOLUTE
    _printf_widthprec                        0x00000000   Number         0  stubs.o ABSOLUTE
    _printf_x                                0x00000000   Number         0  stubs.o ABSOLUTE
    __cpp_initialize__aeabi_                  - Undefined Weak Reference
    __cxa_finalize                            - Undefined Weak Reference
    __decompress                              - Undefined Weak Reference
    _clock_init                               - Undefined Weak Reference
    _microlib_exit                            - Undefined Weak Reference
    _scanf_longlong                           - Undefined Weak Reference
    _scanf_real                               - Undefined Weak Reference
    __Vectors_Size                           0x00000150   Number         0  startup_stm32f10x_cl.o ABSOLUTE
    __Vectors                                0x08000000   Data           4  startup_stm32f10x_cl.o(RESET)
    __Vectors_End                            0x08000150   Data           0  startup_stm32f10x_cl.o(RESET)
    __main                                   0x08000151   Thumb Code     0  entry.o(.ARM.Collect$$$$00000000)
    _main_stk                                0x08000151   Thumb Code     0  entry2.o(.ARM.Collect$$$$00000001)
    _main_scatterload                        0x08000155   Thumb Code     0  entry5.o(.ARM.Collect$$$$00000004)
    __main_after_scatterload                 0x08000159   Thumb Code     0  entry5.o(.ARM.Collect$$$$00000004)
    _main_clock                              0x08000159   Thumb Code     0  entry7b.o(.ARM.Collect$$$$00000008)
    _main_cpp_init                           0x08000159   Thumb Code     0  entry8b.o(.ARM.Collect$$$$0000000A)
    _main_init                               0x08000159   Thumb Code     0  entry9a.o(.ARM.Collect$$$$0000000B)
    __rt_final_cpp                           0x08000161   Thumb Code     0  entry10a.o(.ARM.Collect$$$$0000000D)
    __rt_final_exit                          0x08000161   Thumb Code     0  entry11a.o(.ARM.Collect$$$$0000000F)
    vPortSVCHandler                          0x08000165   Thumb Code    32  port.o(.emb_text)
    __asm___6_port_c_39a90d8d__prvStartFirstTask 0x08000189   Thumb Code    28  port.o(.emb_text)
    xPortPendSVHandler                       0x080001a9   Thumb Code    72  port.o(.emb_text)
    vPortGetIPSR                             0x080001f5   Thumb Code     6  port.o(.emb_text)
    Reset_Handler                            0x080001fd   Thumb Code     4  startup_stm32f10x_cl.o(.text)
    ADC1_2_IRQHandler                        0x08000213   Thumb Code     0  startup_stm32f10x_cl.o(.text)
    CAN1_RX0_IRQHandler                      0x08000213   Thumb Code     0  startup_stm32f10x_cl.o(.text)
    CAN1_RX1_IRQHandler                      0x08000213   Thumb Code     0  startup_stm32f10x_cl.o(.text)
    CAN1_SCE_IRQHandler                      0x08000213   Thumb Code     0  startup_stm32f10x_cl.o(.text)
    CAN1_TX_IRQHandler                       0x08000213   Thumb Code     0  startup_stm32f10x_cl.o(.text)
    CAN2_RX0_IRQHandler                      0x08000213   Thumb Code     0  startup_stm32f10x_cl.o(.text)
    CAN2_RX1_IRQHandler                      0x08000213   Thumb Code     0  startup_stm32f10x_cl.o(.text)
    CAN2_SCE_IRQHandler                      0x08000213   Thumb Code     0  startup_stm32f10x_cl.o(.text)
    CAN2_TX_IRQHandler                       0x08000213   Thumb Code     0  startup_stm32f10x_cl.o(.text)
    DMA1_Channel1_IRQHandler                 0x08000213   Thumb Code     0  startup_stm32f10x_cl.o(.text)
    DMA1_Channel2_IRQHandler                 0x08000213   Thumb Code     0  startup_stm32f10x_cl.o(.text)
    DMA1_Channel3_IRQHandler                 0x08000213   Thumb Code     0  startup_stm32f10x_cl.o(.text)
    DMA1_Channel5_IRQHandler                 0x08000213   Thumb Code     0  startup_stm32f10x_cl.o(.text)
    DMA1_Channel6_IRQHandler                 0x08000213   Thumb Code     0  startup_stm32f10x_cl.o(.text)
    DMA2_Channel1_IRQHandler                 0x08000213   Thumb Code     0  startup_stm32f10x_cl.o(.text)
    DMA2_Channel2_IRQHandler                 0x08000213   Thumb Code     0  startup_stm32f10x_cl.o(.text)
    DMA2_Channel3_IRQHandler                 0x08000213   Thumb Code     0  startup_stm32f10x_cl.o(.text)
    DMA2_Channel4_IRQHandler                 0x08000213   Thumb Code     0  startup_stm32f10x_cl.o(.text)
    DMA2_Channel5_IRQHandler                 0x08000213   Thumb Code     0  startup_stm32f10x_cl.o(.text)
    ETH_IRQHandler                           0x08000213   Thumb Code     0  startup_stm32f10x_cl.o(.text)
    ETH_WKUP_IRQHandler                      0x08000213   Thumb Code     0  startup_stm32f10x_cl.o(.text)
    EXTI0_IRQHandler                         0x08000213   Thumb Code     0  startup_stm32f10x_cl.o(.text)
    EXTI1_IRQHandler                         0x08000213   Thumb Code     0  startup_stm32f10x_cl.o(.text)
    EXTI2_IRQHandler                         0x08000213   Thumb Code     0  startup_stm32f10x_cl.o(.text)
    EXTI4_IRQHandler                         0x08000213   Thumb Code     0  startup_stm32f10x_cl.o(.text)
    EXTI9_5_IRQHandler                       0x08000213   Thumb Code     0  startup_stm32f10x_cl.o(.text)
    FLASH_IRQHandler                         0x08000213   Thumb Code     0  startup_stm32f10x_cl.o(.text)
    I2C1_ER_IRQHandler                       0x08000213   Thumb Code     0  startup_stm32f10x_cl.o(.text)
    I2C1_EV_IRQHandler                       0x08000213   Thumb Code     0  startup_stm32f10x_cl.o(.text)
    I2C2_ER_IRQHandler                       0x08000213   Thumb Code     0  startup_stm32f10x_cl.o(.text)
    I2C2_EV_IRQHandler                       0x08000213   Thumb Code     0  startup_stm32f10x_cl.o(.text)
    OTG_FS_IRQHandler                        0x08000213   Thumb Code     0  startup_stm32f10x_cl.o(.text)
    OTG_FS_WKUP_IRQHandler                   0x08000213   Thumb Code     0  startup_stm32f10x_cl.o(.text)
    PVD_IRQHandler                           0x08000213   Thumb Code     0  startup_stm32f10x_cl.o(.text)
    RCC_IRQHandler                           0x08000213   Thumb Code     0  startup_stm32f10x_cl.o(.text)
    RTCAlarm_IRQHandler                      0x08000213   Thumb Code     0  startup_stm32f10x_cl.o(.text)
    RTC_IRQHandler                           0x08000213   Thumb Code     0  startup_stm32f10x_cl.o(.text)
    SPI1_IRQHandler                          0x08000213   Thumb Code     0  startup_stm32f10x_cl.o(.text)
    SPI2_IRQHandler                          0x08000213   Thumb Code     0  startup_stm32f10x_cl.o(.text)
    SPI3_IRQHandler                          0x08000213   Thumb Code     0  startup_stm32f10x_cl.o(.text)
    TAMPER_IRQHandler                        0x08000213   Thumb Code     0  startup_stm32f10x_cl.o(.text)
    TIM1_BRK_IRQHandler                      0x08000213   Thumb Code     0  startup_stm32f10x_cl.o(.text)
    TIM1_CC_IRQHandler                       0x08000213   Thumb Code     0  startup_stm32f10x_cl.o(.text)
    TIM1_TRG_COM_IRQHandler                  0x08000213   Thumb Code     0  startup_stm32f10x_cl.o(.text)
    TIM1_UP_IRQHandler                       0x08000213   Thumb Code     0  startup_stm32f10x_cl.o(.text)
    TIM3_IRQHandler                          0x08000213   Thumb Code     0  startup_stm32f10x_cl.o(.text)
    TIM5_IRQHandler                          0x08000213   Thumb Code     0  startup_stm32f10x_cl.o(.text)
    TIM6_IRQHandler                          0x08000213   Thumb Code     0  startup_stm32f10x_cl.o(.text)
    TIM7_IRQHandler                          0x08000213   Thumb Code     0  startup_stm32f10x_cl.o(.text)
    UART4_IRQHandler                         0x08000213   Thumb Code     0  startup_stm32f10x_cl.o(.text)
    UART5_IRQHandler                         0x08000213   Thumb Code     0  startup_stm32f10x_cl.o(.text)
    WWDG_IRQHandler                          0x08000213   Thumb Code     0  startup_stm32f10x_cl.o(.text)
    __aeabi_memcpy                           0x08000219   Thumb Code    36  memcpya.o(.text)
    __aeabi_memcpy4                          0x08000219   Thumb Code     0  memcpya.o(.text)
    __aeabi_memcpy8                          0x08000219   Thumb Code     0  memcpya.o(.text)
    __aeabi_memset                           0x0800023d   Thumb Code    14  memseta.o(.text)
    __aeabi_memset4                          0x0800023d   Thumb Code     0  memseta.o(.text)
    __aeabi_memset8                          0x0800023d   Thumb Code     0  memseta.o(.text)
    __aeabi_memclr                           0x0800024b   Thumb Code     4  memseta.o(.text)
    __aeabi_memclr4                          0x0800024b   Thumb Code     0  memseta.o(.text)
    __aeabi_memclr8                          0x0800024b   Thumb Code     0  memseta.o(.text)
    memset                                   0x0800024f   Thumb Code    18  memseta.o(.text)
    strstr                                   0x08000261   Thumb Code    36  strstr.o(.text)
    strlen                                   0x08000285   Thumb Code    14  strlen.o(.text)
    strcpy                                   0x08000293   Thumb Code    18  strcpy.o(.text)
    __0sscanf                                0x080002a5   Thumb Code    48  __0sscanf.o(.text)
    _scanf_int                               0x080002dd   Thumb Code   332  _scanf_int.o(.text)
    _scanf_string                            0x08000429   Thumb Code   224  _scanf_str.o(.text)
    __aeabi_fmul                             0x08000509   Thumb Code   100  fmul.o(.text)
    __aeabi_dadd                             0x0800056d   Thumb Code   322  dadd.o(.text)
    __aeabi_dsub                             0x080006af   Thumb Code     6  dadd.o(.text)
    __aeabi_drsub                            0x080006b5   Thumb Code     6  dadd.o(.text)
    __aeabi_dmul                             0x080006bb   Thumb Code   228  dmul.o(.text)
    __aeabi_ddiv                             0x0800079f   Thumb Code   222  ddiv.o(.text)
    __aeabi_ui2f                             0x0800087d   Thumb Code    10  ffltui.o(.text)
    __aeabi_ui2d                             0x08000887   Thumb Code    26  dfltui.o(.text)
    __aeabi_f2uiz                            0x080008a1   Thumb Code    40  ffixui.o(.text)
    __aeabi_d2f                              0x080008c9   Thumb Code    56  d2f.o(.text)
    __aeabi_uidiv                            0x08000901   Thumb Code     0  uidiv.o(.text)
    __aeabi_uidivmod                         0x08000901   Thumb Code    44  uidiv.o(.text)
    __aeabi_uldivmod                         0x0800092d   Thumb Code    98  uldiv.o(.text)
    __aeabi_llsl                             0x0800098f   Thumb Code    30  llshl.o(.text)
    _ll_shift_l                              0x0800098f   Thumb Code     0  llshl.o(.text)
    __aeabi_llsr                             0x080009ad   Thumb Code    32  llushr.o(.text)
    _ll_ushift_r                             0x080009ad   Thumb Code     0  llushr.o(.text)
    __aeabi_lasr                             0x080009cd   Thumb Code    36  llsshr.o(.text)
    _ll_sshift_r                             0x080009cd   Thumb Code     0  llsshr.o(.text)
    _chval                                   0x080009f1   Thumb Code    28  _chval.o(.text)
    __vfscanf_char                           0x08000a19   Thumb Code    20  scanf_char.o(.text)
    _sgetc                                   0x08000a35   Thumb Code    30  _sgetc.o(.text)
    _sbackspace                              0x08000a53   Thumb Code    34  _sgetc.o(.text)
    __I$use$fp                               0x08000a75   Thumb Code     0  iusefp.o(.text)
    _float_round                             0x08000a75   Thumb Code    18  fepilogue.o(.text)
    _float_epilogue                          0x08000a87   Thumb Code    92  fepilogue.o(.text)
    _double_round                            0x08000ae3   Thumb Code    30  depilogue.o(.text)
    _double_epilogue                         0x08000b01   Thumb Code   156  depilogue.o(.text)
    __aeabi_d2ulz                            0x08000b9d   Thumb Code    48  dfixul.o(.text)
    __aeabi_cdrcmple                         0x08000bcd   Thumb Code    48  cdrcmple.o(.text)
    __scatterload                            0x08000bfd   Thumb Code    28  init.o(.text)
    __scatterload_rt2                        0x08000bfd   Thumb Code     0  init.o(.text)
    isspace                                  0x08000c21   Thumb Code    10  isspace_c.o(.text)
    __vfscanf                                0x08000c2d   Thumb Code   808  _scanf.o(.text)
    __ctype_lookup                           0x08000f59   Thumb Code    34  ctype_c.o(.text)
    BusFault_Handler                         0x08000f81   Thumb Code     2  stm32f10x_it.o(i.BusFault_Handler)
    DMA1_Channel4_IRQHandler                 0x08000f85   Thumb Code    38  usart.o(i.DMA1_Channel4_IRQHandler)
    DMA1_Channel7_IRQHandler                 0x08000fb1   Thumb Code    28  usart.o(i.DMA1_Channel7_IRQHandler)
    DMA_ClearFlag                            0x08000fcd   Thumb Code    16  stm32f10x_dma.o(i.DMA_ClearFlag)
    DMA_Cmd                                  0x08000fe5   Thumb Code    22  stm32f10x_dma.o(i.DMA_Cmd)
    DMA_DeInit                               0x08000ffd   Thumb Code   218  stm32f10x_dma.o(i.DMA_DeInit)
    DMA_GetCurrDataCounter                   0x080010e1   Thumb Code     6  stm32f10x_dma.o(i.DMA_GetCurrDataCounter)
    DMA_GetFlagStatus                        0x080010e9   Thumb Code    24  stm32f10x_dma.o(i.DMA_GetFlagStatus)
    DMA_ITConfig                             0x08001109   Thumb Code    16  stm32f10x_dma.o(i.DMA_ITConfig)
    DMA_Init                                 0x08001119   Thumb Code    58  stm32f10x_dma.o(i.DMA_Init)
    DMA_SetCurrDataCounter                   0x08001153   Thumb Code     4  stm32f10x_dma.o(i.DMA_SetCurrDataCounter)
    DebugMon_Handler                         0x08001157   Thumb Code     2  stm32f10x_it.o(i.DebugMon_Handler)
    EXTI15_10_IRQHandler                     0x08001159   Thumb Code    18  sx1276-lora.o(i.EXTI15_10_IRQHandler)
    EXTI3_IRQHandler                         0x08001171   Thumb Code    18  sx1276-lora.o(i.EXTI3_IRQHandler)
    EXTI_ClearITPendingBit                   0x08001189   Thumb Code     6  stm32f10x_exti.o(i.EXTI_ClearITPendingBit)
    FLASH_ClearFlag                          0x08001195   Thumb Code     6  stm32f10x_flash.o(i.FLASH_ClearFlag)
    FLASH_ErasePage                          0x080011a1   Thumb Code    56  stm32f10x_flash.o(i.FLASH_ErasePage)
    FLASH_GetBank1Status                     0x080011dd   Thumb Code    34  stm32f10x_flash.o(i.FLASH_GetBank1Status)
    FLASH_Lock                               0x08001205   Thumb Code    12  stm32f10x_flash.o(i.FLASH_Lock)
    FLASH_ProgramHalfWord                    0x08001215   Thumb Code    48  stm32f10x_flash.o(i.FLASH_ProgramHalfWord)
    FLASH_Unlock                             0x08001249   Thumb Code    12  stm32f10x_flash.o(i.FLASH_Unlock)
    FLASH_WaitForLastOperation               0x08001261   Thumb Code    36  stm32f10x_flash.o(i.FLASH_WaitForLastOperation)
    Flash_ErasePage                          0x08001285   Thumb Code    28  flash.o(i.Flash_ErasePage)
    Flash_ReadHalfWord                       0x080012a1   Thumb Code     2  flash.o(i.Flash_ReadHalfWord)
    Flash_WriteHalfWord                      0x080012a3   Thumb Code    52  flash.o(i.Flash_WriteHalfWord)
    GPIO_Init                                0x080012d9   Thumb Code   162  stm32f10x_gpio.o(i.GPIO_Init)
    GPIO_PinRemapConfig                      0x0800137d   Thumb Code    82  stm32f10x_gpio.o(i.GPIO_PinRemapConfig)
    GPIO_ReadInputDataBit                    0x080013d5   Thumb Code    14  stm32f10x_gpio.o(i.GPIO_ReadInputDataBit)
    GPIO_ResetBits                           0x080013e3   Thumb Code     4  stm32f10x_gpio.o(i.GPIO_ResetBits)
    GPIO_SetBits                             0x080013e7   Thumb Code     4  stm32f10x_gpio.o(i.GPIO_SetBits)
    HardFault_Handler                        0x080013eb   Thumb Code     2  stm32f10x_it.o(i.HardFault_Handler)
    LED_D1_Task                              0x080013ed   Thumb Code    42  app_tsks.o(i.LED_D1_Task)
    LED_D2_toggle                            0x08001439   Thumb Code    28  app_tsks.o(i.LED_D2_toggle)
    LED_Init                                 0x0800145d   Thumb Code    58  app_tsks.o(i.LED_Init)
    MemManage_Handler                        0x0800149d   Thumb Code     2  stm32f10x_it.o(i.MemManage_Handler)
    NMI_Handler                              0x0800149f   Thumb Code     2  stm32f10x_it.o(i.NMI_Handler)
    NVIC_Init                                0x080014a1   Thumb Code    94  misc.o(i.NVIC_Init)
    NVIC_PriorityGroupConfig                 0x08001505   Thumb Code    10  misc.o(i.NVIC_PriorityGroupConfig)
    RCC_AHBPeriphClockCmd                    0x08001519   Thumb Code    18  stm32f10x_rcc.o(i.RCC_AHBPeriphClockCmd)
    RCC_APB1PeriphClockCmd                   0x08001531   Thumb Code    18  stm32f10x_rcc.o(i.RCC_APB1PeriphClockCmd)
    RCC_APB2PeriphClockCmd                   0x08001549   Thumb Code    18  stm32f10x_rcc.o(i.RCC_APB2PeriphClockCmd)
    RCC_GetClocksFreq                        0x08001561   Thumb Code   178  stm32f10x_rcc.o(i.RCC_GetClocksFreq)
    SPI_I2S_GetFlagStatus                    0x08001629   Thumb Code    14  stm32f10x_spi.o(i.SPI_I2S_GetFlagStatus)
    SPI_I2S_ReceiveData                      0x08001637   Thumb Code     4  stm32f10x_spi.o(i.SPI_I2S_ReceiveData)
    SPI_I2S_SendData                         0x0800163b   Thumb Code     4  stm32f10x_spi.o(i.SPI_I2S_SendData)
    SPI_RW_Byte                              0x08001641   Thumb Code    96  spi.o(i.SPI_RW_Byte)
    SX1276IrqDIO0                            0x080016a9   Thumb Code    28  sx1276-lora.o(i.SX1276IrqDIO0)
    SX1276ReadDio4                           0x080016c5   Thumb Code     8  sx1276-hal.o(i.SX1276ReadDio4)
    SX1276Write                              0x080016d1   Thumb Code    12  sx1276-hal.o(i.SX1276Write)
    SX1276WriteBuffer                        0x080016dd   Thumb Code    68  sx1276-hal.o(i.SX1276WriteBuffer)
    SX276IrqCad                              0x08001725   Thumb Code    42  sx1276-lora.o(i.SX276IrqCad)
    SystemInit                               0x08001821   Thumb Code    76  system_stm32f10x.o(i.SystemInit)
    TIM2_IRQHandler                          0x0800187d   Thumb Code    52  timer.o(i.TIM2_IRQHandler)
    TIM2_delay_us                            0x080018b5   Thumb Code    26  timer.o(i.TIM2_delay_us)
    TIM4_IRQHandler                          0x080018d5   Thumb Code   106  timer.o(i.TIM4_IRQHandler)
    TIM_ARRPreloadConfig                     0x0800194d   Thumb Code    20  stm32f10x_tim.o(i.TIM_ARRPreloadConfig)
    TIM_ClearFlag                            0x08001961   Thumb Code     6  stm32f10x_tim.o(i.TIM_ClearFlag)
    TIM_ClearITPendingBit                    0x08001967   Thumb Code     6  stm32f10x_tim.o(i.TIM_ClearITPendingBit)
    TIM_Cmd                                  0x0800196d   Thumb Code    20  stm32f10x_tim.o(i.TIM_Cmd)
    TIM_CtrlPWMOutputs                       0x08001981   Thumb Code    22  stm32f10x_tim.o(i.TIM_CtrlPWMOutputs)
    TIM_GetCapture4                          0x08001997   Thumb Code     6  stm32f10x_tim.o(i.TIM_GetCapture4)
    TIM_GetITStatus                          0x0800199d   Thumb Code    24  stm32f10x_tim.o(i.TIM_GetITStatus)
    TIM_ITConfig                             0x080019b5   Thumb Code    16  stm32f10x_tim.o(i.TIM_ITConfig)
    TIM_OC1Init                              0x080019c5   Thumb Code   106  stm32f10x_tim.o(i.TIM_OC1Init)
    TIM_OC1PreloadConfig                     0x08001a45   Thumb Code    12  stm32f10x_tim.o(i.TIM_OC1PreloadConfig)
    TIM_OC2Init                              0x08001a51   Thumb Code   120  stm32f10x_tim.o(i.TIM_OC2Init)
    TIM_OC2PreloadConfig                     0x08001ad1   Thumb Code    20  stm32f10x_tim.o(i.TIM_OC2PreloadConfig)
    TIM_OC3Init                              0x08001ae5   Thumb Code   116  stm32f10x_tim.o(i.TIM_OC3Init)
    TIM_OC3PreloadConfig                     0x08001b61   Thumb Code    12  stm32f10x_tim.o(i.TIM_OC3PreloadConfig)
    TIM_OC4Init                              0x08001b6d   Thumb Code    90  stm32f10x_tim.o(i.TIM_OC4Init)
    TIM_OC4PreloadConfig                     0x08001bd1   Thumb Code    20  stm32f10x_tim.o(i.TIM_OC4PreloadConfig)
    TIM_SetCompare1                          0x08001be5   Thumb Code     4  stm32f10x_tim.o(i.TIM_SetCompare1)
    TIM_SetCompare2                          0x08001be9   Thumb Code     4  stm32f10x_tim.o(i.TIM_SetCompare2)
    TIM_SetCompare3                          0x08001bed   Thumb Code     4  stm32f10x_tim.o(i.TIM_SetCompare3)
    TIM_SetCompare4                          0x08001bf1   Thumb Code     6  stm32f10x_tim.o(i.TIM_SetCompare4)
    TIM_TimeBaseInit                         0x08001bf9   Thumb Code   114  stm32f10x_tim.o(i.TIM_TimeBaseInit)
    Timer2_counter_Init                      0x08001c95   Thumb Code   112  timer.o(i.Timer2_counter_Init)
    Timer3_pwm_Deinit                        0x08001d05   Thumb Code    22  timer.o(i.Timer3_pwm_Deinit)
    Timer3_pwm_Init                          0x08001d21   Thumb Code   216  timer.o(i.Timer3_pwm_Init)
    Timer3_pwm_off                           0x08001e09   Thumb Code   156  timer.o(i.Timer3_pwm_off)
    Timer3_pwm_on                            0x08001ead   Thumb Code    90  timer.o(i.Timer3_pwm_on)
    Timer3_setPulseWidth                     0x08001f11   Thumb Code   130  timer.o(i.Timer3_setPulseWidth)
    USART1_IRQHandler                        0x08002075   Thumb Code   130  usart.o(i.USART1_IRQHandler)
    USART2_IRQHandler                        0x0800210d   Thumb Code    70  usart.o(i.USART2_IRQHandler)
    USART3_IRQHandler                        0x08002161   Thumb Code     2  usart.o(i.USART3_IRQHandler)
    USART_ClearITPendingBit                  0x08002163   Thumb Code    12  stm32f10x_usart.o(i.USART_ClearITPendingBit)
    USART_Cmd                                0x0800216f   Thumb Code    20  stm32f10x_usart.o(i.USART_Cmd)
    USART_DMACmd                             0x08002183   Thumb Code    16  stm32f10x_usart.o(i.USART_DMACmd)
    USART_GetFlagStatus                      0x08002193   Thumb Code    14  stm32f10x_usart.o(i.USART_GetFlagStatus)
    USART_GetITStatus                        0x080021a1   Thumb Code    62  stm32f10x_usart.o(i.USART_GetITStatus)
    USART_ITConfig                           0x080021df   Thumb Code    48  stm32f10x_usart.o(i.USART_ITConfig)
    USART_Init                               0x08002211   Thumb Code   166  stm32f10x_usart.o(i.USART_Init)
    USART_ReceiveData                        0x080022bd   Thumb Code     8  stm32f10x_usart.o(i.USART_ReceiveData)
    Uart1Init                                0x080022c5   Thumb Code   232  usart.o(i.Uart1Init)
    Uart1SendStr                             0x080023b9   Thumb Code    84  usart.o(i.Uart1SendStr)
    Uart1_print_back_Task                    0x08002419   Thumb Code    58  app_tsks.o(i.Uart1_print_back_Task)
    UsageFault_Handler                       0x0800247d   Thumb Code     2  stm32f10x_it.o(i.UsageFault_Handler)
    __0snprintf                              0x08002481   Thumb Code    44  printfa.o(i.__0snprintf)
    __1snprintf                              0x08002481   Thumb Code     0  printfa.o(i.__0snprintf)
    __2snprintf                              0x08002481   Thumb Code     0  printfa.o(i.__0snprintf)
    __c89snprintf                            0x08002481   Thumb Code     0  printfa.o(i.__0snprintf)
    snprintf                                 0x08002481   Thumb Code     0  printfa.o(i.__0snprintf)
    __0vsprintf                              0x080024b1   Thumb Code    30  printfa.o(i.__0vsprintf)
    __1vsprintf                              0x080024b1   Thumb Code     0  printfa.o(i.__0vsprintf)
    __2vsprintf                              0x080024b1   Thumb Code     0  printfa.o(i.__0vsprintf)
    __c89vsprintf                            0x080024b1   Thumb Code     0  printfa.o(i.__0vsprintf)
    vsprintf                                 0x080024b1   Thumb Code     0  printfa.o(i.__0vsprintf)
    __scatterload_copy                       0x080024d5   Thumb Code    14  handlers.o(i.__scatterload_copy)
    __scatterload_null                       0x080024e3   Thumb Code     2  handlers.o(i.__scatterload_null)
    __scatterload_zeroinit                   0x080024e5   Thumb Code    14  handlers.o(i.__scatterload_zeroinit)
    cmd_analysis_Task                        0x08002dc9   Thumb Code   360  app_tsks.o(i.cmd_analysis_Task)
    code_sending                             0x08003051   Thumb Code   124  app_tsks.o(i.code_sending)
    irda_learning_Task                       0x080030d1   Thumb Code   272  app_tsks.o(i.irda_learning_Task)
    irda_sending_Task                        0x0800328d   Thumb Code    62  app_tsks.o(i.irda_sending_Task)
    main                                     0x0800330d   Thumb Code   134  main.o(i.main)
    pvPortMalloc                             0x08003ad1   Thumb Code   210  heap_4.o(i.pvPortMalloc)
    pvTaskIncrementMutexHeldCount            0x08003ba9   Thumb Code    18  tasks.o(i.pvTaskIncrementMutexHeldCount)
    pxPortInitialiseStack                    0x08003bc1   Thumb Code    32  port.o(i.pxPortInitialiseStack)
    steeringCtl_Task                         0x08003be5   Thumb Code   140  app_tsks.o(i.steeringCtl_Task)
    uart1_printf                             0x08003cd5   Thumb Code    86  usart.o(i.uart1_printf)
    ulTaskNotifyTake                         0x08003d39   Thumb Code    96  tasks.o(i.ulTaskNotifyTake)
    uxListRemove                             0x08003da1   Thumb Code    38  list.o(i.uxListRemove)
    vListInitialise                          0x08003dc7   Thumb Code    22  list.o(i.vListInitialise)
    vListInitialiseItem                      0x08003ddd   Thumb Code     6  list.o(i.vListInitialiseItem)
    vListInsert                              0x08003de3   Thumb Code    48  list.o(i.vListInsert)
    vListInsertEnd                           0x08003e13   Thumb Code    24  list.o(i.vListInsertEnd)
    vPortEnterCritical                       0x08003e2d   Thumb Code    54  port.o(i.vPortEnterCritical)
    vPortExitCritical                        0x08003e6d   Thumb Code    34  port.o(i.vPortExitCritical)
    vPortFree                                0x08003e95   Thumb Code    88  heap_4.o(i.vPortFree)
    vPortSetupTimerInterrupt                 0x08003ef1   Thumb Code    20  port.o(i.vPortSetupTimerInterrupt)
    vPortValidateInterruptPriority           0x08003f09   Thumb Code    74  port.o(i.vPortValidateInterruptPriority)
    vQueueWaitForMessageRestricted           0x08003f5d   Thumb Code    68  queue.o(i.vQueueWaitForMessageRestricted)
    vTaskDelay                               0x08003fa1   Thumb Code    66  tasks.o(i.vTaskDelay)
    vTaskDelete                              0x08003fed   Thumb Code   158  tasks.o(i.vTaskDelete)
    vTaskInternalSetTimeOutState             0x08004099   Thumb Code    12  tasks.o(i.vTaskInternalSetTimeOutState)
    vTaskMissedYield                         0x080040a9   Thumb Code     8  tasks.o(i.vTaskMissedYield)
    vTaskNotifyGiveFromISR                   0x080040b5   Thumb Code   172  tasks.o(i.vTaskNotifyGiveFromISR)
    vTaskPlaceOnEventList                    0x08004169   Thumb Code    44  tasks.o(i.vTaskPlaceOnEventList)
    vTaskPlaceOnEventListRestricted          0x08004199   Thumb Code    52  tasks.o(i.vTaskPlaceOnEventListRestricted)
    vTaskPriorityDisinheritAfterTimeout      0x080041d1   Thumb Code   160  tasks.o(i.vTaskPriorityDisinheritAfterTimeout)
    vTaskStartScheduler                      0x08004279   Thumb Code    94  tasks.o(i.vTaskStartScheduler)
    vTaskSuspendAll                          0x080042e9   Thumb Code    10  tasks.o(i.vTaskSuspendAll)
    vTaskSwitchContext                       0x080042f9   Thumb Code    82  tasks.o(i.vTaskSwitchContext)
    xPortStartScheduler                      0x08004355   Thumb Code   130  port.o(i.xPortStartScheduler)
    xPortSysTickHandler                      0x080043e5   Thumb Code    38  port.o(i.xPortSysTickHandler)
    xQueueGenericCreate                      0x08004411   Thumb Code    72  queue.o(i.xQueueGenericCreate)
    xQueueGenericReset                       0x08004459   Thumb Code   132  queue.o(i.xQueueGenericReset)
    xQueueGenericSend                        0x080044e1   Thumb Code   346  queue.o(i.xQueueGenericSend)
    xQueueGenericSendFromISR                 0x08004641   Thumb Code   188  queue.o(i.xQueueGenericSendFromISR)
    xQueueGiveFromISR                        0x080046fd   Thumb Code   156  queue.o(i.xQueueGiveFromISR)
    xQueueReceive                            0x08004799   Thumb Code   308  queue.o(i.xQueueReceive)
    xQueueSemaphoreTake                      0x080048d1   Thumb Code   372  queue.o(i.xQueueSemaphoreTake)
    xTaskCheckForTimeOut                     0x08004a49   Thumb Code   112  tasks.o(i.xTaskCheckForTimeOut)
    xTaskCreate                              0x08004abd   Thumb Code    86  tasks.o(i.xTaskCreate)
    xTaskGenericNotify                       0x08004b15   Thumb Code   212  tasks.o(i.xTaskGenericNotify)
    xTaskGetCurrentTaskHandle                0x08004bf5   Thumb Code     6  tasks.o(i.xTaskGetCurrentTaskHandle)
    xTaskGetSchedulerState                   0x08004c01   Thumb Code    22  tasks.o(i.xTaskGetSchedulerState)
    xTaskGetTickCount                        0x08004c1d   Thumb Code     6  tasks.o(i.xTaskGetTickCount)
    xTaskIncrementTick                       0x08004c29   Thumb Code   192  tasks.o(i.xTaskIncrementTick)
    xTaskPriorityDisinherit                  0x08004cf1   Thumb Code   144  tasks.o(i.xTaskPriorityDisinherit)
    xTaskPriorityInherit                     0x08004d89   Thumb Code   138  tasks.o(i.xTaskPriorityInherit)
    xTaskRemoveFromEventList                 0x08004e1d   Thumb Code   108  tasks.o(i.xTaskRemoveFromEventList)
    xTaskResumeAll                           0x08004e91   Thumb Code   182  tasks.o(i.xTaskResumeAll)
    xTimerCreate                             0x08004f55   Thumb Code    78  timers.o(i.xTimerCreate)
    xTimerCreateTimerTask                    0x08004fa5   Thumb Code    56  timers.o(i.xTimerCreateTimerTask)
    xTimerGenericCommand                     0x08004fed   Thumb Code    92  timers.o(i.xTimerGenericCommand)
    __ctype_categories                       0x0800504c   Data          64  ctype_c.o(.constdata)
    Region$$Table$$Base                      0x0800508c   Number         0  anon$$obj.o(Region$$Table)
    Region$$Table$$Limit                     0x080050ac   Number         0  anon$$obj.o(Region$$Table)
    Uart1SendBackTsk                         0x20000000   Data           4  app_tsks.o(.data)
    CmdServerTsk                             0x20000004   Data           4  app_tsks.o(.data)
    IrdaSendTsk                              0x2000000c   Data           4  app_tsks.o(.data)
    IrdaLearnTsk                             0x20000010   Data           4  app_tsks.o(.data)
    SteeringEngCtlTsk                        0x20000014   Data           4  app_tsks.o(.data)
    pxCurrentTCB                             0x20000018   Data           4  tasks.o(.data)
    GsmRcvCnt                                0x200000a0   Data           2  usart.o(.data)
    Debug2RcvCnt                             0x200000a2   Data           2  usart.o(.data)
    uart1print_tskhandler                    0x200000a8   Data           4  usart.o(.data)
    code_state                               0x200000b4   Data           1  timer.o(.data)
    time_out                                 0x200000b5   Data           1  timer.o(.data)
    key_val_buffer_pt                        0x200000bc   Data           4  timer.o(.data)
    sx1278device                             0x200000c8   Data          72  sx1276-lora.o(.data)
    SteeringCtlPara                          0x20000110   Data          36  app_tsks.o(.bss)
    tsk_parameter                            0x20000134   Data         108  app_tsks.o(.bss)
    Msgget                                   0x20003e90   Data         200  usart.o(.bss)
    DebugBuf_U2                              0x20003f58   Data         200  usart.o(.bss)
    __initial_sp                             0x20004220   Data           0  startup_stm32f10x_cl.o(STACK)



==============================================================================

Memory Map of the image

  Image Entry point : 0x08000151

  Load Region LR_IROM1 (Base: 0x08000000, Size: 0x000051bc, Max: 0x00040000, ABSOLUTE)

    Execution Region ER_IROM1 (Exec base: 0x08000000, Load base: 0x08000000, Size: 0x000050ac, Max: 0x00040000, ABSOLUTE)

    Exec Addr    Load Addr    Size         Type   Attr      Idx    E Section Name        Object

    0x08000000   0x08000000   0x00000150   Data   RO          377    RESET               startup_stm32f10x_cl.o
    0x08000150   0x08000150   0x00000000   Code   RO         4299  * .ARM.Collect$$$$00000000  mc_w.l(entry.o)
    0x08000150   0x08000150   0x00000004   Code   RO         4601    .ARM.Collect$$$$00000001  mc_w.l(entry2.o)
    0x08000154   0x08000154   0x00000004   Code   RO         4604    .ARM.Collect$$$$00000004  mc_w.l(entry5.o)
    0x08000158   0x08000158   0x00000000   Code   RO         4606    .ARM.Collect$$$$00000008  mc_w.l(entry7b.o)
    0x08000158   0x08000158   0x00000000   Code   RO         4608    .ARM.Collect$$$$0000000A  mc_w.l(entry8b.o)
    0x08000158   0x08000158   0x00000008   Code   RO         4609    .ARM.Collect$$$$0000000B  mc_w.l(entry9a.o)
    0x08000160   0x08000160   0x00000000   Code   RO         4611    .ARM.Collect$$$$0000000D  mc_w.l(entry10a.o)
    0x08000160   0x08000160   0x00000000   Code   RO         4613    .ARM.Collect$$$$0000000F  mc_w.l(entry11a.o)
    0x08000160   0x08000160   0x00000004   Code   RO         4602    .ARM.Collect$$$$00002712  mc_w.l(entry2.o)
    0x08000164   0x08000164   0x00000096   Code   RO         1227    .emb_text           port.o
    0x080001fa   0x080001fa   0x00000002   PAD
    0x080001fc   0x080001fc   0x0000001c   Code   RO          378    .text               startup_stm32f10x_cl.o
    0x08000218   0x08000218   0x00000024   Code   RO         4302    .text               mc_w.l(memcpya.o)
    0x0800023c   0x0800023c   0x00000024   Code   RO         4306    .text               mc_w.l(memseta.o)
    0x08000260   0x08000260   0x00000024   Code   RO         4308    .text               mc_w.l(strstr.o)
    0x08000284   0x08000284   0x0000000e   Code   RO         4310    .text               mc_w.l(strlen.o)
    0x08000292   0x08000292   0x00000012   Code   RO         4312    .text               mc_w.l(strcpy.o)
    0x080002a4   0x080002a4   0x00000038   Code   RO         4577    .text               mc_w.l(__0sscanf.o)
    0x080002dc   0x080002dc   0x0000014c   Code   RO         4579    .text               mc_w.l(_scanf_int.o)
    0x08000428   0x08000428   0x000000e0   Code   RO         4581    .text               mc_w.l(_scanf_str.o)
    0x08000508   0x08000508   0x00000064   Code   RO         4583    .text               mf_w.l(fmul.o)
    0x0800056c   0x0800056c   0x0000014e   Code   RO         4585    .text               mf_w.l(dadd.o)
    0x080006ba   0x080006ba   0x000000e4   Code   RO         4587    .text               mf_w.l(dmul.o)
    0x0800079e   0x0800079e   0x000000de   Code   RO         4589    .text               mf_w.l(ddiv.o)
    0x0800087c   0x0800087c   0x0000000a   Code   RO         4591    .text               mf_w.l(ffltui.o)
    0x08000886   0x08000886   0x0000001a   Code   RO         4593    .text               mf_w.l(dfltui.o)
    0x080008a0   0x080008a0   0x00000028   Code   RO         4595    .text               mf_w.l(ffixui.o)
    0x080008c8   0x080008c8   0x00000038   Code   RO         4599    .text               mf_w.l(d2f.o)
    0x08000900   0x08000900   0x0000002c   Code   RO         4618    .text               mc_w.l(uidiv.o)
    0x0800092c   0x0800092c   0x00000062   Code   RO         4620    .text               mc_w.l(uldiv.o)
    0x0800098e   0x0800098e   0x0000001e   Code   RO         4622    .text               mc_w.l(llshl.o)
    0x080009ac   0x080009ac   0x00000020   Code   RO         4624    .text               mc_w.l(llushr.o)
    0x080009cc   0x080009cc   0x00000024   Code   RO         4626    .text               mc_w.l(llsshr.o)
    0x080009f0   0x080009f0   0x0000001c   Code   RO         4628    .text               mc_w.l(_chval.o)
    0x08000a0c   0x08000a0c   0x00000028   Code   RO         4630    .text               mc_w.l(scanf_char.o)
    0x08000a34   0x08000a34   0x00000040   Code   RO         4632    .text               mc_w.l(_sgetc.o)
    0x08000a74   0x08000a74   0x00000000   Code   RO         4634    .text               mc_w.l(iusefp.o)
    0x08000a74   0x08000a74   0x0000006e   Code   RO         4635    .text               mf_w.l(fepilogue.o)
    0x08000ae2   0x08000ae2   0x000000ba   Code   RO         4637    .text               mf_w.l(depilogue.o)
    0x08000b9c   0x08000b9c   0x00000030   Code   RO         4639    .text               mf_w.l(dfixul.o)
    0x08000bcc   0x08000bcc   0x00000030   Code   RO         4641    .text               mf_w.l(cdrcmple.o)
    0x08000bfc   0x08000bfc   0x00000024   Code   RO         4643    .text               mc_w.l(init.o)
    0x08000c20   0x08000c20   0x0000000a   Code   RO         4646    .text               mc_w.l(isspace_c.o)
    0x08000c2a   0x08000c2a   0x00000002   PAD
    0x08000c2c   0x08000c2c   0x0000032c   Code   RO         4648    .text               mc_w.l(_scanf.o)
    0x08000f58   0x08000f58   0x00000028   Code   RO         4651    .text               mc_w.l(ctype_c.o)
    0x08000f80   0x08000f80   0x00000002   Code   RO          283    i.BusFault_Handler  stm32f10x_it.o
    0x08000f82   0x08000f82   0x00000002   PAD
    0x08000f84   0x08000f84   0x0000002c   Code   RO         3200    i.DMA1_Channel4_IRQHandler  usart.o
    0x08000fb0   0x08000fb0   0x0000001c   Code   RO         3201    i.DMA1_Channel7_IRQHandler  usart.o
    0x08000fcc   0x08000fcc   0x00000018   Code   RO         1431    i.DMA_ClearFlag     stm32f10x_dma.o
    0x08000fe4   0x08000fe4   0x00000016   Code   RO         1433    i.DMA_Cmd           stm32f10x_dma.o
    0x08000ffa   0x08000ffa   0x00000002   PAD
    0x08000ffc   0x08000ffc   0x000000e4   Code   RO         1434    i.DMA_DeInit        stm32f10x_dma.o
    0x080010e0   0x080010e0   0x00000006   Code   RO         1435    i.DMA_GetCurrDataCounter  stm32f10x_dma.o
    0x080010e6   0x080010e6   0x00000002   PAD
    0x080010e8   0x080010e8   0x00000020   Code   RO         1436    i.DMA_GetFlagStatus  stm32f10x_dma.o
    0x08001108   0x08001108   0x00000010   Code   RO         1438    i.DMA_ITConfig      stm32f10x_dma.o
    0x08001118   0x08001118   0x0000003a   Code   RO         1439    i.DMA_Init          stm32f10x_dma.o
    0x08001152   0x08001152   0x00000004   Code   RO         1440    i.DMA_SetCurrDataCounter  stm32f10x_dma.o
    0x08001156   0x08001156   0x00000002   Code   RO          284    i.DebugMon_Handler  stm32f10x_it.o
    0x08001158   0x08001158   0x00000018   Code   RO         3646    i.EXTI15_10_IRQHandler  sx1276-lora.o
    0x08001170   0x08001170   0x00000018   Code   RO         3647    i.EXTI3_IRQHandler  sx1276-lora.o
    0x08001188   0x08001188   0x0000000c   Code   RO         1504    i.EXTI_ClearITPendingBit  stm32f10x_exti.o
    0x08001194   0x08001194   0x0000000c   Code   RO         1557    i.FLASH_ClearFlag   stm32f10x_flash.o
    0x080011a0   0x080011a0   0x0000003c   Code   RO         1562    i.FLASH_ErasePage   stm32f10x_flash.o
    0x080011dc   0x080011dc   0x00000028   Code   RO         1563    i.FLASH_GetBank1Status  stm32f10x_flash.o
    0x08001204   0x08001204   0x00000010   Code   RO         1572    i.FLASH_Lock        stm32f10x_flash.o
    0x08001214   0x08001214   0x00000034   Code   RO         1575    i.FLASH_ProgramHalfWord  stm32f10x_flash.o
    0x08001248   0x08001248   0x00000018   Code   RO         1580    i.FLASH_Unlock      stm32f10x_flash.o
    0x08001260   0x08001260   0x00000024   Code   RO         1584    i.FLASH_WaitForLastOperation  stm32f10x_flash.o
    0x08001284   0x08001284   0x0000001c   Code   RO         3513    i.Flash_ErasePage   flash.o
    0x080012a0   0x080012a0   0x00000002   Code   RO         3514    i.Flash_ReadHalfWord  flash.o
    0x080012a2   0x080012a2   0x00000034   Code   RO         3515    i.Flash_WriteHalfWord  flash.o
    0x080012d6   0x080012d6   0x00000002   PAD
    0x080012d8   0x080012d8   0x000000a2   Code   RO         1735    i.GPIO_Init         stm32f10x_gpio.o
    0x0800137a   0x0800137a   0x00000002   PAD
    0x0800137c   0x0800137c   0x00000058   Code   RO         1737    i.GPIO_PinRemapConfig  stm32f10x_gpio.o
    0x080013d4   0x080013d4   0x0000000e   Code   RO         1739    i.GPIO_ReadInputDataBit  stm32f10x_gpio.o
    0x080013e2   0x080013e2   0x00000004   Code   RO         1742    i.GPIO_ResetBits    stm32f10x_gpio.o
    0x080013e6   0x080013e6   0x00000004   Code   RO         1743    i.GPIO_SetBits      stm32f10x_gpio.o
    0x080013ea   0x080013ea   0x00000002   Code   RO          285    i.HardFault_Handler  stm32f10x_it.o
    0x080013ec   0x080013ec   0x0000004c   Code   RO            1    i.LED_D1_Task       app_tsks.o
    0x08001438   0x08001438   0x00000024   Code   RO            2    i.LED_D2_toggle     app_tsks.o
    0x0800145c   0x0800145c   0x00000040   Code   RO            3    i.LED_Init          app_tsks.o
    0x0800149c   0x0800149c   0x00000002   Code   RO          286    i.MemManage_Handler  stm32f10x_it.o
    0x0800149e   0x0800149e   0x00000002   Code   RO          287    i.NMI_Handler       stm32f10x_it.o
    0x080014a0   0x080014a0   0x00000064   Code   RO         1353    i.NVIC_Init         misc.o
    0x08001504   0x08001504   0x00000014   Code   RO         1354    i.NVIC_PriorityGroupConfig  misc.o
    0x08001518   0x08001518   0x00000018   Code   RO         2947    i.RCC_AHBPeriphClockCmd  stm32f10x_rcc.o
    0x08001530   0x08001530   0x00000018   Code   RO         2949    i.RCC_APB1PeriphClockCmd  stm32f10x_rcc.o
    0x08001548   0x08001548   0x00000018   Code   RO         2951    i.RCC_APB2PeriphClockCmd  stm32f10x_rcc.o
    0x08001560   0x08001560   0x000000c8   Code   RO         2959    i.RCC_GetClocksFreq  stm32f10x_rcc.o
    0x08001628   0x08001628   0x0000000e   Code   RO         2102    i.SPI_I2S_GetFlagStatus  stm32f10x_spi.o
    0x08001636   0x08001636   0x00000004   Code   RO         2105    i.SPI_I2S_ReceiveData  stm32f10x_spi.o
    0x0800163a   0x0800163a   0x00000004   Code   RO         2106    i.SPI_I2S_SendData  stm32f10x_spi.o
    0x0800163e   0x0800163e   0x00000002   PAD
    0x08001640   0x08001640   0x00000068   Code   RO         3432    i.SPI_RW_Byte       spi.o
    0x080016a8   0x080016a8   0x0000001c   Code   RO         3650    i.SX1276IrqDIO0     sx1276-lora.o
    0x080016c4   0x080016c4   0x0000000c   Code   RO         3547    i.SX1276ReadDio4    sx1276-hal.o
    0x080016d0   0x080016d0   0x0000000c   Code   RO         3550    i.SX1276Write       sx1276-hal.o
    0x080016dc   0x080016dc   0x00000048   Code   RO         3551    i.SX1276WriteBuffer  sx1276-hal.o
    0x08001724   0x08001724   0x0000002a   Code   RO         3666    i.SX276IrqCad       sx1276-lora.o
    0x0800174e   0x0800174e   0x00000002   PAD
    0x08001750   0x08001750   0x000000d0   Code   RO          346    i.SetSysClockTo72   system_stm32f10x.o
    0x08001820   0x08001820   0x0000005c   Code   RO          348    i.SystemInit        system_stm32f10x.o
    0x0800187c   0x0800187c   0x00000038   Code   RO         3345    i.TIM2_IRQHandler   timer.o
    0x080018b4   0x080018b4   0x00000020   Code   RO         3346    i.TIM2_delay_us     timer.o
    0x080018d4   0x080018d4   0x00000078   Code   RO         3347    i.TIM4_IRQHandler   timer.o
    0x0800194c   0x0800194c   0x00000014   Code   RO         2235    i.TIM_ARRPreloadConfig  stm32f10x_tim.o
    0x08001960   0x08001960   0x00000006   Code   RO         2241    i.TIM_ClearFlag     stm32f10x_tim.o
    0x08001966   0x08001966   0x00000006   Code   RO         2242    i.TIM_ClearITPendingBit  stm32f10x_tim.o
    0x0800196c   0x0800196c   0x00000014   Code   RO         2247    i.TIM_Cmd           stm32f10x_tim.o
    0x08001980   0x08001980   0x00000016   Code   RO         2249    i.TIM_CtrlPWMOutputs  stm32f10x_tim.o
    0x08001996   0x08001996   0x00000006   Code   RO         2265    i.TIM_GetCapture4   stm32f10x_tim.o
    0x0800199c   0x0800199c   0x00000018   Code   RO         2268    i.TIM_GetITStatus   stm32f10x_tim.o
    0x080019b4   0x080019b4   0x00000010   Code   RO         2272    i.TIM_ITConfig      stm32f10x_tim.o
    0x080019c4   0x080019c4   0x00000080   Code   RO         2276    i.TIM_OC1Init       stm32f10x_tim.o
    0x08001a44   0x08001a44   0x0000000c   Code   RO         2279    i.TIM_OC1PreloadConfig  stm32f10x_tim.o
    0x08001a50   0x08001a50   0x00000080   Code   RO         2281    i.TIM_OC2Init       stm32f10x_tim.o
    0x08001ad0   0x08001ad0   0x00000014   Code   RO         2284    i.TIM_OC2PreloadConfig  stm32f10x_tim.o
    0x08001ae4   0x08001ae4   0x0000007c   Code   RO         2286    i.TIM_OC3Init       stm32f10x_tim.o
    0x08001b60   0x08001b60   0x0000000c   Code   RO         2289    i.TIM_OC3PreloadConfig  stm32f10x_tim.o
    0x08001b6c   0x08001b6c   0x00000064   Code   RO         2291    i.TIM_OC4Init       stm32f10x_tim.o
    0x08001bd0   0x08001bd0   0x00000014   Code   RO         2293    i.TIM_OC4PreloadConfig  stm32f10x_tim.o
    0x08001be4   0x08001be4   0x00000004   Code   RO         2308    i.TIM_SetCompare1   stm32f10x_tim.o
    0x08001be8   0x08001be8   0x00000004   Code   RO         2309    i.TIM_SetCompare2   stm32f10x_tim.o
    0x08001bec   0x08001bec   0x00000004   Code   RO         2310    i.TIM_SetCompare3   stm32f10x_tim.o
    0x08001bf0   0x08001bf0   0x00000006   Code   RO         2311    i.TIM_SetCompare4   stm32f10x_tim.o
    0x08001bf6   0x08001bf6   0x00000002   PAD
    0x08001bf8   0x08001bf8   0x0000009c   Code   RO         2318    i.TIM_TimeBaseInit  stm32f10x_tim.o
    0x08001c94   0x08001c94   0x00000070   Code   RO         3348    i.Timer2_counter_Init  timer.o
    0x08001d04   0x08001d04   0x0000001c   Code   RO         3349    i.Timer3_pwm_Deinit  timer.o
    0x08001d20   0x08001d20   0x000000e8   Code   RO         3350    i.Timer3_pwm_Init   timer.o
    0x08001e08   0x08001e08   0x000000a4   Code   RO         3351    i.Timer3_pwm_off    timer.o
    0x08001eac   0x08001eac   0x00000064   Code   RO         3352    i.Timer3_pwm_on     timer.o
    0x08001f10   0x08001f10   0x00000090   Code   RO         3353    i.Timer3_setPulseWidth  timer.o
    0x08001fa0   0x08001fa0   0x000000d4   Code   RO         3202    i.USART1_DMA_Config  usart.o
    0x08002074   0x08002074   0x00000098   Code   RO         3203    i.USART1_IRQHandler  usart.o
    0x0800210c   0x0800210c   0x00000054   Code   RO         3205    i.USART2_IRQHandler  usart.o
    0x08002160   0x08002160   0x00000002   Code   RO         3206    i.USART3_IRQHandler  usart.o
    0x08002162   0x08002162   0x0000000c   Code   RO         2767    i.USART_ClearITPendingBit  stm32f10x_usart.o
    0x0800216e   0x0800216e   0x00000014   Code   RO         2770    i.USART_Cmd         stm32f10x_usart.o
    0x08002182   0x08002182   0x00000010   Code   RO         2771    i.USART_DMACmd      stm32f10x_usart.o
    0x08002192   0x08002192   0x0000000e   Code   RO         2773    i.USART_GetFlagStatus  stm32f10x_usart.o
    0x080021a0   0x080021a0   0x0000003e   Code   RO         2774    i.USART_GetITStatus  stm32f10x_usart.o
    0x080021de   0x080021de   0x00000030   Code   RO         2776    i.USART_ITConfig    stm32f10x_usart.o
    0x0800220e   0x0800220e   0x00000002   PAD
    0x08002210   0x08002210   0x000000ac   Code   RO         2777    i.USART_Init        stm32f10x_usart.o
    0x080022bc   0x080022bc   0x00000008   Code   RO         2784    i.USART_ReceiveData  stm32f10x_usart.o
    0x080022c4   0x080022c4   0x000000f4   Code   RO         3207    i.Uart1Init         usart.o
    0x080023b8   0x080023b8   0x00000060   Code   RO         3209    i.Uart1SendStr      usart.o
    0x08002418   0x08002418   0x00000064   Code   RO            4    i.Uart1_print_back_Task  app_tsks.o
    0x0800247c   0x0800247c   0x00000002   Code   RO          291    i.UsageFault_Handler  stm32f10x_it.o
    0x0800247e   0x0800247e   0x00000002   PAD
    0x08002480   0x08002480   0x00000030   Code   RO         4550    i.__0snprintf       mc_w.l(printfa.o)
    0x080024b0   0x080024b0   0x00000024   Code   RO         4555    i.__0vsprintf       mc_w.l(printfa.o)
    0x080024d4   0x080024d4   0x0000000e   Code   RO         4656    i.__scatterload_copy  mc_w.l(handlers.o)
    0x080024e2   0x080024e2   0x00000002   Code   RO         4657    i.__scatterload_null  mc_w.l(handlers.o)
    0x080024e4   0x080024e4   0x0000000e   Code   RO         4658    i.__scatterload_zeroinit  mc_w.l(handlers.o)
    0x080024f2   0x080024f2   0x00000002   PAD
    0x080024f4   0x080024f4   0x00000184   Code   RO         4556    i._fp_digits        mc_w.l(printfa.o)
    0x08002678   0x08002678   0x000006dc   Code   RO         4557    i._printf_core      mc_w.l(printfa.o)
    0x08002d54   0x08002d54   0x00000024   Code   RO         4558    i._printf_post_padding  mc_w.l(printfa.o)
    0x08002d78   0x08002d78   0x0000002e   Code   RO         4559    i._printf_pre_padding  mc_w.l(printfa.o)
    0x08002da6   0x08002da6   0x00000016   Code   RO         4560    i._snputc           mc_w.l(printfa.o)
    0x08002dbc   0x08002dbc   0x0000000a   Code   RO         4561    i._sputc            mc_w.l(printfa.o)
    0x08002dc6   0x08002dc6   0x00000002   PAD
    0x08002dc8   0x08002dc8   0x00000288   Code   RO            5    i.cmd_analysis_Task  app_tsks.o
    0x08003050   0x08003050   0x00000080   Code   RO            6    i.code_sending      app_tsks.o
    0x080030d0   0x080030d0   0x000001bc   Code   RO            8    i.irda_learning_Task  app_tsks.o
    0x0800328c   0x0800328c   0x00000080   Code   RO            9    i.irda_sending_Task  app_tsks.o
    0x0800330c   0x0800330c   0x000000d8   Code   RO          237    i.main              main.o
    0x080033e4   0x080033e4   0x00000070   Code   RO          807    i.prvAddCurrentTaskToDelayedList  tasks.o
    0x08003454   0x08003454   0x000000d0   Code   RO          808    i.prvAddNewTaskToReadyList  tasks.o
    0x08003524   0x08003524   0x00000040   Code   RO         1109    i.prvCheckForValidListAndQueue  timers.o
    0x08003564   0x08003564   0x00000026   Code   RO          519    i.prvCopyDataFromQueue  queue.o
    0x0800358a   0x0800358a   0x0000006c   Code   RO          520    i.prvCopyDataToQueue  queue.o
    0x080035f6   0x080035f6   0x00000014   Code   RO          809    i.prvDeleteTCB      tasks.o
    0x0800360a   0x0800360a   0x00000002   PAD
    0x0800360c   0x0800360c   0x0000004c   Code   RO         1304    i.prvHeapInit       heap_4.o
    0x08003658   0x08003658   0x00000060   Code   RO          810    i.prvIdleTask       tasks.o
    0x080036b8   0x080036b8   0x000000a0   Code   RO          811    i.prvInitialiseNewTask  tasks.o
    0x08003758   0x08003758   0x0000004c   Code   RO         1305    i.prvInsertBlockIntoFreeList  heap_4.o
    0x080037a4   0x080037a4   0x00000038   Code   RO         1110    i.prvInsertTimerInActiveList  timers.o
    0x080037dc   0x080037dc   0x0000001c   Code   RO          521    i.prvIsQueueEmpty   queue.o
    0x080037f8   0x080037f8   0x000000b8   Code   RO         1111    i.prvProcessReceivedCommands  timers.o
    0x080038b0   0x080038b0   0x000000b4   Code   RO         1112    i.prvProcessTimerOrBlockTask  timers.o
    0x08003964   0x08003964   0x00000020   Code   RO          812    i.prvResetNextTaskUnblockTime  tasks.o
    0x08003984   0x08003984   0x00000028   Code   RO         1113    i.prvSampleTimeNow  timers.o
    0x080039ac   0x080039ac   0x0000006c   Code   RO         1114    i.prvSwitchTimerLists  timers.o
    0x08003a18   0x08003a18   0x00000028   Code   RO         1228    i.prvTaskExitError  port.o
    0x08003a40   0x08003a40   0x00000024   Code   RO         1115    i.prvTimerTask      timers.o
    0x08003a64   0x08003a64   0x0000006a   Code   RO          522    i.prvUnlockQueue    queue.o
    0x08003ace   0x08003ace   0x00000002   PAD
    0x08003ad0   0x08003ad0   0x000000d8   Code   RO         1306    i.pvPortMalloc      heap_4.o
    0x08003ba8   0x08003ba8   0x00000018   Code   RO          814    i.pvTaskIncrementMutexHeldCount  tasks.o
    0x08003bc0   0x08003bc0   0x00000024   Code   RO         1229    i.pxPortInitialiseStack  port.o
    0x08003be4   0x08003be4   0x000000f0   Code   RO           10    i.steeringCtl_Task  app_tsks.o
    0x08003cd4   0x08003cd4   0x00000064   Code   RO         3217    i.uart1_printf      usart.o
    0x08003d38   0x08003d38   0x00000068   Code   RO          815    i.ulTaskNotifyTake  tasks.o
    0x08003da0   0x08003da0   0x00000026   Code   RO          480    i.uxListRemove      list.o
    0x08003dc6   0x08003dc6   0x00000016   Code   RO          481    i.vListInitialise   list.o
    0x08003ddc   0x08003ddc   0x00000006   Code   RO          482    i.vListInitialiseItem  list.o
    0x08003de2   0x08003de2   0x00000030   Code   RO          483    i.vListInsert       list.o
    0x08003e12   0x08003e12   0x00000018   Code   RO          484    i.vListInsertEnd    list.o
    0x08003e2a   0x08003e2a   0x00000002   PAD
    0x08003e2c   0x08003e2c   0x00000040   Code   RO         1231    i.vPortEnterCritical  port.o
    0x08003e6c   0x08003e6c   0x00000028   Code   RO         1232    i.vPortExitCritical  port.o
    0x08003e94   0x08003e94   0x0000005c   Code   RO         1307    i.vPortFree         heap_4.o
    0x08003ef0   0x08003ef0   0x00000018   Code   RO         1233    i.vPortSetupTimerInterrupt  port.o
    0x08003f08   0x08003f08   0x00000054   Code   RO         1234    i.vPortValidateInterruptPriority  port.o
    0x08003f5c   0x08003f5c   0x00000044   Code   RO          527    i.vQueueWaitForMessageRestricted  queue.o
    0x08003fa0   0x08003fa0   0x0000004c   Code   RO          820    i.vTaskDelay        tasks.o
    0x08003fec   0x08003fec   0x000000ac   Code   RO          822    i.vTaskDelete       tasks.o
    0x08004098   0x08004098   0x00000010   Code   RO          824    i.vTaskInternalSetTimeOutState  tasks.o
    0x080040a8   0x080040a8   0x0000000c   Code   RO          825    i.vTaskMissedYield  tasks.o
    0x080040b4   0x080040b4   0x000000b4   Code   RO          826    i.vTaskNotifyGiveFromISR  tasks.o
    0x08004168   0x08004168   0x00000030   Code   RO          827    i.vTaskPlaceOnEventList  tasks.o
    0x08004198   0x08004198   0x00000038   Code   RO          828    i.vTaskPlaceOnEventListRestricted  tasks.o
    0x080041d0   0x080041d0   0x000000a8   Code   RO          830    i.vTaskPriorityDisinheritAfterTimeout  tasks.o
    0x08004278   0x08004278   0x00000070   Code   RO          835    i.vTaskStartScheduler  tasks.o
    0x080042e8   0x080042e8   0x00000010   Code   RO          837    i.vTaskSuspendAll   tasks.o
    0x080042f8   0x080042f8   0x0000005c   Code   RO          838    i.vTaskSwitchContext  tasks.o
    0x08004354   0x08004354   0x00000090   Code   RO         1235    i.xPortStartScheduler  port.o
    0x080043e4   0x080043e4   0x0000002c   Code   RO         1236    i.xPortSysTickHandler  port.o
    0x08004410   0x08004410   0x00000048   Code   RO          530    i.xQueueGenericCreate  queue.o
    0x08004458   0x08004458   0x00000088   Code   RO          531    i.xQueueGenericReset  queue.o
    0x080044e0   0x080044e0   0x00000160   Code   RO          532    i.xQueueGenericSend  queue.o
    0x08004640   0x08004640   0x000000bc   Code   RO          533    i.xQueueGenericSendFromISR  queue.o
    0x080046fc   0x080046fc   0x0000009c   Code   RO          534    i.xQueueGiveFromISR  queue.o
    0x08004798   0x08004798   0x00000138   Code   RO          539    i.xQueueReceive     queue.o
    0x080048d0   0x080048d0   0x00000178   Code   RO          541    i.xQueueSemaphoreTake  queue.o
    0x08004a48   0x08004a48   0x00000074   Code   RO          839    i.xTaskCheckForTimeOut  tasks.o
    0x08004abc   0x08004abc   0x00000056   Code   RO          840    i.xTaskCreate       tasks.o
    0x08004b12   0x08004b12   0x00000002   PAD
    0x08004b14   0x08004b14   0x000000e0   Code   RO          841    i.xTaskGenericNotify  tasks.o
    0x08004bf4   0x08004bf4   0x0000000c   Code   RO          843    i.xTaskGetCurrentTaskHandle  tasks.o
    0x08004c00   0x08004c00   0x0000001c   Code   RO          844    i.xTaskGetSchedulerState  tasks.o
    0x08004c1c   0x08004c1c   0x0000000c   Code   RO          845    i.xTaskGetTickCount  tasks.o
    0x08004c28   0x08004c28   0x000000c8   Code   RO          847    i.xTaskIncrementTick  tasks.o
    0x08004cf0   0x08004cf0   0x00000098   Code   RO          850    i.xTaskPriorityDisinherit  tasks.o
    0x08004d88   0x08004d88   0x00000094   Code   RO          851    i.xTaskPriorityInherit  tasks.o
    0x08004e1c   0x08004e1c   0x00000074   Code   RO          852    i.xTaskRemoveFromEventList  tasks.o
    0x08004e90   0x08004e90   0x000000c4   Code   RO          853    i.xTaskResumeAll    tasks.o
    0x08004f54   0x08004f54   0x0000004e   Code   RO         1118    i.xTimerCreate      timers.o
    0x08004fa2   0x08004fa2   0x00000002   PAD
    0x08004fa4   0x08004fa4   0x00000048   Code   RO         1119    i.xTimerCreateTimerTask  timers.o
    0x08004fec   0x08004fec   0x00000060   Code   RO         1120    i.xTimerGenericCommand  timers.o
    0x0800504c   0x0800504c   0x00000040   Data   RO         4652    .constdata          mc_w.l(ctype_c.o)
    0x0800508c   0x0800508c   0x00000020   Data   RO         4654    Region$$Table       anon$$obj.o


    Execution Region RW_IRAM1 (Exec base: 0x20000000, Load base: 0x080050ac, Size: 0x00004220, Max: 0x00010000, ABSOLUTE)

    Exec Addr    Load Addr    Size         Type   Attr      Idx    E Section Name        Object

    0x20000000   0x080050ac   0x00000004   Data   RW           13    .data               app_tsks.o
    0x20000004   0x080050b0   0x00000004   Data   RW           14    .data               app_tsks.o
    0x20000008   0x080050b4   0x00000010   Data   RW           15    .data               app_tsks.o
    0x20000018   0x080050c4   0x0000003c   Data   RW          856    .data               tasks.o
    0x20000054   0x08005100   0x00000014   Data   RW         1126    .data               timers.o
    0x20000068   0x08005114   0x0000000c   Data   RW         1237    .data               port.o
    0x20000074   0x08005120   0x00000018   Data   RW         1312    .data               heap_4.o
    0x2000008c   0x08005138   0x00000014   Data   RW         2987    .data               stm32f10x_rcc.o
    0x200000a0   0x0800514c   0x00000014   Data   RW         3220    .data               usart.o
    0x200000b4   0x08005160   0x0000000c   Data   RW         3356    .data               timer.o
    0x200000c0   0x0800516c   0x00000050   Data   RW         3669    .data               sx1276-lora.o
    0x20000110        -       0x00000090   Zero   RW           11    .bss                app_tsks.o
    0x200001a0        -       0x000000c8   Zero   RW          855    .bss                tasks.o
    0x20000268        -       0x00000028   Zero   RW         1125    .bss                timers.o
    0x20000290        -       0x00003c00   Zero   RW         1311    .bss                heap_4.o
    0x20003e90        -       0x00000190   Zero   RW         3218    .bss                usart.o
    0x20004020        -       0x00000200   Zero   RW          375    STACK               startup_stm32f10x_cl.o


==============================================================================

Image component sizes


      Code (inc. data)   RO Data    RW Data    ZI Data      Debug   Object Name

      1864        720          0         24        144     320937   app_tsks.o
         0          0          0          0          0         32   core_cm3.o
         0          0          0          0          0       9388   event_groups.o
        82          0          0          0          0       1697   flash.o
       460         24          0         24      15360       4223   heap_4.o
       138          0          0          0          0       2974   list.o
       216         82          0          0          0        519   main.o
       120         16          0          0          0       1483   misc.o
       626         70          0         12          0      10301   port.o
      1940         18          0          0          0      16881   queue.o
       104          8          0          0          0        650   spi.o
        28          4        336          0        512        780   startup_stm32f10x_cl.o
       390         26          0          0          0       6383   stm32f10x_dma.o
        12          6          0          0          0        517   stm32f10x_exti.o
       240         36          0          0          0       5729   stm32f10x_flash.o
       272          6          0          0          0       4314   stm32f10x_gpio.o
        12          0          0          0          0       2529   stm32f10x_it.o
       272         40          0         20          0       5898   stm32f10x_rcc.o
        22          0          0          0          0       2689   stm32f10x_spi.o
       838         90          0          0          0      13731   stm32f10x_tim.o
       352          6          0          0          0       6821   stm32f10x_usart.o
        96          8          0          0          0       2346   sx1276-hal.o
       118         12          0         80          0      19014   sx1276-lora.o
       300         34          0          0          0       1533   system_stm32f10x.o
      2994        236          0         60        200      29012   tasks.o
       988         84          0         12          0       6391   timer.o
       914         72          0         20         40      20102   timers.o
       962         92          0         20        400       6695   usart.o

    ----------------------------------------------------------------------
     14392       1690        368        272      16656     503569   Object Totals
         0          0         32          0          0          0   (incl. Generated)
        32          0          0          0          0          0   (incl. Padding)

    ----------------------------------------------------------------------

      Code (inc. data)   RO Data    RW Data    ZI Data      Debug   Library Member Name

        56          8          0          0          0         84   __0sscanf.o
        28          0          0          0          0         68   _chval.o
       812          4          0          0          0        112   _scanf.o
       332          0          0          0          0         96   _scanf_int.o
       224          0          0          0          0         96   _scanf_str.o
        64          0          0          0          0         84   _sgetc.o
        40          6         64          0          0         68   ctype_c.o
         0          0          0          0          0          0   entry.o
         0          0          0          0          0          0   entry10a.o
         0          0          0          0          0          0   entry11a.o
         8          4          0          0          0          0   entry2.o
         4          0          0          0          0          0   entry5.o
         0          0          0          0          0          0   entry7b.o
         0          0          0          0          0          0   entry8b.o
         8          4          0          0          0          0   entry9a.o
        30          0          0          0          0          0   handlers.o
        36          8          0          0          0         68   init.o
        10          0          0          0          0         68   isspace_c.o
         0          0          0          0          0          0   iusefp.o
        30          0          0          0          0         68   llshl.o
        36          0          0          0          0         68   llsshr.o
        32          0          0          0          0         68   llushr.o
        36          0          0          0          0         68   memcpya.o
        36          0          0          0          0        108   memseta.o
      2342         90          0          0          0        668   printfa.o
        40          8          0          0          0         84   scanf_char.o
        18          0          0          0          0         68   strcpy.o
        14          0          0          0          0         68   strlen.o
        36          0          0          0          0         80   strstr.o
        44          0          0          0          0         80   uidiv.o
        98          0          0          0          0         92   uldiv.o
        48          0          0          0          0         68   cdrcmple.o
        56          0          0          0          0         88   d2f.o
       334          0          0          0          0        148   dadd.o
       222          0          0          0          0        100   ddiv.o
       186          0          0          0          0        176   depilogue.o
        48          0          0          0          0         68   dfixul.o
        26          0          0          0          0         76   dfltui.o
       228          0          0          0          0         96   dmul.o
       110          0          0          0          0        168   fepilogue.o
        40          0          0          0          0         68   ffixui.o
        10          0          0          0          0         68   ffltui.o
       100          0          0          0          0         76   fmul.o

    ----------------------------------------------------------------------
      5828        132         64          0          0       3464   Library Totals
         6          0          0          0          0          0   (incl. Padding)

    ----------------------------------------------------------------------

      Code (inc. data)   RO Data    RW Data    ZI Data      Debug   Library Name

      4414        132         64          0          0       2264   mc_w.l
      1408          0          0          0          0       1200   mf_w.l

    ----------------------------------------------------------------------
      5828        132         64          0          0       3464   Library Totals

    ----------------------------------------------------------------------

==============================================================================


      Code (inc. data)   RO Data    RW Data    ZI Data      Debug   

     20220       1822        432        272      16656     496213   Grand Totals
     20220       1822        432        272      16656     496213   ELF Image Totals
     20220       1822        432        272          0          0   ROM Totals

==============================================================================

    Total RO  Size (Code + RO Data)                20652 (  20.17kB)
    Total RW  Size (RW Data + ZI Data)             16928 (  16.53kB)
    Total ROM Size (Code + RO Data + RW Data)      20924 (  20.43kB)

==============================================================================

